Archive member included because of file (symbol)

C:\nburn/lib/MOD5441X.a(bsp.o)
                              c:/nburn/gcc-m68k/bin/../lib/gcc/m68k-elf/4.2.1/../../../../m68k-elf/lib/m5206e\nb-crt0.o (atexit)
C:\nburn/lib/MOD5441X.a(serial.o)
                              NB_Test4.o (SerialClose)
C:\nburn/lib/MOD5441X.a(pins.o)
                              NB_Test4.o (PinIO::set(unsigned char))
C:\nburn/lib/MOD5441X.a(HiResTimer.o)
                              NB_Test4.o (HiResTimer::getHiResTimer(int))
C:\nburn/lib/MOD5441X.a(dspi.o)
                              NB_Test4.o (DSPIdone(unsigned char))
C:\nburn/lib/MOD5441X.a(localio.o)
                              C:\nburn/lib/MOD5441X.a(serial.o) (GetUartRecord)
C:\nburn/lib/NetBurner.a(ucosmcfa.o)
                              C:\nburn/lib/MOD5441X.a(bsp.o) (OSCtxSw)
C:\nburn/lib/NetBurner.a(software_init.o)
                              c:/nburn/gcc-m68k/bin/../lib/gcc/m68k-elf/4.2.1/../../../../m68k-elf/lib/m5206e\nb-crt0.o (software_init_hook)
C:\nburn/lib/NetBurner.a(ucosmcfc.o)
                              NB_Test4.o (OSTaskCreate)
C:\nburn/lib/NetBurner.a(ucos.o)
                              C:\nburn/lib/NetBurner.a(ucosmcfc.o) (OSSched)
C:\nburn/lib/NetBurner.a(ucosmain.o)
                              C:\nburn/lib/MOD5441X.a(bsp.o) (critical_count)
C:\nburn/lib/NetBurner.a(fileio.o)
                              C:\nburn/lib/MOD5441X.a(serial.o) (ReplaceStdio)
C:\nburn/lib/NetBurner.a(system.o)
                              C:\nburn/lib/MOD5441X.a(serial.o) (rnd_cnt)
C:\nburn/lib/NetBurner.a(main.o)
                              c:/nburn/gcc-m68k/bin/../lib/gcc/m68k-elf/4.2.1/../../../../m68k-elf/lib/m5206e\nb-crt0.o (main)
C:\nburn/lib/NetBurner.a(utils.o)
                              C:\nburn/lib/NetBurner.a(system.o) (AsciiToIp)
C:\nburn/lib/NetBurner.a(ip.o)
                              NB_Test4.o (InitializeStack(unsigned long, unsigned long, unsigned long, unsigned long))
C:\nburn/lib/NetBurner.a(buffers.o)
                              C:\nburn/lib/NetBurner.a(ip.o) (FreeBuffer)
C:\nburn/lib/NetBurner.a(arp.o)
                              C:\nburn/lib/NetBurner.a(ip.o) (wArpLifetime)
C:\nburn/lib/NetBurner.a(udp.o)
                              C:\nburn/lib/NetBurner.a(ip.o) (process_udp(pool_buffer*, IPPKT*, unsigned short))
C:\nburn/lib/NetBurner.a(tcp.o)
                              C:\nburn/lib/NetBurner.a(ip.o) (DumpTcpPacket(IPPKT*))
C:\nburn/lib/NetBurner.a(extraio.o)
                              C:\nburn/lib/MOD5441X.a(serial.o) (GetExtraFD)
C:\nburn/lib/NetBurner.a(iosys.o)
                              C:\nburn/lib/MOD5441X.a(serial.o) (FD_ZERO)
C:\nburn/lib/NetBurner.a(autoip.o)
                              C:\nburn/lib/NetBurner.a(arp.o) (AutoIPClient::addressCollision())
C:\nburn/lib/NetBurner.a(defappname.o)
                              C:\nburn/lib/NetBurner.a(udp.o) (AppName)
C:\nburn/lib/NetBurner.a(netinterface.o)
                              C:\nburn/lib/NetBurner.a(ip.o) (GetFirstInterface())
C:\nburn/lib/NetBurner.a(taskmon.o)
                              NB_Test4.o (EnableTaskMonitor())
C:\nburn/lib/NetBurner.a(smarttrap.o)
                              NB_Test4.o (EnableSmartTraps())
C:\nburn/lib/NetBurner.a(autoupdate.o)
                              NB_Test4.o (EnableAutoUpdate)
C:\nburn/lib/NetBurner.a(device.o)
                              C:\nburn/lib/NetBurner.a(main.o) (DeviceInitializeSem)
C:\nburn/lib/NetBurner.a(new_ops.o)
                              C:\nburn/lib/NetBurner.a(autoip.o) (operator new(unsigned long))
C:\nburn/lib/MOD5441X.a(flash.o)
                              C:\nburn/lib/NetBurner.a(system.o) (FlashErase)
C:\nburn/lib/MOD5441X.a(ethernet.o)
                              C:\nburn/lib/NetBurner.a(netinterface.o) (AddEthernetInterface())
C:\nburn/lib/MOD5441X.a(etherprint.o)
                              C:\nburn/lib/MOD5441X.a(ethernet.o) (EtherLink())
C:\nburn/lib/MOD5441X.a(emulticast.o)
                              C:\nburn/lib/MOD5441X.a(ethernet.o) (EthEnableMulticast(MACADR))
C:\nburn/lib/NetBurner.a(netrx.o)
                              C:\nburn/lib/MOD5441X.a(ethernet.o) (NetDoRX(pool_buffer*, unsigned short, int))
c:/nburn/gcc-m68k/bin/../lib/gcc/m68k-elf/4.2.1/m5206e\libgcc.a(_double.o)
                              C:\nburn/lib/MOD5441X.a(HiResTimer.o) (__adddf3)
c:/nburn/gcc-m68k/bin/../lib/gcc/m68k-elf/4.2.1/m5206e\libgcc.a(_floatex.o)
                              c:/nburn/gcc-m68k/bin/../lib/gcc/m68k-elf/4.2.1/m5206e\libgcc.a(_double.o) (_fpCCR)
c:/nburn/gcc-m68k/bin/../lib/gcc/m68k-elf/4.2.1/m5206e\libgcc.a(_eqdf2.o)
                              C:\nburn/lib/MOD5441X.a(HiResTimer.o) (__eqdf2)
c:/nburn/gcc-m68k/bin/../lib/gcc/m68k-elf/4.2.1/m5206e\libgcc.a(_nedf2.o)
                              C:\nburn/lib/MOD5441X.a(HiResTimer.o) (__nedf2)
c:/nburn/gcc-m68k/bin/../lib/gcc/m68k-elf/4.2.1/m5206e\libgcc.a(_fixunsdfsi.o)
[...]
Memory Configuration

Name             Origin             Length             Attributes
ram              0x40000400         0x03fffcff         xrw
SRAM             0x80000000         0x0000fff0         xrw
*default*        0x00000000         0xffffffff

Linker script and memory map

LOAD c:/nburn/gcc-m68k/bin/../lib/gcc/m68k-elf/4.2.1/../../../../m68k-elf/lib/m5206e\nb-crt0.o
LOAD c:/nburn/gcc-m68k/bin/../lib/gcc/m68k-elf/4.2.1/m5206e/crtbegin.o
LOAD QUADIMU_NB2_initPINS.o
LOAD NB_Test4.o
LOAD C:\nburn/MOD5441X/lib/sys.ld
                0x40000000                vector_base = 0x40000000
                0x80010000                SRAM_END_ADDR = 0x80010000
                0xc0000000                gConfigRec = 0xc0000000
                0xc0020000                UserParamBase = 0xc0020000
                0xc0040000                FlashAppBase = 0xc0040000
                0xec008000                sim1 = 0xec008000
                0xfc004000                sim2 = 0xfc004000
                0xfc0d4008                DBETHER_EMIR_REG = 0xfc0d4008
START GROUP
LOAD C:\nburn/lib/MOD5441X.a
LOAD C:\nburn/lib/NetBurner.a
LOAD C:\nburn/lib/FatFile.a
LOAD C:\nburn\lib\debugLibrary.a
LOAD C:\nburn\lib\Lua_Full.a
END GROUP
LOAD c:/nburn/gcc-m68k/bin/../lib/gcc/m68k-elf/4.2.1/../../../../m68k-elf/lib/m5206e\libstdc++.a
LOAD c:/nburn/gcc-m68k/bin/../lib/gcc/m68k-elf/4.2.1/../../../../m68k-elf/lib/m5206e\libm.a
LOAD c:/nburn/gcc-m68k/bin/../lib/gcc/m68k-elf/4.2.1/m5206e\libgcc.a
LOAD c:/nburn/gcc-m68k/bin/../lib/gcc/m68k-elf/4.2.1/../../../../m68k-elf/lib/m5206e\libc.a
LOAD c:/nburn/gcc-m68k/bin/../lib/gcc/m68k-elf/4.2.1/m5206e\libgcc.a
LOAD c:/nburn/gcc-m68k/bin/../lib/gcc/m68k-elf/4.2.1/m5206e/crtend.o
START GROUP
LOAD c:/nburn/gcc-m68k/bin/../lib/gcc/m68k-elf/4.2.1/../../../../m68k-elf/lib/m5206e\libc.a
LOAD c:/nburn/gcc-m68k/bin/../lib/gcc/m68k-elf/4.2.1/m5206e\libgcc.a
LOAD c:/nburn/gcc-m68k/bin/../lib/gcc/m68k-elf/4.2.1/../../../../m68k-elf/lib/m5206e\libm.a
END GROUP
                0x00000000                __DYNAMIC = 0x0
                0x44000000                PROVIDE (__stack, 0x44000000)
                0x00000000                PROVIDE (hardware_init_hook, 0x0)
                0x00000000                PROVIDE (_hardware_init_hook, 0x0)
                0x00000000                PROVIDE (software_init_hook, 0x0)
                0x00000000                PROVIDE (_software_init_hook, 0x0)

.SRAM_SECT      0x80000000     0x8d20
                0x80000000                SRAM_START = .
 *(SYS_VAR_SECT)
 SYS_VAR_SECT   0x80000000      0x388 C:\nburn/lib/MOD5441X.a(dspi.o)
                0x80000004                fakeRXData
                0x80000008                driverCxt
                0x80000000                fakeTXData
 SYS_VAR_SECT   0x80000388      0x238 C:\nburn/lib/NetBurner.a(ucos.o)
                0x800004b4                TimeTick
                0x800004a4                OSLockNesting
                0x800004ae                OSRunning
                0x80000490                OSTCBList
                0x800004b8                OSMapTbl
                0x800004b0                Secs
                0x8000049c                OSTCBFreeList
                0x800004ac                OSISRLevel
                0x80000498                OSTCBHighRdy
                0x800004a8                OSRdyGrp
                0x800004c0                OSUnMapTbl
                0x80000488                OSRdyTbl
                0x800004a0                OSIntNesting
                0x80000494                OSTCBCur
                0x80000388                OSTCBPrioTbl
 SYS_VAR_SECT   0x800005c0      0x1a8 C:\nburn/lib/NetBurner.a(ucosmain.o)
                0x800005d4                critical_count
                0x800005d8                OSTCBTbl
 SYS_VAR_SECT   0x80000768       0x1c C:\nburn/lib/NetBurner.a(fileio.o)
                0x80000780                pExtraFdFunc
 SYS_VAR_SECT   0x80000784       0x20 C:\nburn/lib/NetBurner.a(iosys.o)
                0x80000784                read_file_sets
                0x80000794                error_file_sets
                0x8000078c                write_file_sets
                0x800007a4                SYS_VAR_SECT_END = .
                0x800007b0                . = ALIGN (0x10)
 *fill*         0x800007a4        0xc 00
 *(IDLE_STK_SECT)
                0x800007b0                IDLE_STK_SECT_END = .
                0x800007b0                . = ALIGN (0x10)
 *(MAIN_STK_SECT)
 MAIN_STK_SECT  0x800007b0     0x2000 C:\nburn/lib/NetBurner.a(main.o)
                0x800007b0                MainStk
                0x800027b0                MAIN_STK_SECT_END = .
                0x800027b0                . = ALIGN (0x4)
 *(ETHER_VAR_SECT)
 ETHER_VAR_SECT
                0x800027b0      0x110 C:\nburn/lib/MOD5441X.a(ethernet.o)
                0x80002886                TxcPosts
                0x8000288a                TxcSems
                0x800027b0                EthernetMac
                0x8000287e                LastIsrStatus
                0x800027e0                RxBD
                0x80002870                TxBDFlag
                0x8000288e                RxIsr
                0x8000289c                PHY_addr
                0x80002882                RxPosts
                0x8000289e                PHY_ID
                0x80002896                bEthLink
                0x80002864                RxBDFlag
                0x8000287a                last_rxbd
                0x80002830                RxBDpp
                0x80002898                phy_data_pd
                0x800027b6                nTx
                0x80002892                TxIsr
                0x80002858                TxBDpp
                0x800027c0                TxBD
                0x800028c0                ETHER_VAR_SECT_END = .
                0x800028c0                . = ALIGN (0x10)
 *(ETHER_STK_SECT)
 ETHER_STK_SECT
                0x800028c0     0x2000 C:\nburn/lib/MOD5441X.a(ethernet.o)
                0x800028c0                EtherSendStk
                0x800048c0                ETHER_STK_SECT_END = .
                0x800048c0                . = ALIGN (0x4)
 *(IP_VAR_SECT)
 IP_VAR_SECT    0x800048c0      0x2fa C:\nburn/lib/NetBurner.a(ip.o)
                0x800048c2                bTTL_Default
                0x80004bb2                next_arp_time
                0x800048c4                ipRxFifo
                0x800048f6                multi_home_if_record
                0x800048d6                IcmpFifo
                0x800048f2                nAdditional_Homes
                0x800048c0                wGlobalPktId
                0x800048e6                pPromisciousPacketFunc
                0x800048ee                pFragFunc
                0x800048ea                pMultiCastFunc
                0x80004bb6                delay
                0x800048e2                pAutoIPTick
                0x800048de                pMultiTick
                0x800048da                pDHCPTick
                0x8000491e                multi_if_block
 IP_VAR_SECT    0x80004bba       0x74 C:\nburn/lib/NetBurner.a(udp.o)
                0x80004c2a                UdpNetbiosNameServicePtr
                0x80004bba                udp_fifos
                0x80004c22                pDHCPProcessFunction
                0x80004c26                pTaskPacketFunc
                0x80004c1e                UDP_fifos_used
                0x80004c2e                IP_VAR_SECT_END = .
                0x80004c30                . = ALIGN (0x10)
 *fill*         0x80004c2e        0x2 00
 *(IP_STK_SECT)
 IP_STK_SECT    0x80004c30     0x2000 C:\nburn/lib/NetBurner.a(ip.o)
                0x80004c30                IPStk
                0x80006c30                IP_STK_SECT_END = .
                0x80006c30                . = ALIGN (0x4)
 *(TCP_VAR_SECT)
 TCP_VAR_SECT   0x80006c30       0x1e C:\nburn/lib/NetBurner.a(tcp.o)
                0x80006c40                TCP_TimerSemaphore
                0x80006c30                TCP_critical_section
                0x80006c4e                TCP_VAR_SECT_END = .
                0x80006c50                . = ALIGN (0x10)
 *fill*         0x80006c4e        0x2 00
 *(TCP_STK_SECT)
 TCP_STK_SECT   0x80006c50     0x2000 C:\nburn/lib/NetBurner.a(tcp.o)
                0x80006c50                TCPStk
                0x80008c50                TCP_STK_SECT_END = .
                0x80008c50                . = ALIGN (0x10)
 *(HTTP_STK_SECT)
                0x80008c50                HTTP_STK_SECT_END = .
                0x80008c50                . = ALIGN (0x10)
 *(FTP_STK_SECT)
                0x80008c50                FTP_STK_SECT_END = .
                0x80008c50                . = ALIGN (0x10)
 *(WIFI_STK_SECT)
                0x80008c50                WIFI_STK_SECT_END = .
                0x80008c50                . = ALIGN (0x10)
 *(PPP_STK_SECT)
                0x80008c50                PPP_STK_SECT_END = .
                0x80008c50                . = ALIGN (0x10)
 *(COMMAND_STK_SECT)
                0x80008c50                COMMAND_STK_SECT_END = .
                0x80008c50                . = ALIGN (0x4)
 *(USER_VAR_SECT)
 USER_VAR_SECT  0x80008c50       0xac C:\nburn/lib/MOD5441X.a(HiResTimer.o)
                0x80008cf8                HiResTimer::timerCreated
                0x80008c50                HiResTimer::timers
                0x80008cfc                USER_VAR_SECT_END = .
                0x80008d00                . = ALIGN (0x10)
 *fill*         0x80008cfc        0x4 00
 *(USER_STK_SECT)
                0x80008d00                USER_STK_SECT_END = .
                0x80008d00                BUFFERS_SECT_START = .
                0x80008d00                . = ALIGN (0x10)
 *(BUFFERS_VAR_SECT)
 BUFFERS_VAR_SECT
                0x80008d00       0x1c C:\nburn/lib/NetBurner.a(buffers.o)
                0x80008d00                FAST_BUFFER_POOL_SIZE
                0x80008d0e                free_fast_list
                0x80008d18                free_list_is_initialized
                0x80008d04                free_list
                0x80008d20                . = ALIGN (0x10)
 *fill*         0x80008d1c        0x4 00
                0x80008d20                BUFFERS_VAR_SECT_END = .
                0x80008d20                . = ALIGN (0x10)
                0x80008d20                SRAM_END = .

.text           0x40000400    0x290d0
 *(.text)
 .text          0x40000400       0xaa c:/nburn/gcc-m68k/bin/../lib/gcc/m68k-elf/4.2.1/../../../../m68k-elf/lib/m5206e\nb-crt0.o
                0x40000400                start
 *fill*         0x400004aa        0x2 00
 .text          0x400004ac       0x9c c:/nburn/gcc-m68k/bin/../lib/gcc/m68k-elf/4.2.1/m5206e/crtbegin.o
 .text          0x40000548      0x1a8 QUADIMU_NB2_initPINS.o
                0x40000548                initPINS
 .text          0x400006f0     0x11c0 NB_Test4.o
                0x400007c4                UserMain
                0x40001818                FiftyHzTask()
                0x40001360                ESCstatus(void*)
                0x400014b8                NAVcompData(void*)
                0x400006f0                Send_Data(void*)
                0x40000758                initDSPI()
 .text          0x400018b0      0x328 C:\nburn/lib/MOD5441X.a(bsp.o)
                0x40001a48                _sbrk_r
                0x40001af4                HardwareSetup
                0x40001998                DisableCache
                0x40001aa0                spaceleft
                0x400018b4                Tick5441X
                0x40001ad8                ForceReboot
                0x400018b0                xTick
                0x40001a94                atexit
                0x40001a10                EnableCache
                0x400018d0                SetIntc
 .text          0x40001bd8     0x1d1e C:\nburn/lib/MOD5441X.a(serial.o)
                0x40001c04                WakeTx(int)
                0x40001bd8                FdSerialMap(int)
                0x40002ae4                SerialClose
                0x400021f4                fake_SER_7_ISR()
                0x400037f8                real_SER_5_ISR
                0x40002a70                SendBreak
                0x400032a8                OpenSerial
                0x40002628                GetUartErrorReg
                0x40001f68                fake_SER_0_ISR()
                0x4000224c                SER_8_ISR
                0x40002010                real_SER_1_ISR
                0x40003838                real_SER_4_ISR
                0x400027f0                fShowSerialData(__sFILE*)
                0x40003738                real_SER_8_ISR
                0x4000214c                fake_SER_5_ISR()
                0x400021a4                SER_6_ISR
                0x40002050                fake_SER_2_ISR()
                0x400022f0                SerialEnableTxFlow
                0x40002338                SerialEnableRxFlow
                0x40003778                real_SER_7_ISR
                0x40001c98                DoSerIsr(int)
                0x40002524                Serial485HalfDupMode
                0x40003878                real_SER_3_ISR
                0x400022a0                SER_9_ISR
                0x400020a8                SER_3_ISR
                0x4000229c                fake_SER_9_ISR()
                0x40002150                SER_5_ISR
                0x400036bc                real_SER_0_ISR
                0x40002474                SerialEnableHwRxFlow
                0x40002dc4                serread
                0x400030e4                BasePutChar(int, unsigned char)
                0x40002de0                BaseGetChar(int)
                0x400038b8                real_SER_2_ISR
                0x400020fc                SER_4_ISR
                0x40001fc0                SER_1_ISR
                0x40002bd8                serreadwto
                0x40003208                InitializeMaps()
                0x40001f6c                SER_0_ISR
                0x40002fe8                serwriteaddress
                0x400021f8                SER_7_ISR
                0x400036f8                real_SER_9_ISR
                0x40002ea0                serwrite
                0x400027a0                SerialExpandRxBuffer(int, int)
                0x40002bb4                serexternalclose
                0x400021a0                fake_SER_6_ISR()
                0x40002054                SER_2_ISR
                0x400020f8                fake_SER_4_ISR()
                0x40002248                fake_SER_8_ISR()
                0x40001fbc                fake_SER_1_ISR()
                0x400020a4                fake_SER_3_ISR()
                0x400037b8                real_SER_6_ISR
                0x40002384                SerialEnableHwTxFlow
 *fill*         0x400038f6        0x2 00
 .text          0x400038f8     0x1d0a C:\nburn/lib/MOD5441X.a(pins.o)
                0x400038f8                PinIO::set(unsigned char)
                0x40004e90                PinIO::function(int)
                0x400043f0                PinIO::drive()
                0x400055a0                CReadPin
                0x4000481c                PinIO::read()
                0x400055c4                CGPInPin
 *fill*         0x40005602        0x2 00
 .text          0x40005604      0xaf0 C:\nburn/lib/MOD5441X.a(HiResTimer.o)
                0x400058bc                HiResTimer::HiResTimer(int)
                0x40005704                Timer3_Interrupt
                0x40005e7c                HiResTimer::clockGenerator(double)
                0x400058f0                HiResTimer::operator=(HiResTimer const&)
                0x4000565c                Timer1_Interrupt
                0x40005f30                HiResTimer::pollingDelay(double)
                0x40005608                Timer0_Interrupt
                0x4000594c                HiResTimer::getHiResTimer(int)
                0x40006088                real_Timer1_Interrupt
                0x40005658                fake_Timer1_Interrupt()
                0x40005a74                HiResTimer::toString()
                0x40005754                HiResTimer::readTime()
                0x4000586c                HiResTimer::releaseTimer()
                0x40005c80                HiResTimer::init(double)
                0x40005700                fake_Timer3_Interrupt()
                0x40005604                fake_Timer0_Interrupt()
                0x4000601c                real_Timer2_Interrupt
                0x400056ac                fake_Timer2_Interrupt()
                0x40005fb0                real_Timer3_Interrupt
                0x40005bfc                HiResTimer::delay_uSec(unsigned long)
                0x40005888                HiResTimer::HiResTimer(int)
                0x40005ef0                HiResTimer::pollingDelay_refTicks(unsigned long)
                0x40005af4                HiResTimer::init_ticks(unsigned long)
                0x400056b0                Timer2_Interrupt
                0x40005d9c                real_Timer0_Interrupt
                0x40005e08                HiResTimer::delay(double)
 .text          0x400060f4     0x1c56 C:\nburn/lib/MOD5441X.a(dspi.o)
                0x40007d34                real_dspi0_int_routine
                0x400074a4                real_dspi2_rx_dma_int_routine
                0x400068a4                canDoDMA(unsigned char, unsigned char*, unsigned char volatile*)
                0x40006854                dspi3_int_routine
                0x40006604                fake_dspi2_rx_dma_int_routine()
                0x40006560                dspi1_rx_dma_int_routine
                0x40006914                DSPIdone(unsigned char)
                0x40007540                real_dspi0_tx_dma_int_routine
                0x400074d8                real_dspi1_tx_dma_int_routine
                0x40007408                real_dspi3_tx_dma_int_routine
                0x400064b4                fake_dspi0_rx_dma_int_routine()
                0x40006800                dspi2_int_routine
                0x400066b0                dspi3_rx_dma_int_routine
                0x400060f4                setupDSPI_Dma(int, dspistruct volatile&)
                0x400067fc                fake_dspi2_int_routine()
                0x400069a8                DSPIInit(unsigned char, unsigned long, unsigned char, unsigned char, unsigned char, unsigned char, unsigned char, unsigned char, unsigned char, unsigned char)
                0x400067a8                fake_dspi1_int_routine()
                0x40007d1c                real_dspi1_int_routine
                0x400065b0                fake_dspi1_tx_dma_int_routine()
                0x40007d04                real_dspi2_int_routine
                0x40006608                dspi2_rx_dma_int_routine
                0x400066ac                fake_dspi3_rx_dma_int_routine()
                0x40006508                fake_dspi0_tx_dma_int_routine()
                0x400075f8                DSPI_Isr_cleanup(unsigned int, dspistruct volatile&, unsigned long, unsigned long)
                0x4000655c                fake_dspi1_rx_dma_int_routine()
                0x4000743c                real_dspi3_rx_dma_int_routine
                0x40006658                fake_dspi2_tx_dma_int_routine()
                0x4000665c                dspi2_tx_dma_int_routine
                0x40006754                fake_dspi0_int_routine()
                0x40006758                dspi0_int_routine
                0x40007b2c                DSPIStart(unsigned char, unsigned char*, unsigned char volatile*, unsigned long, os_sem*, unsigned char)
                0x40006700                fake_dspi3_tx_dma_int_routine()
                0x400065b4                dspi1_tx_dma_int_routine
                0x40007570                real_dspi0_rx_dma_int_routine
                0x40006704                dspi3_tx_dma_int_routine
                0x40006850                fake_dspi3_int_routine()
                0x4000766c                DSPI_Isr(unsigned int, dspistruct volatile*)
                0x400067ac                dspi1_int_routine
                0x400075a0                DSPI_Isr_done(unsigned int, dspistruct volatile&)
                0x40007cec                real_dspi3_int_routine
                0x4000750c                real_dspi1_rx_dma_int_routine
                0x400064b8                dspi0_rx_dma_int_routine
                0x40007470                real_dspi2_tx_dma_int_routine
                0x4000650c                dspi0_tx_dma_int_routine
 *fill*         0x40007d4a        0x2 00
 .text          0x40007d4c       0xbc C:\nburn/lib/MOD5441X.a(localio.o)
                0x40007d4c                GetUartRecord
                0x40007d90                GetDefUart
                0x40007da4                LocalInByte
                0x40007dc0                LocalOutByte
                0x40007df4                LocalCharAvail
 *fill*         0x40007e08        0x8 00
 .text          0x40007e10      0x44a C:\nburn/lib/NetBurner.a(ucosmcfa.o)
                0x40007ef0                OSDebugTraceHalt
                0x40007e10                OSStartHighRdy
                0x40007f00                TrapOutByte
                0x40007f30                memcpy
                0x40007f30                fmemcpy
                0x40007e30                OSCtxSw
                0x40007f20                TrapCharAvail
                0x40007e60                OSIntCtxSw
                0x40007f10                TrapInByte
                0x40007e90                OSTickISR
                0x40008000                memcpysum
                0x40007ed0                OSSetupVBR
                0x40008230                GetSR_IntLevel
                0x40008190                memset
                0x40008190                fmemset
                0x40008240                SetSR_IntLevel
 *fill*         0x4000825a        0x2 00
 .text          0x4000825c        0x8 C:\nburn/lib/NetBurner.a(software_init.o)
                0x4000825c                software_init_hook
 .text          0x40008264      0x320 C:\nburn/lib/NetBurner.a(ucosmcfc.o)
                0x4000854c                OSTaskCreate
                0x40008578                TopOfStackKillfunction
                0x40008320                OSTaskCreatewName
                0x40008264                OSTCBInit
                0x4000857c                KillFunctionLink
 .text          0x40008584     0x1de4 C:\nburn/lib/NetBurner.a(ucos.o)
                0x40009f08                OSCritEnterNoWait
                0x40008634                UCOSWAITS_HERE
                0x40009bb4                OSFifoPostFirst
                0x40009f7c                OSCritLeave
                0x40009d14                getpid
                0x40008840                OSLock
                0x40009684                OSQPostFirst
                0x4000a094                OSTaskID
                0x40009470                OSQPendNoWait
                0x4000a0ac                OSSetName
                0x4000a0d4                OSIntExit
                0x40008cc4                OSSemPendNoWait
                0x400089ac                OSTaskDelete
                0x40008868                OSUnlock
                0x40009d2c                OSCritInit
                0x400094ec                OSQPost
                0x40009d68                OSCritEnter
                0x40009870                OSFifoPend
                0x40008b24                OSSemPend
                0x40008e90                OSMboxInit
                0x400090ac                OSMboxPost
                0x40009824                OSFifoInit
                0x40009288                OSQPend
                0x400085b0                OSSched
                0x4000866c                OSTimeDly
                0x40008d04                OSSemPost
                0x400088a8                OSChangePrio
                0x40008810                OSTCBGetFree
                0x40008644                OSIntEnterWAS
                0x4000906c                OSMboxPendNoWait
                0x40009a54                OSFifoPost
                0x40008ac4                OSSemInit
                0x4000a170                OSStart
                0x40008724                OSTimeTick
                0x40009214                OSQInit
                0x4000a0c0                OSTaskName
                0x40009a04                OSFifoPendNoWait
                0x40008ed8                OSMboxPend
                0x4000a1ec                OSInit
                0x40008704                OSChangeTaskDly
 .text          0x4000a368      0x1b8 C:\nburn/lib/NetBurner.a(ucosmain.o)
                0x4000a444                __malloc_unlock
                0x4000a368                UCosBegin
                0x4000a464                balloc_lock
                0x4000a4a4                UCosSetup
                0x4000a428                balloc_unlock
                0x4000a484                __malloc_lock
 .text          0x4000a520      0x5f8 C:\nburn/lib/NetBurner.a(fileio.o)
                0x4000a6b0                ioctl
                0x4000a520                isatty
                0x4000a608                CurrentStdioFD
                0x4000a680                lseek
                0x4000a558                ReplaceStdio
                0x4000a71c                write
                0x4000a53c                fstat
                0x4000a84c                rawwrite
                0x4000aa58                stdioinbyte
                0x4000a8d0                read
                0x4000a638                outbyte
                0x4000a698                open
                0x4000a650                charavail
                0x4000a62c                fcntl
                0x4000aad0                close
 .text          0x4000ab18      0x6d8 C:\nburn/lib/NetBurner.a(system.o)
                0x4000ab90                GetUserParameters
                0x4000aef0                UpdateConfigRecord_Num
                0x4000ab64                RawGetConfig
                0x4000ab18                isvalidcr
                0x4000b0ac                SetupDialog
                0x4000ac08                ReadLine
                0x4000b098                UpdateConfigRecord
                0x4000adc8                IpQuestion
                0x4000ae7c                SaveUserParameters
                0x4000aba0                ShowChange
 .text          0x4000b1f0       0x78 C:\nburn/lib/NetBurner.a(main.o)
                0x4000b228                main
                0x4000b1f0                __do_global_ctors
 .text          0x4000b268      0xbe0 C:\nburn/lib/NetBurner.a(utils.o)
                0x4000bc54                fShowMac
                0x4000b458                FancyDump(unsigned char*, int)
                0x4000bce4                ShowCounters
                0x4000b3a0                convertHexAsciiToBinary
                0x4000b618                ShowData
                0x4000b268                kill
                0x4000bd4c                fShowCounters
                0x4000bc14                fShowIP
                0x4000b278                _fini
                0x4000b584                ShowIP
                0x4000b284                AsciiToIp
                0x4000bdc4                sShowCounters
                0x4000bcb0                DiagMenuPicker(int, unsigned char)
                0x4000b5c0                ShowMac
                0x4000b308                convertBinaryToHexAscii
                0x4000b440                __builtin_delete
                0x4000b270                _exit
 .text          0x4000be48     0x1aaa C:\nburn/lib/NetBurner.a(ip.o)
                0x4000c298                FixUpICMP(IPPKT*, unsigned char, unsigned char, unsigned char*, unsigned short)
                0x4000c008                IsMultiCast(unsigned long)
                0x4000cc38                FixHeaderAndSend(pool_buffer*, IPPKT*)
                0x4000c5ac                DoIPPacket(pool_buffer*, EFRAME*, unsigned short)
                0x4000bf04                GetSum20
                0x4000cf34                PingViaInterface
                0x4000c54c                SaveError(pool_buffer*)
                0x4000c8bc                process_icmp(pool_buffer*, IPPKT*, unsigned short)
                0x4000c144                IpProcessEthernetPacket
                0x4000c770                FixHeaderAndSendViaInterface(pool_buffer*, IPPKT*, int)
                0x4000d1b0                ShowIPBuffer(pool_buffer*)
                0x4000cd98                SendICMPError(pool_buffer*, unsigned char, unsigned char)
                0x4000c3b0                InitializeStack(unsigned long, unsigned long, unsigned long, unsigned long)
                0x4000c058                GetData(IPPKT*)
                0x4000c4d4                InitializeCStack
                0x4000d044                Ping
                0x4000be48                GetSum
                0x4000c4e0                GetMultiHomeInterface(unsigned long, int)
                0x4000c590                IsMyIp
                0x4000c354                IsBroadCast(unsigned long, int)
                0x4000c300                KillStack
                0x4000c084                PrepareIPOutput(pool_buffer*, unsigned long, unsigned short)
                0x4000c028                GetMultiAddress(unsigned long)
                0x4000ce6c                SendPing
                0x4000bf3c                GetSumHdr
                0x4000c30c                IsLocal(unsigned long, int)
                0x4000d078                GetLocalIPInterface(unsigned long)
                0x4000d0d0                AddInterface(unsigned long, unsigned long, unsigned long, int)
                0x4000c9d8                IPTask(void*)
 *fill*         0x4000d8f2        0x2 00
 .text          0x4000d8f4      0xec8 C:\nburn/lib/NetBurner.a(buffers.o)
                0x4000ddb4                fifo_buffer_storage::Full()
                0x4000dea4                ShowBuffer
                0x4000e188                fifo_buffer_storage::Reset(unsigned char)
                0x4000d9d8                InitBuffers
                0x4000db04                buffer_list::InsertBefore(pool_buffer*, pool_buffer*)
                0x4000dcdc                GetBuffer
                0x4000de84                fifo_buffer_storage::fifo_buffer_storage(unsigned char, unsigned char)
                0x4000dd9c                fifo_buffer_storage::Empty()
                0x4000e600                fifo_buffer_storage::ReadDatawSum(unsigned char*, int, unsigned long&)
                0x4000dd88                fifo_buffer_storage::SpaceUsed()
                0x4000d8f4                ShowBuffers()
                0x4000d920                buffer_list::InsertHead(pool_buffer*)
                0x4000dfd0                GetFreeCount
                0x4000d904                IncUsageCount
                0x4000de64                fifo_buffer_storage::fifo_buffer_storage(unsigned char, unsigned char)
                0x4000daa0                buffer_list::InsertTail(pool_buffer*)
                0x4000e248                fifo_buffer_storage::~fifo_buffer_storage()
                0x4000e338                fifo_buffer_storage::SetMaxBuffers(unsigned char)
                0x4000e048                fifo_buffer_storage::ReadData(unsigned char*, int)
                0x4000ddfc                fifo_buffer_storage::Init(unsigned char, unsigned char)
                0x4000d8fc                DumpBuffers()
                0x4000dc74                buffer_list::RemoveHead()
                0x4000dbec                buffer_list::Remove(pool_buffer*)
                0x4000dd28                buffer_list::RemoveTail()
                0x4000e25c                fifo_buffer_storage::LongSpaceAvail()
                0x4000e3c8                fifo_buffer_storage::WriteData(unsigned char*, int)
                0x4000d990                FreeBuffer
                0x4000db78                buffer_list::InsertAfter(pool_buffer*, pool_buffer*)
                0x4000e314                fifo_buffer_storage::SpaceAvail()
                0x4000e234                fifo_buffer_storage::~fifo_buffer_storage()
 .text          0x4000e7bc     0x1922 C:\nburn/lib/NetBurner.a(arp.o)
                0x4000f4f0                FindAddArp(unsigned long)
                0x4000e918                sendGratuitousArp(int)
                0x4000e7e4                MacEqual(MACADR, MACADR)
                0x4000eb20                InitializeArp()
                0x4000ebc8                FindArp(unsigned long)
                0x4000ee24                SendArp(ArpRecord*, int)
                0x4000ead4                GetInterface(unsigned long)
                0x4000fdd4                AddCheckArp(MACADR*, unsigned long, int)
                0x4000e844                SetMac(ArpRecord*, MACADR, int)
                0x4000f32c                DeleteArpFromIp(unsigned long)
                0x4000eccc                GetArpMacFromIp(unsigned long, MACADR&)
                0x4000f8fc                RouteOutVia(EFRAME*, unsigned long, pool_buffer*, int)
                0x4000ed80                GetProperInterface(unsigned long)
                0x4000f440                FreeOneArp()
                0x4000fe60                processArp(pool_buffer*, EFRAME*)
                0x4000e8dc                NeedsArp(int)
                0x4000ef54                GetNextArp(ArpRecord*)
                0x4000e9e8                RawSendArp(ArpRecord*, unsigned long, int)
                0x4000f34c                AgeArp()
                0x4000fb1c                RouteOut(EFRAME*, unsigned long, pool_buffer*)
                0x4000f01c                ShowArp()
                0x4000f15c                DeleteArp(ArpRecord*)
                0x4000efc4                GetFirstArp()
                0x4000ee90                GetSrcIp
                0x4000f78c                IsMyAddressUsedArpDetect(unsigned short, int)
                0x4000e7dc                Cleanup()
                0x4000e7bc                IsNull(ArpRecord*)
                0x4000f0b0                fShowArp(__sFILE*)
                0x4000ed24                AddPending(MACADR*, unsigned long, int)
 *fill*         0x400100de        0x2 00
 .text          0x400100e0     0x1400 C:\nburn/lib/NetBurner.a(udp.o)
                0x400109a8                UDPPacket::Send(unsigned long, unsigned char)
                0x40010228                UDPPacket::SetDestinationPort(unsigned short)
                0x400102ec                UDPPacket::GetPacketId()
                0x40010338                UDPPacket::GetSourceAddress()
                0x400110f0                UDPPacket::UDPPacket()
                0x400106e4                UDPPacket::AddDataByte(unsigned char)
                0x40010ac0                UDPPacket::SendAndKeep(unsigned long, unsigned char)
                0x40010638                UDPPacket::AddData(unsigned char*, unsigned short)
                0x4001035c                RegisterUDPFifo(unsigned short, os_fifo*)
                0x4001072c                UDPPacket::AddData(char const*)
                0x40010154                UDPPacket::UDPPacket(pool_buffer*)
                0x400107ec                UDPPacket::SendViaInterface(unsigned long, int, unsigned char)
                0x400102d4                UDPPacket::GetIpPacket()
                0x40010914                UDPPacket::SendVia(unsigned long, unsigned long, unsigned char)
                0x40010b30                UDPPacket::~UDPPacket()
                0x400100e0                GetUdpFifoRec(unsigned short)
                0x40010264                UDPPacket::GetDataBuffer()
                0x40010424                RegisterUDPFifoWithNotify(unsigned short, os_fifo*, void (*)(os_fifo*, unsigned short))
                0x400101a0                UDPPacket::UDPPacket(pool_buffer*)
                0x40010298                UDPPacket::GetDataSize() const
                0x40010b9c                ProcessIDPacket(UDPPacket&, int)
                0x40010708                UDPPacket::AddDataWord(unsigned short)
                0x40011134                process_udp(pool_buffer*, IPPKT*, unsigned short)
                0x4001075c                UDPPacket::Validate()
                0x40010244                UDPPacket::GetDestinationPort() const
                0x400104ec                UnregisterUDPFifo(unsigned short)
                0x40011420                UDPPacket::UDPPacket(os_fifo*, unsigned long)
                0x40010278                UDPPacket::SetDataSize(unsigned short)
                0x400105b4                FixIDDataPacket(UDPPacket&, _InterfaceBlock*)
                0x400102c0                UDPPacket::ResetData()
                0x40010b08                UDPPacket::~UDPPacket()
                0x40011480                UDPPacket::UDPPacket(os_fifo*, unsigned long)
                0x40010954                UDPPacket::SendAndKeepVia(unsigned long, unsigned long, unsigned char)
                0x400101ec                UDPPacket::SetSourcePort(unsigned short)
                0x40010208                UDPPacket::GetSourcePort() const
                0x40010610                FixIDDataPacket(UDPPacket&, int)
                0x40010b58                UDPPacket::UDPPacket()
                0x40010314                UDPPacket::GetDestinationAddress()
 .text          0x400114e0     0x52fa C:\nburn/lib/NetBurner.a(tcp.o)
                0x40012b88                SendTcpRst(IPPKT*)
                0x40011b1c                GetTcpState(int)
                0x40011b50                GetTcpDState
                0x40012dcc                InitTCP()
                0x400137cc                _Socket_Private_read
                0x40011ad0                ShortSocketList::ShortSocketList()
                0x40011b84                SetOutOfOrderbuffers(int, unsigned char)
                0x40011750                GetSocketRemotePort(int)
                0x400122f8                socket_struct::MyAdvertisedWindow()
                0x40012194                SetSocketTxBuffers(int, int)
                0x40011864                setsockoption(int, int)
                0x4001263c                TcpSend(socket_struct*, unsigned long, pool_buffer*, unsigned short, unsigned char)
                0x40015624                TCPTimerTask(void*)
                0x400166d0                process_tcp(pool_buffer*, IPPKT*, unsigned short)
                0x40014c1c                socket_struct::ProcessRST()
                0x40011bc8                TcpGetLastRxTime(int)
                0x40013d20                abortsocket
                0x40013e54                socket_struct::ProcessDataSegment(TCPPKT*, unsigned short, unsigned char*, pool_buffer*&)
                0x4001574c                connectvia(unsigned long, unsigned short, unsigned short, unsigned long, unsigned long)
                0x400133b8                HashSocketList::RemoveSocket(socket_struct*) const
                0x400144f0                _Socket_Private_write
                0x4001189c                getsockoption(int)
                0x40015c18                socket_struct::ProcessAck(TCPPKT*)
                0x400137e8                socket_struct::SaveData(unsigned char*, unsigned short, unsigned char)
                0x400130a8                GetTcpRtxCount(int)
                0x40011644                fixoverlap(unsigned long, unsigned long, unsigned long&, unsigned long&)
                0x40013ac8                socket_struct::SetTimer(unsigned long)
                0x40015bf0                connect(unsigned long, unsigned short, unsigned short, unsigned long)
                0x40011928                HashSocketList::HashSocketList()
                0x40014718                GetTcpSocket(TCPPKT*, unsigned long)
                0x40011e14                TcpGetRxBufferSpaceUsed(int)
                0x40014138                socket_struct::DoRawSend()
                0x40011e54                ShowFdTcpSocket(int)
                0x40012118                socket_struct::ClearPending(int)
                0x4001311c                ShortSocketList::findsocket(unsigned short, unsigned short, unsigned long) const
                0x40015b68                connect(unsigned long, unsigned short, unsigned short, unsigned long, unsigned long)
                0x40013034                TcpSendKeepAlive(int)
                0x400116c0                getsocketerror(int)
                0x40011910                EnableTcpDebug(unsigned short)
                0x40015530                socket_struct::ProcessTimer()
                0x40014014                socket_struct::SetUpNextRetransmit()
                0x40011920                HashSocketList::HashSocketList()
                0x400135fc                SockReadWithTimeout
                0x40012fc8                GetFreeSocketCount()
                0x40015ec4                socket_struct::ProcessFIN(TCPPKT*, unsigned short)
                0x40012370                FixHeaderAndSendTcp(pool_buffer*, IPPKT*, socket_struct*)
                0x400118cc                setsocketackbuffers(int, unsigned char)
                0x40011844                socket_struct::CleanUpDeletedListener()
                0x40011600                FindListenSocket(unsigned short, unsigned long)
                0x40012474                TcpSendwSum(socket_struct*, unsigned long, pool_buffer*, unsigned short, unsigned char, unsigned long)
                0x40013b48                socket_struct::DoCleanup()
                0x400138d8                socket_struct::TestOutofOrder()
                0x40011c38                TcpGetLastRxInterval(int)
                0x400114e0                GetFirstSeq()
                0x40014a80                FREESOCKET(socket_struct*)
                0x40014b14                ShortSocketList::AddSocket(socket_struct*)
                0x4001501c                socket_struct::DoRetransmit(unsigned char)
                0x40011ae0                ShortSocketList::Init()
                0x400131c0                ShortSocketList::processTick()
                0x40015134                _Socket_Private_close
                0x40015274                accept(int, unsigned long*, unsigned short*, unsigned short)
                0x40011ad8                ShortSocketList::ShortSocketList()
                0x400121d4                SetSocketRxBuffers(int, int)
                0x400148bc                listen(unsigned long, unsigned short, unsigned char)
                0x40011930                HashSocketList::Init() const
                0x40011948                ShortSocketList::GetFreeShort()
                0x40011720                GetSocketRemoteAddr(int)
                0x40013524                HashSocketList::findsocket(unsigned short, unsigned short, unsigned long) const
                0x40011da8                WaitForSocketFlush(int, unsigned long)
                0x40011918                DumpTcpPacket(IPPKT*)
                0x400149c4                RemoveFromUserCloseList(socket_struct*)
                0x40011524                ValidateTCP(IPPKT*, unsigned short)
                0x40013270                ShortSocketList::process(pool_buffer*, TCPPKT*, unsigned long) const
                0x40011510                socket_struct::SetState(int)
                0x40012214                socket_struct::processoptions(pool_buffer*, TCPPKT*, IPPKT*)
                0x40014d28                socket_struct::DoClose(int)
                0x400147d0                GetFreeSocket()
                0x40011780                GetSocketLocalPort(int)
                0x40013470                HashSocketList::AddSocket(socket_struct*) const
                0x40011a90                ShortSocketList::FreeShort(ShortSocket*) const
                0x400117b0                socket_struct::CalcRTO(unsigned long)
                0x40012b30                socket_struct::OpenWindow()
                0x40012c9c                SendTcpSynRst(IPPKT*)
                0x40011d58                TcpAllDataAcked(int)
                0x40014470                clrsockoption(int, int)
                0x40011bfc                TcpGetSocketState(int)
                0x40011908                DumpTcpDebug()
                0x400116f0                GetSocketLocalAddr(int)
                0x40016038                socket_struct::process(pool_buffer*, TCPPKT*)
                0x40011b58                RegisterTCPReadNotify
                0x400126cc                socket_struct::SendState(unsigned short, pool_buffer*)
 *fill*         0x400167da        0x2 00
 .text          0x400167dc      0x23c C:\nburn/lib/NetBurner.a(extraio.o)
                0x4001680c                ExpandWrite(int, char const*, int)
                0x4001683c                ExpandClose(int)
                0x4001686c                InitExtras()
                0x400168a8                GetExtraFD
                0x400167dc                ExpandRead(int, char*, int)
                0x400169dc                GetFreeExtraFDCount
                0x40016938                FreeExtraFd
                0x40016970                GetExtraData
                0x400169a4                GetExtraExtraData
 .text          0x40016a18      0x69e C:\nburn/lib/NetBurner.a(iosys.o)
                0x40016e54                SetDataAvail
                0x40016cf4                writeall
                0x40016d54                RawCheckSelects()
                0x40016e00                SetHaveError
                0x40016e90                RemoveSelect(PendingSelect*)
                0x40016e18                SetWriteAvail
                0x40016be4                ZeroWaitSelect
                0x40016f10                AddSelect(PendingSelect*)
                0x40016b38                FD_ISSET
                0x40016ae0                ClrDataAvail
                0x40016f68                select
                0x40016ac8                ClrWriteAvail
                0x40016dcc                CheckSelects()
                0x40016c98                writestring
                0x40016ba8                countbits(fd_set*)
                0x40016a18                FD_OVERLAP(fd_set*, fd_set*)
                0x40016c68                dataavail
                0x40016a54                FD_ZERO
                0x40016af8                FD_SET
                0x40016ab0                ClrHaveError
                0x40016b84                countdwbits(unsigned long)
                0x40017008                ReadWithTimeout
                0x40016a6c                FD_CLR
 *fill*         0x400170b6        0x2 00
 .text          0x400170b8      0x71c C:\nburn/lib/NetBurner.a(autoip.o)
                0x400172f4                AutoIPClient::AutoIPClient(int)
                0x400171d4                AutoIPClient::stop()
                0x40017620                AutoIPClient::arpCheck()
                0x40017144                AutoIPClient::getNextTick()
                0x4001747c                AutoIPClient::announce()
                0x400170f8                AutoIPClient::addressCollision()
                0x40017134                AutoIPClient::getState()
                0x40017558                AutoIPClient::startArp()
                0x4001777c                AutoIPClient::staticTimeTick()
                0x400170b8                AutoIPClient::start()
                0x40017370                AutoIPClient::AutoIPClient(int)
                0x40017154                AutoIPClient::tickDelay(int)
                0x4001717c                AutoIPClient::negotiate()
                0x400174c0                AutoIPClient::setRNG()
                0x40017290                AutoIPClient::~AutoIPClient()
                0x4001770c                AutoIPClient::timeTick()
                0x4001720c                AutoIPClient::restart()
                0x400173ec                AddAutoIPInterface(int)
                0x4001722c                AutoIPClient::~AutoIPClient()
                0x4001751c                AutoIPClient::generateNewIPAddr()
 .text          0x400177d4        0x0 C:\nburn/lib/NetBurner.a(defappname.o)
 .text          0x400177d4      0x4b2 C:\nburn/lib/NetBurner.a(netinterface.o)
                0x40017bb8                InitializeNetwork(void (*)(pool_buffer*, EFRAME*, unsigned short), void (*)(pool_buffer*, EFRAME*))
                0x4001788c                InterfaceIP(int)
                0x40017980                GetEframe(pool_buffer*)
                0x40017b58                SaveIfConfig(ConfigRecord*, int)
                0x40017a4c                RegisterMultiHomeInterface(_InterfaceBlock*)
                0x400177d4                GetFirstInterface()
                0x40017b88                GetIfConfig(int)
                0x4001793c                InterfaceMAC(int)
                0x40017838                GetInterFaceBlock(int)
                0x400178b8                InterfaceDNS(int)
                0x400178e4                InterfaceMASK(int)
                0x400177f4                GetnextInterface(int)
                0x40017c24                TransmitBuffer(pool_buffer*, int)
                0x400179ec                DisableMulticast(MACADR, int)
                0x40017ab4                RegisterInterface(_InterfaceBlock*)
                0x40017994                EnableMulticast(MACADR, int)
                0x40017b24                Removeinterface(int)
                0x40017a44                StopNetworks()
                0x40017864                GetInterfaceNumber(_InterfaceBlock*)
                0x40017910                InterfaceGate(int)
 *fill*         0x40017c86        0x2 00
 .text          0x40017c88      0x5c8 C:\nburn/lib/NetBurner.a(taskmon.o)
                0x40018190                ProcessTaskPacket(UDPPacket&, int)
                0x40017c88                EnableTaskMonitor()
                0x40017c9c                BufferDumpTCBState(os_tcb*)
 .text          0x40018250     0x131e C:\nburn/lib/NetBurner.a(smarttrap.o)
                0x40018284                EnableSmartTraps()
                0x40018364                WalkStack(os_tcb*, unsigned long, unsigned long)
                0x40018844                smart_trap_asm
                0x40018664                Local_OutTCBState(os_tcb*, unsigned long, unsigned long)
                0x40018250                SafeRead(unsigned long)
                0x400182a0                Local_OutHex(unsigned long, int)
                0x4001883c                Smart_Trap_Holder()
                0x40018334                Local_OutString(char const*)
                0x400183e0                Local_ShowTaskName(os_tcb volatile*)
 *fill*         0x4001956e        0x2 00
 .text          0x40019570      0x538 C:\nburn/lib/NetBurner.a(autoupdate.o)
                0x400199f8                ProcessAutoUpdatePacket(UDPPacket&)
                0x4001972c                DoData(UDPPacket&)
                0x40019570                EnableAutoUpdate
                0x40019584                DoReboot()
                0x400195b4                DoExecute(UDPPacket&, int)
                0x4001981c                DoStart(UDPPacket&)
 .text          0x40019aa8       0x52 C:\nburn/lib/NetBurner.a(device.o)
                0x40019ac8                DeviceInitializeSem
                0x40019aa8                DeviceGetQspiSem()
                0x40019ab8                DeviceGetI2cSem()
 *fill*         0x40019afa        0x2 00
 .text          0x40019afc       0x26 C:\nburn/lib/NetBurner.a(new_ops.o)
                0x40019afc                operator new(unsigned long)
 *fill*         0x40019b22        0x2 00
 .text          0x40019b24      0x1b2 C:\nburn/lib/MOD5441X.a(flash.o)
                0x40019b9c                FlashProgram
                0x40019b24                FlashErase
 *fill*         0x40019cd6        0x2 00
 .text          0x40019cd8     0x17ae C:\nburn/lib/MOD5441X.a(ethernet.o)
                0x4001a8b8                AddEthernetInterface()
                0x40019ebc                StopEnet()
                0x4001a374                ResetEnet()
                0x4001aae8                ProcessDuplexStatus()
                0x40019cd8                read_eth_addr(MACADR*)
                0x4001a9ac                WarmEnetReset()
                0x4001b2d8                real_rxenetisr
                0x40019d04                fake_rxenetisr()
                0x40019d08                rxenetisr
                0x40019d58                fake_txenetisr()
                0x4001aab8                EnablePHY()
                0x40019f10                EthMultifunc(MACADR, unsigned char)
                0x40019dac                GetMII(unsigned char, unsigned char)
                0x40019f2c                ResetEnetPart2()
                0x40019d5c                txenetisr
                0x40019e30                SetMII(unsigned char, unsigned char, unsigned short)
                0x4001a704                InitializeEthernet()
                0x4001af34                real_txenetisr
                0x40019eec                DisablePHY()
                0x4001aa58                ManualEthernetConfig(unsigned char, unsigned char, unsigned char)
                0x4001ade0                EthTransmitBuffer(pool_buffer*)
                0x4001b12c                Ether_ProcessTask(void*)
 *fill*         0x4001b486        0x2 00
 .text          0x4001b488     0x16e8 C:\nburn/lib/MOD5441X.a(etherprint.o)
                0x4001ca98                EtherLink()
                0x4001b488                EtherSpeed100()
                0x4001ca8c                denet()
                0x4001c72c                ShowFECRegisters()
                0x4001b560                ShowMII(unsigned char, unsigned char, char const*, unsigned short)
                0x4001cacc                elink()
                0x4001ca80                dEnet()
                0x4001b4a8                SwitchMIIPage(unsigned long)
                0x4001b498                EtherDuplex()
                0x4001b4d4                showbinary(unsigned short, unsigned short)
                0x4001b5c8                ShowPhyterMII()
 .text          0x4001cb70      0x196 C:\nburn/lib/MOD5441X.a(emulticast.o)
                0x4001cc54                EthDisableMulticast(MACADR)
                0x4001cbb0                EthEnableMulticast(MACADR)
                0x4001cb70                GetMultiCastCRC(MACADR)
 *fill*         0x4001cd06        0x2 00
 .text          0x4001cd08      0x1f2 C:\nburn/lib/NetBurner.a(netrx.o)
                0x4001cd08                NetDoRX(pool_buffer*, unsigned short, int)
 *fill*         0x4001cefa        0x2 00
 .text          0x4001cefc      0xba0 c:/nburn/gcc-m68k/bin/../lib/gcc/m68k-elf/4.2.1/m5206e\libgcc.a(_double.o)
                0x4001d9fa                __cmpdf2
                0x4001cf5c                __adddf3
                0x4001d8c4                __negdf2
                0x4001d5d4                __divdf3
                0x4001d922                __cmpdf2_internal
                0x4001d3f8                __muldf3
                0x4001cf56                __subdf3
 .text          0x4001da9c       0x74 c:/nburn/gcc-m68k/bin/../lib/gcc/m68k-elf/4.2.1/m5206e\libgcc.a(_floatex.o)
                0x4001daa8                $_exception_handler
                0x4001da9c                __clear_sticky_bit
 .text          0x4001db10       0x22 c:/nburn/gcc-m68k/bin/../lib/gcc/m68k-elf/4.2.1/m5206e\libgcc.a(_eqdf2.o)
                0x4001db10                __eqdf2
 *fill*         0x4001db32        0x2 00
 .text          0x4001db34       0x22 c:/nburn/gcc-m68k/bin/../lib/gcc/m68k-elf/4.2.1/m5206e\libgcc.a(_nedf2.o)
                0x4001db34                __nedf2
 *fill*         0x4001db56        0x2 00
 .text          0x4001db58       0x7a c:/nburn/gcc-m68k/bin/../lib/gcc/m68k-elf/4.2.1/m5206e\libgcc.a(_fixunsdfsi.o)
                0x4001db58                __fixunsdfsi
 *fill*         0x4001dbd2        0x2 00
 .text          0x4001dbd4      0x49a c:/nburn/gcc-m68k/bin/../lib/gcc/m68k-elf/4.2.1/m5206e\libgcc.a(fpgnulib.o)
                0x4001e054                __fixsfsi
                0x4001dd3c                __floatsidf
                0x4001de12                __extendsfdf2
                0x4001dcca                __floatunsidf
                0x4001dfd4                __fixdfsi
                0x4001ddf8                __floatsisf
                0x4001deac                __truncdfsf2
                0x4001dbd4                __unordsf2
                0x4001ddde                __floatunsisf
                0x4001dc36                __unorddf2
 *fill*         0x4001e06e        0x2 00
 .text          0x4001e070       0x22 c:/nburn/gcc-m68k/bin/../lib/gcc/m68k-elf/4.2.1/m5206e\libgcc.a(_gedf2.o)
                0x4001e070                __gedf2
 *fill*         0x4001e092        0x2 00
 .text          0x4001e094       0x34 c:/nburn/gcc-m68k/bin/../lib/gcc/m68k-elf/4.2.1/../../../../m68k-elf/lib/m5206e\libc.a(lib_a-atoi.o)
                0x4001e094                _atoi_r
                0x4001e0b0                atoi
 .text          0x4001e0c8       0x1e c:/nburn/gcc-m68k/bin/../lib/gcc/m68k-elf/4.2.1/../../../../m68k-elf/lib/m5206e\libc.a(lib_a-cxa_atexit.o)
                0x4001e0c8                __cxa_atexit
 *fill*         0x4001e0e6        0x2 00
 .text          0x4001e0e8        0xe c:/nburn/gcc-m68k/bin/../lib/gcc/m68k-elf/4.2.1/../../../../m68k-elf/lib/m5206e\libc.a(lib_a-errno.o)
                0x4001e0e8                __errno
 *fill*         0x4001e0f6        0x2 00
 .text          0x4001e0f8       0x24 c:/nburn/gcc-m68k/bin/../lib/gcc/m68k-elf/4.2.1/../../../../m68k-elf/lib/m5206e\libc.a(lib_a-fiprintf.o)
                0x4001e0f8                fiprintf
 .text          0x4001e11c        0x0 c:/nburn/gcc-m68k/bin/../lib/gcc/m68k-elf/4.2.1/../../../../m68k-elf/lib/m5206e\libc.a(lib_a-impure.o)
 .text          0x4001e11c       0x54 c:/nburn/gcc-m68k/bin/../lib/gcc/m68k-elf/4.2.1/../../../../m68k-elf/lib/m5206e\libc.a(lib_a-iprintf.o)
                0x4001e11c                _iprintf_r
                0x4001e146                iprintf
 .text          0x4001e170       0x32 c:/nburn/gcc-m68k/bin/../lib/gcc/m68k-elf/4.2.1/../../../../m68k-elf/lib/m5206e\libc.a(lib_a-malloc.o)
                0x4001e18a                malloc
                0x4001e170                free
 *fill*         0x4001e1a2        0x2 00
 .text          0x4001e1a4      0x78c c:/nburn/gcc-m68k/bin/../lib/gcc/m68k-elf/4.2.1/../../../../m68k-elf/lib/m5206e\libc.a(lib_a-mallocr.o)
                0x4001e1a4                _malloc_r
 .text          0x4001e930       0x8a c:/nburn/gcc-m68k/bin/../lib/gcc/m68k-elf/4.2.1/../../../../m68k-elf/lib/m5206e\libc.a(lib_a-puts.o)
                0x4001e930                _puts_r
                0x4001e9a4                puts
 *fill*         0x4001e9ba        0x2 00
 .text          0x4001e9bc       0x6a c:/nburn/gcc-m68k/bin/../lib/gcc/m68k-elf/4.2.1/../../../../m68k-elf/lib/m5206e\libc.a(lib_a-rand.o)
                0x4001e9d4                rand
                0x4001e9bc                srand
 *fill*         0x4001ea26        0x2 00
 .text          0x4001ea28       0x4e c:/nburn/gcc-m68k/bin/../lib/gcc/m68k-elf/4.2.1/../../../../m68k-elf/lib/m5206e\libc.a(lib_a-rget.o)
                0x4001ea62                __srget
                0x4001ea28                __srget_r
 *fill*         0x4001ea76        0x2 00
 .text          0x4001ea78      0x1ee c:/nburn/gcc-m68k/bin/../lib/gcc/m68k-elf/4.2.1/../../../../m68k-elf/lib/m5206e\libc.a(lib_a-setvbuf.o)
                0x4001ea78                setvbuf
 *fill*         0x4001ec66        0x2 00
 .text          0x4001ec68       0xba c:/nburn/gcc-m68k/bin/../lib/gcc/m68k-elf/4.2.1/../../../../m68k-elf/lib/m5206e\libc.a(lib_a-siprintf.o)
                0x4001ecc6                _siprintf_r
                0x4001ec68                siprintf
 *fill*         0x4001ed22        0x2 00
 .text          0x4001ed24       0xba c:/nburn/gcc-m68k/bin/../lib/gcc/m68k-elf/4.2.1/../../../../m68k-elf/lib/m5206e\libc.a(lib_a-sprintf.o)
                0x4001ed82                _sprintf_r
                0x4001ed24                sprintf
 *fill*         0x4001edde        0x2 00
 .text          0x4001ede0       0x1a c:/nburn/gcc-m68k/bin/../lib/gcc/m68k-elf/4.2.1/../../../../m68k-elf/lib/m5206e\libc.a(lib_a-strlen.o)
                0x4001ede0                strlen
 *fill*         0x4001edfa        0x2 00
 .text          0x4001edfc      0x18a c:/nburn/gcc-m68k/bin/../lib/gcc/m68k-elf/4.2.1/../../../../m68k-elf/lib/m5206e\libc.a(lib_a-strtol.o)
                0x4001ef68                strtol
                0x4001edfc                _strtol_r
 *fill*         0x4001ef86        0x2 00
 .text          0x4001ef88     0x1280 c:/nburn/gcc-m68k/bin/../lib/gcc/m68k-elf/4.2.1/../../../../m68k-elf/lib/m5206e\libc.a(lib_a-vfiprintf.o)
                0x400201ea                vfiprintf
                0x4001efcc                _vfiprintf_r
 .text          0x40020208     0x1fac c:/nburn/gcc-m68k/bin/../lib/gcc/m68k-elf/4.2.1/../../../../m68k-elf/lib/m5206e\libc.a(lib_a-vfprintf.o)
                0x4002024c                _vfprintf_r
                0x40022196                vfprintf
 .text          0x400221b4      0x124 c:/nburn/gcc-m68k/bin/../lib/gcc/m68k-elf/4.2.1/../../../../m68k-elf/lib/m5206e\libc.a(lib_a-wbuf.o)
                0x400221b4                __swbuf_r
                0x400222be                __swbuf
 .text          0x400222d8       0x7c c:/nburn/gcc-m68k/bin/../lib/gcc/m68k-elf/4.2.1/../../../../m68k-elf/lib/m5206e\libc.a(lib_a-wcrtomb.o)
                0x400222d8                _wcrtomb_r
                0x40022338                wcrtomb
 .text          0x40022354      0x130 c:/nburn/gcc-m68k/bin/../lib/gcc/m68k-elf/4.2.1/../../../../m68k-elf/lib/m5206e\libc.a(lib_a-wcsrtombs.o)
                0x40022354                _wcsrtombs_r
                0x40022462                wcsrtombs
 .text          0x40022484      0x452 c:/nburn/gcc-m68k/bin/../lib/gcc/m68k-elf/4.2.1/../../../../m68k-elf/lib/m5206e\libc.a(lib_a-wctomb_r.o)
                0x40022484                _wctomb_r
 *fill*         0x400228d6        0x2 00
 .text          0x400228d8      0x130 c:/nburn/gcc-m68k/bin/../lib/gcc/m68k-elf/4.2.1/../../../../m68k-elf/lib/m5206e\libc.a(lib_a-wsetup.o)
                0x400228d8                __swsetup
 .text          0x40022a08       0xe8 c:/nburn/gcc-m68k/bin/../lib/gcc/m68k-elf/4.2.1/../../../../m68k-elf/lib/m5206e\libc.a(lib_a-__atexit.o)
                0x40022a08                __register_exitproc
 .text          0x40022af0        0x0 c:/nburn/gcc-m68k/bin/../lib/gcc/m68k-elf/4.2.1/../../../../m68k-elf/lib/m5206e\libc.a(lib_a-ctype_.o)
 .text          0x40022af0     0x160a c:/nburn/gcc-m68k/bin/../lib/gcc/m68k-elf/4.2.1/../../../../m68k-elf/lib/m5206e\libc.a(lib_a-dtoa.o)
                0x40022ca2                _dtoa_r
 *fill*         0x400240fa        0x2 00
 .text          0x400240fc      0x198 c:/nburn/gcc-m68k/bin/../lib/gcc/m68k-elf/4.2.1/../../../../m68k-elf/lib/m5206e\libc.a(lib_a-fflush.o)
                0x400240fc                fflush
 .text          0x40024294      0x25e c:/nburn/gcc-m68k/bin/../lib/gcc/m68k-elf/4.2.1/../../../../m68k-elf/lib/m5206e\libc.a(lib_a-findfp.o)
                0x400242ee                __sinit
                0x400243a6                __sfmoreglue
                0x40024394                _cleanup
                0x4002437a                _cleanup_r
                0x40024414                __sfp
 *fill*         0x400244f2        0x2 00
 .text          0x400244f4      0x422 c:/nburn/gcc-m68k/bin/../lib/gcc/m68k-elf/4.2.1/../../../../m68k-elf/lib/m5206e\libc.a(lib_a-freer.o)
                0x400245e4                _free_r
                0x400244f4                _malloc_trim_r
 *fill*         0x40024916        0x2 00
 .text          0x40024918      0x37e c:/nburn/gcc-m68k/bin/../lib/gcc/m68k-elf/4.2.1/../../../../m68k-elf/lib/m5206e\libc.a(lib_a-fvwrite.o)
                0x40024918                __sfvwrite_r
 *fill*         0x40024c96        0x2 00
 .text          0x40024c98       0xe4 c:/nburn/gcc-m68k/bin/../lib/gcc/m68k-elf/4.2.1/../../../../m68k-elf/lib/m5206e\libc.a(lib_a-fwalk.o)
                0x40024c98                _fwalk
                0x40024d08                _fwalk_reent
 .text          0x40024d7c       0xa6 c:/nburn/gcc-m68k/bin/../lib/gcc/m68k-elf/4.2.1/../../../../m68k-elf/lib/m5206e\libc.a(lib_a-locale.o)
                0x40024daa                _setlocale_r
                0x40024d7c                __locale_charset
                0x40024d8a                _localeconv_r
                0x40024e0a                setlocale
                0x40024d98                localeconv
 *fill*         0x40024e22        0x2 00
 .text          0x40024e24      0x178 c:/nburn/gcc-m68k/bin/../lib/gcc/m68k-elf/4.2.1/../../../../m68k-elf/lib/m5206e\libc.a(lib_a-makebuf.o)
                0x40024e24                __smakebuf
 .text          0x40024f9c       0xd2 c:/nburn/gcc-m68k/bin/../lib/gcc/m68k-elf/4.2.1/../../../../m68k-elf/lib/m5206e\libc.a(lib_a-memchr.o)
                0x40024f9c                memchr
 *fill*         0x4002506e        0x2 00
 .text          0x40025070       0xb6 c:/nburn/gcc-m68k/bin/../lib/gcc/m68k-elf/4.2.1/../../../../m68k-elf/lib/m5206e\libc.a(lib_a-memmove.o)
                0x40025070                memmove
 *fill*         0x40025126        0x2 00
 .text          0x40025128      0xc78 c:/nburn/gcc-m68k/bin/../lib/gcc/m68k-elf/4.2.1/../../../../m68k-elf/lib/m5206e\libc.a(lib_a-mprec.o)
                0x4002547c                _mprec_log10
                0x40025532                __any_on
                0x400255d8                _Balloc
                0x400253ea                __ratio
                0x40025b00                __i2b
                0x400252fa                __b2d
                0x40025cc8                __s2b
                0x40025218                __mcmp
                0x40025128                __hi0bits
                0x40025be6                __pow5mult
                0x400258e4                __lshift
                0x40025992                __multiply
                0x4002568e                __d2b
                0x400254ee                __copybits
                0x40025278                __ulp
                0x400257a4                __mdiff
                0x4002518c                __lo0bits
                0x40025b22                __multadd
                0x4002559e                _Bfree
 .text          0x40025da0      0x502 c:/nburn/gcc-m68k/bin/../lib/gcc/m68k-elf/4.2.1/../../../../m68k-elf/lib/m5206e\libc.a(lib_a-reallocr.o)
                0x40025da0                _realloc_r
 *fill*         0x400262a2        0x2 00
 .text          0x400262a4      0x21c c:/nburn/gcc-m68k/bin/../lib/gcc/m68k-elf/4.2.1/../../../../m68k-elf/lib/m5206e\libc.a(lib_a-refill.o)
                0x400262c8                __srefill_r
 .text          0x400264c0       0x42 c:/nburn/gcc-m68k/bin/../lib/gcc/m68k-elf/4.2.1/../../../../m68k-elf/lib/m5206e\libc.a(lib_a-s_isinfd.o)
                0x400264c0                __isinfd
 *fill*         0x40026502        0x2 00
 .text          0x40026504       0x34 c:/nburn/gcc-m68k/bin/../lib/gcc/m68k-elf/4.2.1/../../../../m68k-elf/lib/m5206e\libc.a(lib_a-s_isnand.o)
                0x40026504                __isnand
 .text          0x40026538      0x162 c:/nburn/gcc-m68k/bin/../lib/gcc/m68k-elf/4.2.1/../../../../m68k-elf/lib/m5206e\libc.a(lib_a-stdio.o)
                0x40026556                __sseek
                0x40026648                __sread
                0x40026538                __sclose
                0x400265b8                __swrite
 *fill*         0x4002669a        0x2 00
 .text          0x4002669c       0x70 c:/nburn/gcc-m68k/bin/../lib/gcc/m68k-elf/4.2.1/../../../../m68k-elf/lib/m5206e\libc.a(lib_a-strcmp.o)
                0x4002669c                strcmp
 .text          0x4002670c       0x3e c:/nburn/gcc-m68k/bin/../lib/gcc/m68k-elf/4.2.1/../../../../m68k-elf/lib/m5206e\libc.a(lib_a-writer.o)
                0x4002670c                _write_r
 *fill*         0x4002674a        0x2 00
 .text          0x4002674c       0x92 c:/nburn/gcc-m68k/bin/../lib/gcc/m68k-elf/4.2.1/../../../../m68k-elf/lib/m5206e\libc.a(lib_a-callocr.o)
                0x4002674c                _calloc_r
 *fill*         0x400267de        0x2 00
 .text          0x400267e0       0x32 c:/nburn/gcc-m68k/bin/../lib/gcc/m68k-elf/4.2.1/../../../../m68k-elf/lib/m5206e\libc.a(lib_a-closer.o)
                0x400267e0                _close_r
 *fill*         0x40026812        0x2 00
 .text          0x40026814       0xfe c:/nburn/gcc-m68k/bin/../lib/gcc/m68k-elf/4.2.1/../../../../m68k-elf/lib/m5206e\libc.a(lib_a-fclose.o)
                0x40026814                _fclose_r
                0x400268fc                fclose
 *fill*         0x40026912        0x2 00
 .text          0x40026914       0x36 c:/nburn/gcc-m68k/bin/../lib/gcc/m68k-elf/4.2.1/../../../../m68k-elf/lib/m5206e\libc.a(lib_a-fstatr.o)
                0x40026914                _fstat_r
 *fill*         0x4002694a        0x2 00
 .text          0x4002694c       0x3e c:/nburn/gcc-m68k/bin/../lib/gcc/m68k-elf/4.2.1/../../../../m68k-elf/lib/m5206e\libc.a(lib_a-lseekr.o)
                0x4002694c                _lseek_r
 *fill*         0x4002698a        0x2 00
 .text          0x4002698c       0x3e c:/nburn/gcc-m68k/bin/../lib/gcc/m68k-elf/4.2.1/../../../../m68k-elf/lib/m5206e\libc.a(lib_a-readr.o)
                0x4002698c                _read_r
 *fill*         0x400269ca        0x2 00
 .text          0x400269cc       0x22 c:/nburn/gcc-m68k/bin/../lib/gcc/m68k-elf/4.2.1/m5206e\libgcc.a(_gtdf2.o)
                0x400269cc                __gtdf2
 *fill*         0x400269ee        0x2 00
 .text          0x400269f0       0x22 c:/nburn/gcc-m68k/bin/../lib/gcc/m68k-elf/4.2.1/m5206e\libgcc.a(_ltdf2.o)
                0x400269f0                __ltdf2
 *fill*         0x40026a12        0x2 00
 .text          0x40026a14       0x72 c:/nburn/gcc-m68k/bin/../lib/gcc/m68k-elf/4.2.1/m5206e\libgcc.a(_muldi3.o)
                0x40026a14                __muldi3
 *fill*         0x40026a86        0x2 00
 .text          0x40026a88      0x4f6 c:/nburn/gcc-m68k/bin/../lib/gcc/m68k-elf/4.2.1/m5206e\libgcc.a(_udivdi3.o)
                0x40026a88                __udivdi3
 *fill*         0x40026f7e        0x2 00
 .text          0x40026f80      0x4f8 c:/nburn/gcc-m68k/bin/../lib/gcc/m68k-elf/4.2.1/m5206e\libgcc.a(_umoddi3.o)
                0x40026f80                __umoddi3
 .text          0x40027478        0x0 c:/nburn/gcc-m68k/bin/../lib/gcc/m68k-elf/4.2.1/m5206e\libgcc.a(_clz.o)
 .text          0x40027478       0x32 c:/nburn/gcc-m68k/bin/../lib/gcc/m68k-elf/4.2.1/m5206e/crtend.o
                0x400274b0                . = ALIGN (0x10)
 *fill*         0x400274aa        0x6 00
 *(.text.*)
                0x400274b0                . = ALIGN (0x10)
 *(.eh_frame)
 .eh_frame      0x400274b0        0x0 c:/nburn/gcc-m68k/bin/../lib/gcc/m68k-elf/4.2.1/m5206e/crtbegin.o
 .eh_frame      0x400274b0       0x40 c:/nburn/gcc-m68k/bin/../lib/gcc/m68k-elf/4.2.1/m5206e\libgcc.a(_udivdi3.o)
 .eh_frame      0x400274f0       0x2c c:/nburn/gcc-m68k/bin/../lib/gcc/m68k-elf/4.2.1/m5206e\libgcc.a(_umoddi3.o)
                                 0x40 (size before relaxing)
 .eh_frame      0x4002751c        0x4 c:/nburn/gcc-m68k/bin/../lib/gcc/m68k-elf/4.2.1/m5206e/crtend.o
                0x40027520                . = ALIGN (0x10)
 *fill*         0x40027520        0x0 00
 *(.gnu.linkonce.t.*)
                0x40027520                . = ALIGN (0x4)
                0x40027520                __CTOR_LIST__ = .
 *(.ctors)
 .ctors         0x40027520        0x4 c:/nburn/gcc-m68k/bin/../lib/gcc/m68k-elf/4.2.1/m5206e/crtbegin.o
 .ctors         0x40027524        0x4 C:\nburn/lib/MOD5441X.a(serial.o)
 .ctors         0x40027528        0x4 C:\nburn/lib/MOD5441X.a(HiResTimer.o)
 .ctors         0x4002752c        0x4 C:\nburn/lib/NetBurner.a(ip.o)
 .ctors         0x40027530        0x4 C:\nburn/lib/NetBurner.a(buffers.o)
 .ctors         0x40027534        0x4 C:\nburn/lib/NetBurner.a(tcp.o)
 .ctors         0x40027538        0x4 c:/nburn/gcc-m68k/bin/../lib/gcc/m68k-elf/4.2.1/m5206e/crtend.o
                0x4002753c                __CTOR_END__ = .
                0x4002753c        0x4 LONG 0x0
                0x40027540                __CTOR_END__ = .
                0x40027540                __DTOR_LIST__ = .
                0x40027540                ___DTOR_LIST__ = .
                0x40027540        0x4 LONG 0x2 (((__DTOR_END__ - __DTOR_LIST__) / 0x4) - 0x2)
 *(.dtors)
 .dtors         0x40027544        0x4 c:/nburn/gcc-m68k/bin/../lib/gcc/m68k-elf/4.2.1/m5206e/crtbegin.o
 .dtors         0x40027548        0x4 c:/nburn/gcc-m68k/bin/../lib/gcc/m68k-elf/4.2.1/m5206e/crtend.o
                0x4002754c        0x4 LONG 0x0
                0x40027550                __DTOR_END__ = .
 *(.rodata)
 .rodata        0x40027550       0x50 C:\nburn/lib/MOD5441X.a(serial.o)
 .rodata        0x400275a0      0x108 C:\nburn/lib/NetBurner.a(ucos.o)
                0x400275a8                FAKE_OSUnMapTbl
                0x400275a0                FAKE_OSMapTbl
 .rodata        0x400276a8       0xb8 C:\nburn/lib/NetBurner.a(utils.o)
 .rodata        0x40027760        0x4 C:\nburn/lib/NetBurner.a(buffers.o)
 .rodata        0x40027764        0x2 C:\nburn/lib/NetBurner.a(udp.o)
 .rodata        0x40027766        0xd C:\nburn/lib/NetBurner.a(tcp.o)
 *fill*         0x40027773        0x1 00
 .rodata        0x40027774      0x400 C:\nburn/lib/MOD5441X.a(emulticast.o)
 .rodata        0x40027b74        0x4 c:/nburn/gcc-m68k/bin/../lib/gcc/m68k-elf/4.2.1/../../../../m68k-elf/lib/m5206e\libc.a(lib_a-impure.o)
                0x40027b74                _global_impure_ptr
 .rodata        0x40027b78       0x20 c:/nburn/gcc-m68k/bin/../lib/gcc/m68k-elf/4.2.1/../../../../m68k-elf/lib/m5206e\libc.a(lib_a-vfiprintf.o)
 .rodata        0x40027b98       0x20 c:/nburn/gcc-m68k/bin/../lib/gcc/m68k-elf/4.2.1/../../../../m68k-elf/lib/m5206e\libc.a(lib_a-vfprintf.o)
 .rodata        0x40027bb8      0x101 c:/nburn/gcc-m68k/bin/../lib/gcc/m68k-elf/4.2.1/../../../../m68k-elf/lib/m5206e\libc.a(lib_a-ctype_.o)
                0x40027bb8                _ctype_
 *fill*         0x40027cb9        0x1 00
 .rodata        0x40027cba       0x34 c:/nburn/gcc-m68k/bin/../lib/gcc/m68k-elf/4.2.1/../../../../m68k-elf/lib/m5206e\libc.a(lib_a-locale.o)
 .rodata        0x40027cee      0x124 c:/nburn/gcc-m68k/bin/../lib/gcc/m68k-elf/4.2.1/../../../../m68k-elf/lib/m5206e\libc.a(lib_a-mprec.o)
                0x40027dde                __mprec_tinytens
                0x40027cee                __mprec_tens
                0x40027db6                __mprec_bigtens
 .rodata        0x40027e12      0x100 c:/nburn/gcc-m68k/bin/../lib/gcc/m68k-elf/4.2.1/m5206e\libgcc.a(_clz.o)
                0x40027e12                __clz_tab
 *(.rodata.*)
 .rodata.str1.1
                0x40027f12       0x16 NB_Test4.o
 .rodata.str1.1
                0x40027f28        0x9 C:\nburn/lib/MOD5441X.a(bsp.o)
 .rodata.str1.1
                0x40027f31      0x15a C:\nburn/lib/MOD5441X.a(serial.o)
 .rodata.str1.1
                0x4002808b       0xcf C:\nburn/lib/MOD5441X.a(HiResTimer.o)
 .rodata.str1.1
                0x4002815a        0x5 C:\nburn/lib/NetBurner.a(ucos.o)
 .rodata.str1.1
                0x4002815f        0x3 C:\nburn/lib/NetBurner.a(fileio.o)
                                  0x6 (size before relaxing)
 .rodata.str1.1
                0x40028162       0xc9 C:\nburn/lib/NetBurner.a(system.o)
                                 0xcd (size before relaxing)
 .rodata.str1.1
                0x4002822b        0x5 C:\nburn/lib/NetBurner.a(main.o)
 .rodata.str1.1
                0x40028230      0x179 C:\nburn/lib/NetBurner.a(utils.o)
                                0x17b (size before relaxing)
 .rodata.str1.1
                0x400283a9      0x212 C:\nburn/lib/NetBurner.a(ip.o)
                                0x217 (size before relaxing)
 .rodata.str1.1
                0x400285bb       0x68 C:\nburn/lib/NetBurner.a(buffers.o)
                                 0x70 (size before relaxing)
 .rodata.str1.1
                0x40028623       0x50 C:\nburn/lib/NetBurner.a(arp.o)
 .rodata.str1.1
                0x40028673       0x18 C:\nburn/lib/NetBurner.a(udp.o)
 .rodata.str1.1
                0x4002868b      0x38f C:\nburn/lib/NetBurner.a(tcp.o)
                                0x392 (size before relaxing)
 .rodata.str1.1
                0x40028a1a        0x8 C:\nburn/lib/NetBurner.a(defappname.o)
 .rodata.str1.1
                0x40028a22       0xa4 C:\nburn/lib/NetBurner.a(taskmon.o)
                                 0xa7 (size before relaxing)
 .rodata.str1.1
                0x40028ac6      0x4f9 C:\nburn/lib/NetBurner.a(smarttrap.o)
                                0x540 (size before relaxing)
 .rodata.str1.1
                0x40028fbf        0xe C:\nburn/lib/MOD5441X.a(ethernet.o)
 .rodata.str1.1
                0x40028fcd      0x452 C:\nburn/lib/MOD5441X.a(etherprint.o)
                                0x46c (size before relaxing)
 .rodata.str1.1
                0x4002941f        0x2 c:/nburn/gcc-m68k/bin/../lib/gcc/m68k-elf/4.2.1/../../../../m68k-elf/lib/m5206e\libc.a(lib_a-impure.o)
 .rodata.str1.1
                0x00000000        0x2 c:/nburn/gcc-m68k/bin/../lib/gcc/m68k-elf/4.2.1/../../../../m68k-elf/lib/m5206e\libc.a(lib_a-puts.o)
 .rodata.str1.1
                0x40029421       0x43 c:/nburn/gcc-m68k/bin/../lib/gcc/m68k-elf/4.2.1/../../../../m68k-elf/lib/m5206e\libc.a(lib_a-vfiprintf.o)
 .rodata.str1.1
                0x40029464       0x10 c:/nburn/gcc-m68k/bin/../lib/gcc/m68k-elf/4.2.1/../../../../m68k-elf/lib/m5206e\libc.a(lib_a-vfprintf.o)
                                 0x57 (size before relaxing)
 .rodata.str1.1
                0x40029474       0x1d c:/nburn/gcc-m68k/bin/../lib/gcc/m68k-elf/4.2.1/../../../../m68k-elf/lib/m5206e\libc.a(lib_a-wctomb_r.o)
 .rodata.str1.1
                0x40029491        0xd c:/nburn/gcc-m68k/bin/../lib/gcc/m68k-elf/4.2.1/../../../../m68k-elf/lib/m5206e\libc.a(lib_a-dtoa.o)
                                  0xf (size before relaxing)
 .rodata.str1.1
                0x4002949e        0xb c:/nburn/gcc-m68k/bin/../lib/gcc/m68k-elf/4.2.1/../../../../m68k-elf/lib/m5206e\libc.a(lib_a-locale.o)
                                 0x10 (size before relaxing)
 *(.gnu.linkonce.*)
 *(.gcc_except_table)
                0x400294ac                . = ALIGN (0x4)
 *fill*         0x400294a9        0x3 00
                0x400294ac                __INIT_SECTION__ = .
                0x400294ac        0x4 LONG 0x4e560000
 *(.init)
 .init          0x400294b0        0x6 c:/nburn/gcc-m68k/bin/../lib/gcc/m68k-elf/4.2.1/m5206e/crtbegin.o
 .init          0x400294b6        0x6 c:/nburn/gcc-m68k/bin/../lib/gcc/m68k-elf/4.2.1/m5206e/crtend.o
                0x400294bc        0x2 SHORT 0x4e5e
                0x400294be        0x2 SHORT 0x4e75
                0x400294c0                . = ALIGN (0x4)
                0x400294c0                __FINI_SECTION__ = .
                0x400294c0        0x4 LONG 0x4e560000
 *(.fini)
 .fini          0x400294c4        0x6 c:/nburn/gcc-m68k/bin/../lib/gcc/m68k-elf/4.2.1/m5206e/crtbegin.o
                0x400294ca        0x2 SHORT 0x4e5e
                0x400294cc        0x2 SHORT 0x4e75
 *(.lit)
                0x400294d0                . = ALIGN (0x10)
 *fill*         0x400294ce        0x2 00
                0x400294d0                _etext = .
                0x400294d0                etext = .

.data           0x400294d0      0x860
                0x400294d0                copy_start = .
 *(.shdata)
 *(.data)
 .data          0x400294d0        0x4 c:/nburn/gcc-m68k/bin/../lib/gcc/m68k-elf/4.2.1/../../../../m68k-elf/lib/m5206e\nb-crt0.o
 .data          0x400294d4        0x8 c:/nburn/gcc-m68k/bin/../lib/gcc/m68k-elf/4.2.1/m5206e/crtbegin.o
                0x400294d4                __dso_handle
 .data          0x400294dc        0x0 QUADIMU_NB2_initPINS.o
 .data          0x400294dc        0x0 NB_Test4.o
 .data          0x400294dc        0x4 C:\nburn/lib/MOD5441X.a(bsp.o)
                0x400294dc                PlatformName
 .data          0x400294e0        0x0 C:\nburn/lib/MOD5441X.a(serial.o)
 .data          0x400294e0        0x0 C:\nburn/lib/MOD5441X.a(pins.o)
 .data          0x400294e0        0x0 C:\nburn/lib/MOD5441X.a(HiResTimer.o)
 .data          0x400294e0        0x1 C:\nburn/lib/MOD5441X.a(dspi.o)
 *fill*         0x400294e1        0x3 00
 .data          0x400294e4        0x0 C:\nburn/lib/MOD5441X.a(localio.o)
 .data          0x400294e4        0x0 C:\nburn/lib/NetBurner.a(ucosmcfa.o)
 .data          0x400294e4        0x0 C:\nburn/lib/NetBurner.a(software_init.o)
 .data          0x400294e4        0x0 C:\nburn/lib/NetBurner.a(ucosmcfc.o)
 .data          0x400294e4        0x0 C:\nburn/lib/NetBurner.a(ucos.o)
 .data          0x400294e4        0x0 C:\nburn/lib/NetBurner.a(ucosmain.o)
 .data          0x400294e4        0x0 C:\nburn/lib/NetBurner.a(fileio.o)
 .data          0x400294e4        0x0 C:\nburn/lib/NetBurner.a(system.o)
 .data          0x400294e4        0x0 C:\nburn/lib/NetBurner.a(main.o)
 .data          0x400294e4        0x0 C:\nburn/lib/NetBurner.a(utils.o)
 .data          0x400294e4        0x0 C:\nburn/lib/NetBurner.a(ip.o)
 .data          0x400294e4        0x0 C:\nburn/lib/NetBurner.a(buffers.o)
 .data          0x400294e4        0x0 C:\nburn/lib/NetBurner.a(arp.o)
 .data          0x400294e4        0x0 C:\nburn/lib/NetBurner.a(udp.o)
 .data          0x400294e4        0x0 C:\nburn/lib/NetBurner.a(tcp.o)
 .data          0x400294e4        0x0 C:\nburn/lib/NetBurner.a(extraio.o)
 .data          0x400294e4        0x0 C:\nburn/lib/NetBurner.a(iosys.o)
 .data          0x400294e4        0x0 C:\nburn/lib/NetBurner.a(autoip.o)
 .data          0x400294e4        0x4 C:\nburn/lib/NetBurner.a(defappname.o)
                0x400294e4                AppName
 .data          0x400294e8        0x0 C:\nburn/lib/NetBurner.a(netinterface.o)
 .data          0x400294e8        0x0 C:\nburn/lib/NetBurner.a(taskmon.o)
 .data          0x400294e8        0x0 C:\nburn/lib/NetBurner.a(smarttrap.o)
 .data          0x400294e8        0x0 C:\nburn/lib/NetBurner.a(autoupdate.o)
 .data          0x400294e8        0x0 C:\nburn/lib/NetBurner.a(device.o)
 .data          0x400294e8        0x0 C:\nburn/lib/NetBurner.a(new_ops.o)
 .data          0x400294e8        0x0 C:\nburn/lib/MOD5441X.a(flash.o)
 .data          0x400294e8        0x4 C:\nburn/lib/MOD5441X.a(ethernet.o)
                0x400294e8                AutoNeg
                0x400294ea                wait
 .data          0x400294ec        0x0 C:\nburn/lib/MOD5441X.a(etherprint.o)
 .data          0x400294ec        0x0 C:\nburn/lib/MOD5441X.a(emulticast.o)
 .data          0x400294ec        0x0 C:\nburn/lib/NetBurner.a(netrx.o)
 .data          0x400294ec        0x0 c:/nburn/gcc-m68k/bin/../lib/gcc/m68k-elf/4.2.1/m5206e\libgcc.a(_double.o)
 .data          0x400294ec       0x1c c:/nburn/gcc-m68k/bin/../lib/gcc/m68k-elf/4.2.1/m5206e\libgcc.a(_floatex.o)
                0x400294ec                _fpCCR
 .data          0x40029508        0x0 c:/nburn/gcc-m68k/bin/../lib/gcc/m68k-elf/4.2.1/m5206e\libgcc.a(_eqdf2.o)
 .data          0x40029508        0x0 c:/nburn/gcc-m68k/bin/../lib/gcc/m68k-elf/4.2.1/m5206e\libgcc.a(_nedf2.o)
 .data          0x40029508        0x0 c:/nburn/gcc-m68k/bin/../lib/gcc/m68k-elf/4.2.1/m5206e\libgcc.a(_fixunsdfsi.o)
 .data          0x40029508        0x0 c:/nburn/gcc-m68k/bin/../lib/gcc/m68k-elf/4.2.1/m5206e\libgcc.a(fpgnulib.o)
 .data          0x40029508        0x0 c:/nburn/gcc-m68k/bin/../lib/gcc/m68k-elf/4.2.1/m5206e\libgcc.a(_gedf2.o)
 .data          0x40029508        0x0 c:/nburn/gcc-m68k/bin/../lib/gcc/m68k-elf/4.2.1/../../../../m68k-elf/lib/m5206e\libc.a(lib_a-atoi.o)
 .data          0x40029508        0x0 c:/nburn/gcc-m68k/bin/../lib/gcc/m68k-elf/4.2.1/../../../../m68k-elf/lib/m5206e\libc.a(lib_a-cxa_atexit.o)
 .data          0x40029508        0x0 c:/nburn/gcc-m68k/bin/../lib/gcc/m68k-elf/4.2.1/../../../../m68k-elf/lib/m5206e\libc.a(lib_a-errno.o)
 .data          0x40029508        0x0 c:/nburn/gcc-m68k/bin/../lib/gcc/m68k-elf/4.2.1/../../../../m68k-elf/lib/m5206e\libc.a(lib_a-fiprintf.o)
 .data          0x40029508      0x3f6 c:/nburn/gcc-m68k/bin/../lib/gcc/m68k-elf/4.2.1/../../../../m68k-elf/lib/m5206e\libc.a(lib_a-impure.o)
                0x40029508                _impure_ptr
 *fill*         0x400298fe        0x2 00
 .data          0x40029900        0x0 c:/nburn/gcc-m68k/bin/../lib/gcc/m68k-elf/4.2.1/../../../../m68k-elf/lib/m5206e\libc.a(lib_a-iprintf.o)
 .data          0x40029900        0x0 c:/nburn/gcc-m68k/bin/../lib/gcc/m68k-elf/4.2.1/../../../../m68k-elf/lib/m5206e\libc.a(lib_a-malloc.o)
 .data          0x40029900      0x410 c:/nburn/gcc-m68k/bin/../lib/gcc/m68k-elf/4.2.1/../../../../m68k-elf/lib/m5206e\libc.a(lib_a-mallocr.o)
                0x40029d0c                __malloc_sbrk_base
                0x40029900                __malloc_av_
                0x40029d08                __malloc_trim_threshold
 .data          0x40029d10        0x0 c:/nburn/gcc-m68k/bin/../lib/gcc/m68k-elf/4.2.1/../../../../m68k-elf/lib/m5206e\libc.a(lib_a-puts.o)
 .data          0x40029d10        0x0 c:/nburn/gcc-m68k/bin/../lib/gcc/m68k-elf/4.2.1/../../../../m68k-elf/lib/m5206e\libc.a(lib_a-rand.o)
 .data          0x40029d10        0x0 c:/nburn/gcc-m68k/bin/../lib/gcc/m68k-elf/4.2.1/../../../../m68k-elf/lib/m5206e\libc.a(lib_a-rget.o)
 .data          0x40029d10        0x0 c:/nburn/gcc-m68k/bin/../lib/gcc/m68k-elf/4.2.1/../../../../m68k-elf/lib/m5206e\libc.a(lib_a-setvbuf.o)
 .data          0x40029d10        0x0 c:/nburn/gcc-m68k/bin/../lib/gcc/m68k-elf/4.2.1/../../../../m68k-elf/lib/m5206e\libc.a(lib_a-siprintf.o)
 .data          0x40029d10        0x0 c:/nburn/gcc-m68k/bin/../lib/gcc/m68k-elf/4.2.1/../../../../m68k-elf/lib/m5206e\libc.a(lib_a-sprintf.o)
 .data          0x40029d10        0x0 c:/nburn/gcc-m68k/bin/../lib/gcc/m68k-elf/4.2.1/../../../../m68k-elf/lib/m5206e\libc.a(lib_a-strlen.o)
 .data          0x40029d10        0x0 c:/nburn/gcc-m68k/bin/../lib/gcc/m68k-elf/4.2.1/../../../../m68k-elf/lib/m5206e\libc.a(lib_a-strtol.o)
 .data          0x40029d10        0x0 c:/nburn/gcc-m68k/bin/../lib/gcc/m68k-elf/4.2.1/../../../../m68k-elf/lib/m5206e\libc.a(lib_a-vfiprintf.o)
 .data          0x40029d10        0x0 c:/nburn/gcc-m68k/bin/../lib/gcc/m68k-elf/4.2.1/../../../../m68k-elf/lib/m5206e\libc.a(lib_a-vfprintf.o)
 .data          0x40029d10        0x0 c:/nburn/gcc-m68k/bin/../lib/gcc/m68k-elf/4.2.1/../../../../m68k-elf/lib/m5206e\libc.a(lib_a-wbuf.o)
 .data          0x40029d10        0x0 c:/nburn/gcc-m68k/bin/../lib/gcc/m68k-elf/4.2.1/../../../../m68k-elf/lib/m5206e\libc.a(lib_a-wcrtomb.o)
 .data          0x40029d10        0x0 c:/nburn/gcc-m68k/bin/../lib/gcc/m68k-elf/4.2.1/../../../../m68k-elf/lib/m5206e\libc.a(lib_a-wcsrtombs.o)
 .data          0x40029d10        0x0 c:/nburn/gcc-m68k/bin/../lib/gcc/m68k-elf/4.2.1/../../../../m68k-elf/lib/m5206e\libc.a(lib_a-wctomb_r.o)
 .data          0x40029d10        0x0 c:/nburn/gcc-m68k/bin/../lib/gcc/m68k-elf/4.2.1/../../../../m68k-elf/lib/m5206e\libc.a(lib_a-wsetup.o)
 .data          0x40029d10        0x0 c:/nburn/gcc-m68k/bin/../lib/gcc/m68k-elf/4.2.1/../../../../m68k-elf/lib/m5206e\libc.a(lib_a-__atexit.o)
 .data          0x40029d10        0x4 c:/nburn/gcc-m68k/bin/../lib/gcc/m68k-elf/4.2.1/../../../../m68k-elf/lib/m5206e\libc.a(lib_a-ctype_.o)
                0x40029d10                __ctype_ptr
 .data          0x40029d14        0x0 c:/nburn/gcc-m68k/bin/../lib/gcc/m68k-elf/4.2.1/../../../../m68k-elf/lib/m5206e\libc.a(lib_a-dtoa.o)
 .data          0x40029d14        0x0 c:/nburn/gcc-m68k/bin/../lib/gcc/m68k-elf/4.2.1/../../../../m68k-elf/lib/m5206e\libc.a(lib_a-fflush.o)
 .data          0x40029d14        0x0 c:/nburn/gcc-m68k/bin/../lib/gcc/m68k-elf/4.2.1/../../../../m68k-elf/lib/m5206e\libc.a(lib_a-findfp.o)
 .data          0x40029d14        0x0 c:/nburn/gcc-m68k/bin/../lib/gcc/m68k-elf/4.2.1/../../../../m68k-elf/lib/m5206e\libc.a(lib_a-freer.o)
 .data          0x40029d14        0x0 c:/nburn/gcc-m68k/bin/../lib/gcc/m68k-elf/4.2.1/../../../../m68k-elf/lib/m5206e\libc.a(lib_a-fvwrite.o)
 .data          0x40029d14        0x0 c:/nburn/gcc-m68k/bin/../lib/gcc/m68k-elf/4.2.1/../../../../m68k-elf/lib/m5206e\libc.a(lib_a-fwalk.o)
 .data          0x40029d14       0x10 c:/nburn/gcc-m68k/bin/../lib/gcc/m68k-elf/4.2.1/../../../../m68k-elf/lib/m5206e\libc.a(lib_a-locale.o)
                0x40029d14                __mb_cur_max
                0x40029d18                __lc_ctype
 .data          0x40029d24        0x0 c:/nburn/gcc-m68k/bin/../lib/gcc/m68k-elf/4.2.1/../../../../m68k-elf/lib/m5206e\libc.a(lib_a-makebuf.o)
 .data          0x40029d24        0x0 c:/nburn/gcc-m68k/bin/../lib/gcc/m68k-elf/4.2.1/../../../../m68k-elf/lib/m5206e\libc.a(lib_a-memchr.o)
 .data          0x40029d24        0x0 c:/nburn/gcc-m68k/bin/../lib/gcc/m68k-elf/4.2.1/../../../../m68k-elf/lib/m5206e\libc.a(lib_a-memmove.o)
 .data          0x40029d24        0x0 c:/nburn/gcc-m68k/bin/../lib/gcc/m68k-elf/4.2.1/../../../../m68k-elf/lib/m5206e\libc.a(lib_a-mprec.o)
 .data          0x40029d24        0x0 c:/nburn/gcc-m68k/bin/../lib/gcc/m68k-elf/4.2.1/../../../../m68k-elf/lib/m5206e\libc.a(lib_a-reallocr.o)
 .data          0x40029d24        0x0 c:/nburn/gcc-m68k/bin/../lib/gcc/m68k-elf/4.2.1/../../../../m68k-elf/lib/m5206e\libc.a(lib_a-refill.o)
 .data          0x40029d24        0x0 c:/nburn/gcc-m68k/bin/../lib/gcc/m68k-elf/4.2.1/../../../../m68k-elf/lib/m5206e\libc.a(lib_a-s_isinfd.o)
 .data          0x40029d24        0x0 c:/nburn/gcc-m68k/bin/../lib/gcc/m68k-elf/4.2.1/../../../../m68k-elf/lib/m5206e\libc.a(lib_a-s_isnand.o)
 .data          0x40029d24        0x0 c:/nburn/gcc-m68k/bin/../lib/gcc/m68k-elf/4.2.1/../../../../m68k-elf/lib/m5206e\libc.a(lib_a-stdio.o)
 .data          0x40029d24        0x0 c:/nburn/gcc-m68k/bin/../lib/gcc/m68k-elf/4.2.1/../../../../m68k-elf/lib/m5206e\libc.a(lib_a-strcmp.o)
 .data          0x40029d24        0x0 c:/nburn/gcc-m68k/bin/../lib/gcc/m68k-elf/4.2.1/../../../../m68k-elf/lib/m5206e\libc.a(lib_a-writer.o)
 .data          0x40029d24        0x0 c:/nburn/gcc-m68k/bin/../lib/gcc/m68k-elf/4.2.1/../../../../m68k-elf/lib/m5206e\libc.a(lib_a-callocr.o)
 .data          0x40029d24        0x0 c:/nburn/gcc-m68k/bin/../lib/gcc/m68k-elf/4.2.1/../../../../m68k-elf/lib/m5206e\libc.a(lib_a-closer.o)
 .data          0x40029d24        0x0 c:/nburn/gcc-m68k/bin/../lib/gcc/m68k-elf/4.2.1/../../../../m68k-elf/lib/m5206e\libc.a(lib_a-fclose.o)
 .data          0x40029d24        0x0 c:/nburn/gcc-m68k/bin/../lib/gcc/m68k-elf/4.2.1/../../../../m68k-elf/lib/m5206e\libc.a(lib_a-fstatr.o)
 .data          0x40029d24        0x0 c:/nburn/gcc-m68k/bin/../lib/gcc/m68k-elf/4.2.1/../../../../m68k-elf/lib/m5206e\libc.a(lib_a-lseekr.o)
 .data          0x40029d24        0x0 c:/nburn/gcc-m68k/bin/../lib/gcc/m68k-elf/4.2.1/../../../../m68k-elf/lib/m5206e\libc.a(lib_a-readr.o)
 .data          0x40029d24        0x0 c:/nburn/gcc-m68k/bin/../lib/gcc/m68k-elf/4.2.1/m5206e\libgcc.a(_gtdf2.o)
 .data          0x40029d24        0x0 c:/nburn/gcc-m68k/bin/../lib/gcc/m68k-elf/4.2.1/m5206e\libgcc.a(_ltdf2.o)
 .data          0x40029d24        0x0 c:/nburn/gcc-m68k/bin/../lib/gcc/m68k-elf/4.2.1/m5206e\libgcc.a(_muldi3.o)
 .data          0x40029d24        0x0 c:/nburn/gcc-m68k/bin/../lib/gcc/m68k-elf/4.2.1/m5206e\libgcc.a(_udivdi3.o)
 .data          0x40029d24        0x0 c:/nburn/gcc-m68k/bin/../lib/gcc/m68k-elf/4.2.1/m5206e\libgcc.a(_umoddi3.o)
 .data          0x40029d24        0x0 c:/nburn/gcc-m68k/bin/../lib/gcc/m68k-elf/4.2.1/m5206e\libgcc.a(_clz.o)
 .data          0x40029d24        0x0 c:/nburn/gcc-m68k/bin/../lib/gcc/m68k-elf/4.2.1/m5206e/crtend.o
                0x40029d30                . = ALIGN (0x10)
 *fill*         0x40029d24        0xc 00
                0x40029d30                _edata = .
                0x40029d30                copy_end = .

.jcr            0x40029d30        0x4
 .jcr           0x40029d30        0x0 c:/nburn/gcc-m68k/bin/../lib/gcc/m68k-elf/4.2.1/m5206e/crtbegin.o
 .jcr           0x40029d30        0x4 c:/nburn/gcc-m68k/bin/../lib/gcc/m68k-elf/4.2.1/m5206e/crtend.o

.bss            0x40029d40    0x77624
                0x40029d40                . = ALIGN (0x4)
                0x40029d40                __bss_start = .
 *(.shbss)
 *(.bss)
 .bss           0x40029d40        0x0 c:/nburn/gcc-m68k/bin/../lib/gcc/m68k-elf/4.2.1/../../../../m68k-elf/lib/m5206e\nb-crt0.o
 .bss           0x40029d40       0x1a c:/nburn/gcc-m68k/bin/../lib/gcc/m68k-elf/4.2.1/m5206e/crtbegin.o
 *fill*         0x40029d5a        0x2 00
 .bss           0x40029d5c        0x0 QUADIMU_NB2_initPINS.o
 .bss           0x40029d5c     0x4062 NB_Test4.o
                0x40029db8                FiftyHzTaskFlag
                0x40029d78                Navcomp_send_buff
                0x40029d74                fdgrabber
                0x40029d5c                fdNavcomp
                0x40029d60                Nav_in_buff
                0x40029d70                fdcrank
 *fill*         0x4002ddbe        0x2 00
 .bss           0x4002ddc0        0x0 C:\nburn/lib/MOD5441X.a(bsp.o)
 .bss           0x4002ddc0      0x469 C:\nburn/lib/MOD5441X.a(serial.o)
                0x4002e0cc                Serial_Ioexp
                0x4002dde8                UartData
                0x4002e0dc                serisrcnt
                0x4002e0e4                serisrtcnt
                0x4002e0e0                serisrrcnt
                0x4002e0fc                p2
                0x4002e0f4                serisrtxcx
                0x4002e0ec                LastGCChan
                0x4002e0f8                p1
                0x4002e0f0                serisrtxc
                0x4002e0e8                LastIsrChan