Archive member included because of file (symbol)

C:\nburn/lib/MOD5441X.a(bsp.o)
                              c:/nburn/gcc-m68k/bin/../lib/gcc/m68k-elf/4.2.1/../../../../m68k-elf/lib/m5206e\nb-crt0.o (atexit)
C:\nburn/lib/MOD5441X.a(serial.o)
                              NB1_v9.o (SerialClose)
C:\nburn/lib/MOD5441X.a(pins.o)
                              NB1_v9.o (PinIO::set(unsigned char))
C:\nburn/lib/MOD5441X.a(HiResTimer.o)
                              NB1_v9.o (HiResTimer::getHiResTimer(int))
C:\nburn/lib/MOD5441X.a(dspi.o)
                              NB1_v9.o (DSPIdone(unsigned char))
C:\nburn/lib/MOD5441X.a(localio.o)
                              C:\nburn/lib/MOD5441X.a(serial.o) (GetUartRecord)
C:\nburn/lib/NetBurner.a(ucosmcfa.o)
                              C:\nburn/lib/MOD5441X.a(bsp.o) (OSCtxSw)
C:\nburn/lib/NetBurner.a(software_init.o)
                              c:/nburn/gcc-m68k/bin/../lib/gcc/m68k-elf/4.2.1/../../../../m68k-elf/lib/m5206e\nb-crt0.o (software_init_hook)
C:\nburn/lib/NetBurner.a(ucos.o)
                              C:\nburn/lib/MOD5441X.a(serial.o) (OSIntNesting)
C:\nburn/lib/NetBurner.a(ucosmain.o)
                              C:\nburn/lib/MOD5441X.a(bsp.o) (critical_count)
C:\nburn/lib/NetBurner.a(fileio.o)
                              C:\nburn/lib/MOD5441X.a(serial.o) (ReplaceStdio)
C:\nburn/lib/NetBurner.a(system.o)
                              C:\nburn/lib/MOD5441X.a(serial.o) (rnd_cnt)
C:\nburn/lib/NetBurner.a(main.o)
                              c:/nburn/gcc-m68k/bin/../lib/gcc/m68k-elf/4.2.1/../../../../m68k-elf/lib/m5206e\nb-crt0.o (main)
C:\nburn/lib/NetBurner.a(utils.o)
                              C:\nburn/lib/NetBurner.a(system.o) (AsciiToIp)
C:\nburn/lib/NetBurner.a(ip.o)
                              NB1_v9.o (InitializeStack(unsigned long, unsigned long, unsigned long, unsigned long))
C:\nburn/lib/NetBurner.a(buffers.o)
                              C:\nburn/lib/NetBurner.a(ip.o) (FreeBuffer)
C:\nburn/lib/NetBurner.a(arp.o)
                              C:\nburn/lib/NetBurner.a(ip.o) (wArpLifetime)
C:\nburn/lib/NetBurner.a(udp.o)
                              C:\nburn/lib/NetBurner.a(ip.o) (process_udp(pool_buffer*, IPPKT*, unsigned short))
C:\nburn/lib/NetBurner.a(tcp.o)
                              C:\nburn/lib/NetBurner.a(ip.o) (DumpTcpPacket(IPPKT*))
C:\nburn/lib/NetBurner.a(extraio.o)
                              C:\nburn/lib/MOD5441X.a(serial.o) (GetExtraFD)
C:\nburn/lib/NetBurner.a(iosys.o)
                              C:\nburn/lib/MOD5441X.a(serial.o) (FD_ZERO)
C:\nburn/lib/NetBurner.a(autoip.o)
                              C:\nburn/lib/NetBurner.a(arp.o) (AutoIPClient::addressCollision())
C:\nburn/lib/NetBurner.a(defappname.o)
                              C:\nburn/lib/NetBurner.a(udp.o) (AppName)
C:\nburn/lib/NetBurner.a(netinterface.o)
                              C:\nburn/lib/NetBurner.a(ip.o) (GetFirstInterface())
C:\nburn/lib/NetBurner.a(taskmon.o)
                              NB1_v9.o (EnableTaskMonitor())
C:\nburn/lib/NetBurner.a(smarttrap.o)
                              NB1_v9.o (EnableSmartTraps())
C:\nburn/lib/NetBurner.a(autoupdate.o)
                              NB1_v9.o (EnableAutoUpdate)
C:\nburn/lib/NetBurner.a(device.o)
                              C:\nburn/lib/NetBurner.a(main.o) (DeviceInitializeSem)
C:\nburn/lib/NetBurner.a(ucosmcfc.o)
                              C:\nburn/lib/NetBurner.a(ucos.o) (OSTaskCreatewName)
C:\nburn/lib/NetBurner.a(new_ops.o)
                              C:\nburn/lib/NetBurner.a(autoip.o) (operator new(unsigned long))
C:\nburn/lib/MOD5441X.a(flash.o)
                              C:\nburn/lib/NetBurner.a(system.o) (FlashErase)
C:\nburn/lib/MOD5441X.a(ethernet.o)
                              C:\nburn/lib/NetBurner.a(netinterface.o) (AddEthernetInterface())
C:\nburn/lib/MOD5441X.a(etherprint.o)
                              C:\nburn/lib/MOD5441X.a(ethernet.o) (EtherLink())
C:\nburn/lib/MOD5441X.a(emulticast.o)
                              C:\nburn/lib/MOD5441X.a(ethernet.o) (EthEnableMulticast(MACADR))
C:\nburn/lib/NetBurner.a(netrx.o)
                              C:\nburn/lib/MOD5441X.a(ethernet.o) (NetDoRX(pool_buffer*, unsigned short, int))
c:/nburn/gcc-m68k/bin/../lib/gcc/m68k-elf/4.2.1/m5206e\libgcc.a(_double.o)
                              C:\nburn/lib/MOD5441X.a(HiResTimer.o) (__adddf3)
c:/nburn/gcc-m68k/bin/../lib/gcc/m68k-elf/4.2.1/m5206e\libgcc.a(_floatex.o)
                              c:/nburn/gcc-m68k/bin/../lib/gcc/m68k-elf/4.2.1/m5206e\libgcc.a(_double.o) (_fpCCR)
c:/nburn/gcc-m68k/bin/../lib/gcc/m68k-elf/4.2.1/m5206e\libgcc.a(_eqdf2.o)
                              C:\nburn/lib/MOD5441X.a(HiResTimer.o) (__eqdf2)
c:/nburn/gcc-m68k/bin/../lib/gcc/m68k-elf/4.2.1/m5206e\libgcc.a(_nedf2.o)
                              C:\nburn/lib/MOD5441X.a(HiResTimer.o) (__nedf2)
c:/nburn/gcc-m68k/bin/../lib/gcc/m68k-elf/4.2.1/m5206e\libgcc.a(_fixunsdfsi.o)
[...]
Memory Configuration

Name             Origin             Length             Attributes
ram              0x40000400         0x03fffcff         xrw
SRAM             0x80000000         0x0000fff0         xrw
*default*        0x00000000         0xffffffff

Linker script and memory map

LOAD c:/nburn/gcc-m68k/bin/../lib/gcc/m68k-elf/4.2.1/../../../../m68k-elf/lib/m5206e\nb-crt0.o
LOAD c:/nburn/gcc-m68k/bin/../lib/gcc/m68k-elf/4.2.1/m5206e/crtbegin.o
LOAD NB1_v9.o
LOAD C:\nburn/MOD5441X/lib/sys.ld
                0x40000000                vector_base = 0x40000000
                0x80010000                SRAM_END_ADDR = 0x80010000
                0xc0000000                gConfigRec = 0xc0000000
                0xc0020000                UserParamBase = 0xc0020000
                0xc0040000                FlashAppBase = 0xc0040000
                0xec008000                sim1 = 0xec008000
                0xfc004000                sim2 = 0xfc004000
                0xfc0d4008                DBETHER_EMIR_REG = 0xfc0d4008
START GROUP
LOAD C:\nburn/lib/MOD5441X.a
LOAD C:\nburn/lib/NetBurner.a
LOAD C:\nburn/lib/FatFile.a
LOAD C:\nburn\lib\debugLibrary.a
LOAD C:\nburn\lib\Lua_Full.a
END GROUP
LOAD c:/nburn/gcc-m68k/bin/../lib/gcc/m68k-elf/4.2.1/../../../../m68k-elf/lib/m5206e\libstdc++.a
LOAD c:/nburn/gcc-m68k/bin/../lib/gcc/m68k-elf/4.2.1/../../../../m68k-elf/lib/m5206e\libm.a
LOAD c:/nburn/gcc-m68k/bin/../lib/gcc/m68k-elf/4.2.1/m5206e\libgcc.a
LOAD c:/nburn/gcc-m68k/bin/../lib/gcc/m68k-elf/4.2.1/../../../../m68k-elf/lib/m5206e\libc.a
LOAD c:/nburn/gcc-m68k/bin/../lib/gcc/m68k-elf/4.2.1/m5206e\libgcc.a
LOAD c:/nburn/gcc-m68k/bin/../lib/gcc/m68k-elf/4.2.1/m5206e/crtend.o
START GROUP
LOAD c:/nburn/gcc-m68k/bin/../lib/gcc/m68k-elf/4.2.1/../../../../m68k-elf/lib/m5206e\libc.a
LOAD c:/nburn/gcc-m68k/bin/../lib/gcc/m68k-elf/4.2.1/m5206e\libgcc.a
LOAD c:/nburn/gcc-m68k/bin/../lib/gcc/m68k-elf/4.2.1/../../../../m68k-elf/lib/m5206e\libm.a
END GROUP
                0x00000000                __DYNAMIC = 0x0
                0x44000000                PROVIDE (__stack, 0x44000000)
                0x00000000                PROVIDE (hardware_init_hook, 0x0)
                0x00000000                PROVIDE (_hardware_init_hook, 0x0)
                0x00000000                PROVIDE (software_init_hook, 0x0)
                0x00000000                PROVIDE (_software_init_hook, 0x0)

.SRAM_SECT      0x80000000     0x8d20
                0x80000000                SRAM_START = .
 *(SYS_VAR_SECT)
 SYS_VAR_SECT   0x80000000      0x388 C:\nburn/lib/MOD5441X.a(dspi.o)
                0x80000004                fakeRXData
                0x80000008                driverCxt
                0x80000000                fakeTXData
 SYS_VAR_SECT   0x80000388      0x238 C:\nburn/lib/NetBurner.a(ucos.o)
                0x800004b4                TimeTick
                0x800004a4                OSLockNesting
                0x800004ae                OSRunning
                0x80000490                OSTCBList
                0x800004b8                OSMapTbl
                0x800004b0                Secs
                0x8000049c                OSTCBFreeList
                0x800004ac                OSISRLevel
                0x80000498                OSTCBHighRdy
                0x800004a8                OSRdyGrp
                0x800004c0                OSUnMapTbl
                0x80000488                OSRdyTbl
                0x800004a0                OSIntNesting
                0x80000494                OSTCBCur
                0x80000388                OSTCBPrioTbl
 SYS_VAR_SECT   0x800005c0      0x1a8 C:\nburn/lib/NetBurner.a(ucosmain.o)
                0x800005d4                critical_count
                0x800005d8                OSTCBTbl
 SYS_VAR_SECT   0x80000768       0x1c C:\nburn/lib/NetBurner.a(fileio.o)
                0x80000780                pExtraFdFunc
 SYS_VAR_SECT   0x80000784       0x20 C:\nburn/lib/NetBurner.a(iosys.o)
                0x80000784                read_file_sets
                0x80000794                error_file_sets
                0x8000078c                write_file_sets
                0x800007a4                SYS_VAR_SECT_END = .
                0x800007b0                . = ALIGN (0x10)
 *fill*         0x800007a4        0xc 00
 *(IDLE_STK_SECT)
                0x800007b0                IDLE_STK_SECT_END = .
                0x800007b0                . = ALIGN (0x10)
 *(MAIN_STK_SECT)
 MAIN_STK_SECT  0x800007b0     0x2000 C:\nburn/lib/NetBurner.a(main.o)
                0x800007b0                MainStk
                0x800027b0                MAIN_STK_SECT_END = .
                0x800027b0                . = ALIGN (0x4)
 *(ETHER_VAR_SECT)
 ETHER_VAR_SECT
                0x800027b0      0x110 C:\nburn/lib/MOD5441X.a(ethernet.o)
                0x80002886                TxcPosts
                0x8000288a                TxcSems
                0x800027b0                EthernetMac
                0x8000287e                LastIsrStatus
                0x800027e0                RxBD
                0x80002870                TxBDFlag
                0x8000288e                RxIsr
                0x8000289c                PHY_addr
                0x80002882                RxPosts
                0x8000289e                PHY_ID
                0x80002896                bEthLink
                0x80002864                RxBDFlag
                0x8000287a                last_rxbd
                0x80002830                RxBDpp
                0x80002898                phy_data_pd
                0x800027b6                nTx
                0x80002892                TxIsr
                0x80002858                TxBDpp
                0x800027c0                TxBD
                0x800028c0                ETHER_VAR_SECT_END = .
                0x800028c0                . = ALIGN (0x10)
 *(ETHER_STK_SECT)
 ETHER_STK_SECT
                0x800028c0     0x2000 C:\nburn/lib/MOD5441X.a(ethernet.o)
                0x800028c0                EtherSendStk
                0x800048c0                ETHER_STK_SECT_END = .
                0x800048c0                . = ALIGN (0x4)
 *(IP_VAR_SECT)
 IP_VAR_SECT    0x800048c0      0x2fa C:\nburn/lib/NetBurner.a(ip.o)
                0x800048c2                bTTL_Default
                0x80004bb2                next_arp_time
                0x800048c4                ipRxFifo
                0x800048f6                multi_home_if_record
                0x800048d6                IcmpFifo
                0x800048f2                nAdditional_Homes
                0x800048c0                wGlobalPktId
                0x800048e6                pPromisciousPacketFunc
                0x800048ee                pFragFunc
                0x800048ea                pMultiCastFunc
                0x80004bb6                delay
                0x800048e2                pAutoIPTick
                0x800048de                pMultiTick
                0x800048da                pDHCPTick
                0x8000491e                multi_if_block
 IP_VAR_SECT    0x80004bba       0x74 C:\nburn/lib/NetBurner.a(udp.o)
                0x80004c2a                UdpNetbiosNameServicePtr
                0x80004bba                udp_fifos
                0x80004c22                pDHCPProcessFunction
                0x80004c26                pTaskPacketFunc
                0x80004c1e                UDP_fifos_used
                0x80004c2e                IP_VAR_SECT_END = .
                0x80004c30                . = ALIGN (0x10)
 *fill*         0x80004c2e        0x2 00
 *(IP_STK_SECT)
 IP_STK_SECT    0x80004c30     0x2000 C:\nburn/lib/NetBurner.a(ip.o)
                0x80004c30                IPStk
                0x80006c30                IP_STK_SECT_END = .
                0x80006c30                . = ALIGN (0x4)
 *(TCP_VAR_SECT)
 TCP_VAR_SECT   0x80006c30       0x1e C:\nburn/lib/NetBurner.a(tcp.o)
                0x80006c40                TCP_TimerSemaphore
                0x80006c30                TCP_critical_section
                0x80006c4e                TCP_VAR_SECT_END = .
                0x80006c50                . = ALIGN (0x10)
 *fill*         0x80006c4e        0x2 00
 *(TCP_STK_SECT)
 TCP_STK_SECT   0x80006c50     0x2000 C:\nburn/lib/NetBurner.a(tcp.o)
                0x80006c50                TCPStk
                0x80008c50                TCP_STK_SECT_END = .
                0x80008c50                . = ALIGN (0x10)
 *(HTTP_STK_SECT)
                0x80008c50                HTTP_STK_SECT_END = .
                0x80008c50                . = ALIGN (0x10)
 *(FTP_STK_SECT)
                0x80008c50                FTP_STK_SECT_END = .
                0x80008c50                . = ALIGN (0x10)
 *(WIFI_STK_SECT)
                0x80008c50                WIFI_STK_SECT_END = .
                0x80008c50                . = ALIGN (0x10)
 *(PPP_STK_SECT)
                0x80008c50                PPP_STK_SECT_END = .
                0x80008c50                . = ALIGN (0x10)
 *(COMMAND_STK_SECT)
                0x80008c50                COMMAND_STK_SECT_END = .
                0x80008c50                . = ALIGN (0x4)
 *(USER_VAR_SECT)
 USER_VAR_SECT  0x80008c50       0xac C:\nburn/lib/MOD5441X.a(HiResTimer.o)
                0x80008cf8                HiResTimer::timerCreated
                0x80008c50                HiResTimer::timers
                0x80008cfc                USER_VAR_SECT_END = .
                0x80008d00                . = ALIGN (0x10)
 *fill*         0x80008cfc        0x4 00
 *(USER_STK_SECT)
                0x80008d00                USER_STK_SECT_END = .
                0x80008d00                BUFFERS_SECT_START = .
                0x80008d00                . = ALIGN (0x10)
 *(BUFFERS_VAR_SECT)
 BUFFERS_VAR_SECT
                0x80008d00       0x1c C:\nburn/lib/NetBurner.a(buffers.o)
                0x80008d00                FAST_BUFFER_POOL_SIZE
                0x80008d0e                free_fast_list
                0x80008d18                free_list_is_initialized
                0x80008d04                free_list
                0x80008d20                . = ALIGN (0x10)
 *fill*         0x80008d1c        0x4 00
                0x80008d20                BUFFERS_VAR_SECT_END = .
                0x80008d20                . = ALIGN (0x10)
                0x80008d20                SRAM_END = .

.text           0x40000400    0x28a70
 *(.text)
 .text          0x40000400       0xaa c:/nburn/gcc-m68k/bin/../lib/gcc/m68k-elf/4.2.1/../../../../m68k-elf/lib/m5206e\nb-crt0.o
                0x40000400                start
 *fill*         0x400004aa        0x2 00
 .text          0x400004ac       0x9c c:/nburn/gcc-m68k/bin/../lib/gcc/m68k-elf/4.2.1/m5206e/crtbegin.o
 .text          0x40000548      0xfd4 NB1_v9.o
                0x40000a14                UserMain
                0x4000079c                initPINS()
                0x4000062c                FiftyHzTask()
                0x40000548                initTIMERS(HiResTimer*)
                0x400005c0                initDSPI()
 .text          0x4000151c      0x328 C:\nburn/lib/MOD5441X.a(bsp.o)
                0x400016b4                _sbrk_r
                0x40001760                HardwareSetup
                0x40001604                DisableCache
                0x4000170c                spaceleft
                0x40001520                Tick5441X
                0x40001744                ForceReboot
                0x4000151c                xTick
                0x40001700                atexit
                0x4000167c                EnableCache
                0x4000153c                SetIntc
 .text          0x40001844     0x1d1e C:\nburn/lib/MOD5441X.a(serial.o)
                0x40001870                WakeTx(int)
                0x40001844                FdSerialMap(int)
                0x40002750                SerialClose
                0x40001e60                fake_SER_7_ISR()
                0x40003464                real_SER_5_ISR
                0x400026dc                SendBreak
                0x40002f14                OpenSerial
                0x40002294                GetUartErrorReg
                0x40001bd4                fake_SER_0_ISR()
                0x40001eb8                SER_8_ISR
                0x40001c7c                real_SER_1_ISR
                0x400034a4                real_SER_4_ISR
                0x4000245c                fShowSerialData(__sFILE*)
                0x400033a4                real_SER_8_ISR
                0x40001db8                fake_SER_5_ISR()
                0x40001e10                SER_6_ISR
                0x40001cbc                fake_SER_2_ISR()
                0x40001f5c                SerialEnableTxFlow
                0x40001fa4                SerialEnableRxFlow
                0x400033e4                real_SER_7_ISR
                0x40001904                DoSerIsr(int)
                0x40002190                Serial485HalfDupMode
                0x400034e4                real_SER_3_ISR
                0x40001f0c                SER_9_ISR
                0x40001d14                SER_3_ISR
                0x40001f08                fake_SER_9_ISR()
                0x40001dbc                SER_5_ISR
                0x40003328                real_SER_0_ISR
                0x400020e0                SerialEnableHwRxFlow
                0x40002a30                serread
                0x40002d50                BasePutChar(int, unsigned char)
                0x40002a4c                BaseGetChar(int)
                0x40003524                real_SER_2_ISR
                0x40001d68                SER_4_ISR
                0x40001c2c                SER_1_ISR
                0x40002844                serreadwto
                0x40002e74                InitializeMaps()
                0x40001bd8                SER_0_ISR
                0x40002c54                serwriteaddress
                0x40001e64                SER_7_ISR
                0x40003364                real_SER_9_ISR
                0x40002b0c                serwrite
                0x4000240c                SerialExpandRxBuffer(int, int)
                0x40002820                serexternalclose
                0x40001e0c                fake_SER_6_ISR()
                0x40001cc0                SER_2_ISR
                0x40001d64                fake_SER_4_ISR()
                0x40001eb4                fake_SER_8_ISR()
                0x40001c28                fake_SER_1_ISR()
                0x40001d10                fake_SER_3_ISR()
                0x40003424                real_SER_6_ISR
                0x40001ff0                SerialEnableHwTxFlow
 *fill*         0x40003562        0x2 00
 .text          0x40003564     0x1d0a C:\nburn/lib/MOD5441X.a(pins.o)
                0x40003564                PinIO::set(unsigned char)
                0x40004afc                PinIO::function(int)
                0x4000405c                PinIO::drive()
                0x4000520c                CReadPin
                0x40004488                PinIO::read()
                0x40005230                CGPInPin
 *fill*         0x4000526e        0x2 00
 .text          0x40005270      0xaf0 C:\nburn/lib/MOD5441X.a(HiResTimer.o)
                0x40005528                HiResTimer::HiResTimer(int)
                0x40005370                Timer3_Interrupt
                0x40005ae8                HiResTimer::clockGenerator(double)
                0x4000555c                HiResTimer::operator=(HiResTimer const&)
                0x400052c8                Timer1_Interrupt
                0x40005b9c                HiResTimer::pollingDelay(double)
                0x40005274                Timer0_Interrupt
                0x400055b8                HiResTimer::getHiResTimer(int)
                0x40005cf4                real_Timer1_Interrupt
                0x400052c4                fake_Timer1_Interrupt()
                0x400056e0                HiResTimer::toString()
                0x400053c0                HiResTimer::readTime()
                0x400054d8                HiResTimer::releaseTimer()
                0x400058ec                HiResTimer::init(double)
                0x4000536c                fake_Timer3_Interrupt()
                0x40005270                fake_Timer0_Interrupt()
                0x40005c88                real_Timer2_Interrupt
                0x40005318                fake_Timer2_Interrupt()
                0x40005c1c                real_Timer3_Interrupt
                0x40005868                HiResTimer::delay_uSec(unsigned long)
                0x400054f4                HiResTimer::HiResTimer(int)
                0x40005b5c                HiResTimer::pollingDelay_refTicks(unsigned long)
                0x40005760                HiResTimer::init_ticks(unsigned long)
                0x4000531c                Timer2_Interrupt
                0x40005a08                real_Timer0_Interrupt
                0x40005a74                HiResTimer::delay(double)
 .text          0x40005d60     0x1c56 C:\nburn/lib/MOD5441X.a(dspi.o)
                0x400079a0                real_dspi0_int_routine
                0x40007110                real_dspi2_rx_dma_int_routine
                0x40006510                canDoDMA(unsigned char, unsigned char*, unsigned char volatile*)
                0x400064c0                dspi3_int_routine
                0x40006270                fake_dspi2_rx_dma_int_routine()
                0x400061cc                dspi1_rx_dma_int_routine
                0x40006580                DSPIdone(unsigned char)
                0x400071ac                real_dspi0_tx_dma_int_routine
                0x40007144                real_dspi1_tx_dma_int_routine
                0x40007074                real_dspi3_tx_dma_int_routine
                0x40006120                fake_dspi0_rx_dma_int_routine()
                0x4000646c                dspi2_int_routine
                0x4000631c                dspi3_rx_dma_int_routine
                0x40005d60                setupDSPI_Dma(int, dspistruct volatile&)
                0x40006468                fake_dspi2_int_routine()
                0x40006614                DSPIInit(unsigned char, unsigned long, unsigned char, unsigned char, unsigned char, unsigned char, unsigned char, unsigned char, unsigned char, unsigned char)
                0x40006414                fake_dspi1_int_routine()
                0x40007988                real_dspi1_int_routine
                0x4000621c                fake_dspi1_tx_dma_int_routine()
                0x40007970                real_dspi2_int_routine
                0x40006274                dspi2_rx_dma_int_routine
                0x40006318                fake_dspi3_rx_dma_int_routine()
                0x40006174                fake_dspi0_tx_dma_int_routine()
                0x40007264                DSPI_Isr_cleanup(unsigned int, dspistruct volatile&, unsigned long, unsigned long)
                0x400061c8                fake_dspi1_rx_dma_int_routine()
                0x400070a8                real_dspi3_rx_dma_int_routine
                0x400062c4                fake_dspi2_tx_dma_int_routine()
                0x400062c8                dspi2_tx_dma_int_routine
                0x400063c0                fake_dspi0_int_routine()
                0x400063c4                dspi0_int_routine
                0x40007798                DSPIStart(unsigned char, unsigned char*, unsigned char volatile*, unsigned long, os_sem*, unsigned char)
                0x4000636c                fake_dspi3_tx_dma_int_routine()
                0x40006220                dspi1_tx_dma_int_routine
                0x400071dc                real_dspi0_rx_dma_int_routine
                0x40006370                dspi3_tx_dma_int_routine
                0x400064bc                fake_dspi3_int_routine()
                0x400072d8                DSPI_Isr(unsigned int, dspistruct volatile*)
                0x40006418                dspi1_int_routine
                0x4000720c                DSPI_Isr_done(unsigned int, dspistruct volatile&)
                0x40007958                real_dspi3_int_routine
                0x40007178                real_dspi1_rx_dma_int_routine
                0x40006124                dspi0_rx_dma_int_routine
                0x400070dc                real_dspi2_tx_dma_int_routine
                0x40006178                dspi0_tx_dma_int_routine
 *fill*         0x400079b6        0x2 00
 .text          0x400079b8       0xbc C:\nburn/lib/MOD5441X.a(localio.o)
                0x400079b8                GetUartRecord
                0x400079fc                GetDefUart
                0x40007a10                LocalInByte
                0x40007a2c                LocalOutByte
                0x40007a60                LocalCharAvail
 *fill*         0x40007a74        0xc 00
 .text          0x40007a80      0x44a C:\nburn/lib/NetBurner.a(ucosmcfa.o)
                0x40007b60                OSDebugTraceHalt
                0x40007a80                OSStartHighRdy
                0x40007b70                TrapOutByte
                0x40007ba0                memcpy
                0x40007ba0                fmemcpy
                0x40007aa0                OSCtxSw
                0x40007b90                TrapCharAvail
                0x40007ad0                OSIntCtxSw
                0x40007b80                TrapInByte
                0x40007b00                OSTickISR
                0x40007c70                memcpysum
                0x40007b40                OSSetupVBR
                0x40007ea0                GetSR_IntLevel
                0x40007e00                memset
                0x40007e00                fmemset
                0x40007eb0                SetSR_IntLevel
 *fill*         0x40007eca        0x2 00
 .text          0x40007ecc        0x8 C:\nburn/lib/NetBurner.a(software_init.o)
                0x40007ecc                software_init_hook
 .text          0x40007ed4     0x1de4 C:\nburn/lib/NetBurner.a(ucos.o)
                0x40009858                OSCritEnterNoWait
                0x40007f84                UCOSWAITS_HERE
                0x40009504                OSFifoPostFirst
                0x400098cc                OSCritLeave
                0x40009664                getpid
                0x40008190                OSLock
                0x40008fd4                OSQPostFirst
                0x400099e4                OSTaskID
                0x40008dc0                OSQPendNoWait
                0x400099fc                OSSetName
                0x40009a24                OSIntExit
                0x40008614                OSSemPendNoWait
                0x400082fc                OSTaskDelete
                0x400081b8                OSUnlock
                0x4000967c                OSCritInit
                0x40008e3c                OSQPost
                0x400096b8                OSCritEnter
                0x400091c0                OSFifoPend
                0x40008474                OSSemPend
                0x400087e0                OSMboxInit
                0x400089fc                OSMboxPost
                0x40009174                OSFifoInit
                0x40008bd8                OSQPend
                0x40007f00                OSSched
                0x40007fbc                OSTimeDly
                0x40008654                OSSemPost
                0x400081f8                OSChangePrio
                0x40008160                OSTCBGetFree
                0x40007f94                OSIntEnterWAS
                0x400089bc                OSMboxPendNoWait
                0x400093a4                OSFifoPost
                0x40008414                OSSemInit
                0x40009ac0                OSStart
                0x40008074                OSTimeTick
                0x40008b64                OSQInit
                0x40009a10                OSTaskName
                0x40009354                OSFifoPendNoWait
                0x40008828                OSMboxPend
                0x40009b3c                OSInit
                0x40008054                OSChangeTaskDly
 .text          0x40009cb8      0x1b8 C:\nburn/lib/NetBurner.a(ucosmain.o)
                0x40009d94                __malloc_unlock
                0x40009cb8                UCosBegin
                0x40009db4                balloc_lock
                0x40009df4                UCosSetup
                0x40009d78                balloc_unlock
                0x40009dd4                __malloc_lock
 .text          0x40009e70      0x5f8 C:\nburn/lib/NetBurner.a(fileio.o)
                0x4000a000                ioctl
                0x40009e70                isatty
                0x40009f58                CurrentStdioFD
                0x40009fd0                lseek
                0x40009ea8                ReplaceStdio
                0x4000a06c                write
                0x40009e8c                fstat
                0x4000a19c                rawwrite
                0x4000a3a8                stdioinbyte
                0x4000a220                read
                0x40009f88                outbyte
                0x40009fe8                open
                0x40009fa0                charavail
                0x40009f7c                fcntl
                0x4000a420                close
 .text          0x4000a468      0x6d8 C:\nburn/lib/NetBurner.a(system.o)
                0x4000a4e0                GetUserParameters
                0x4000a840                UpdateConfigRecord_Num
                0x4000a4b4                RawGetConfig
                0x4000a468                isvalidcr
                0x4000a9fc                SetupDialog
                0x4000a558                ReadLine
                0x4000a9e8                UpdateConfigRecord
                0x4000a718                IpQuestion
                0x4000a7cc                SaveUserParameters
                0x4000a4f0                ShowChange
 .text          0x4000ab40       0x78 C:\nburn/lib/NetBurner.a(main.o)
                0x4000ab78                main
                0x4000ab40                __do_global_ctors
 .text          0x4000abb8      0xbe0 C:\nburn/lib/NetBurner.a(utils.o)
                0x4000b5a4                fShowMac
                0x4000ada8                FancyDump(unsigned char*, int)
                0x4000b634                ShowCounters
                0x4000acf0                convertHexAsciiToBinary
                0x4000af68                ShowData
                0x4000abb8                kill
                0x4000b69c                fShowCounters
                0x4000b564                fShowIP
                0x4000abc8                _fini
                0x4000aed4                ShowIP
                0x4000abd4                AsciiToIp
                0x4000b714                sShowCounters
                0x4000b600                DiagMenuPicker(int, unsigned char)
                0x4000af10                ShowMac
                0x4000ac58                convertBinaryToHexAscii
                0x4000ad90                __builtin_delete
                0x4000abc0                _exit
 .text          0x4000b798     0x1aaa C:\nburn/lib/NetBurner.a(ip.o)
                0x4000bbe8                FixUpICMP(IPPKT*, unsigned char, unsigned char, unsigned char*, unsigned short)
                0x4000b958                IsMultiCast(unsigned long)
                0x4000c588                FixHeaderAndSend(pool_buffer*, IPPKT*)
                0x4000befc                DoIPPacket(pool_buffer*, EFRAME*, unsigned short)
                0x4000b854                GetSum20
                0x4000c884                PingViaInterface
                0x4000be9c                SaveError(pool_buffer*)
                0x4000c20c                process_icmp(pool_buffer*, IPPKT*, unsigned short)
                0x4000ba94                IpProcessEthernetPacket
                0x4000c0c0                FixHeaderAndSendViaInterface(pool_buffer*, IPPKT*, int)
                0x4000cb00                ShowIPBuffer(pool_buffer*)
                0x4000c6e8                SendICMPError(pool_buffer*, unsigned char, unsigned char)
                0x4000bd00                InitializeStack(unsigned long, unsigned long, unsigned long, unsigned long)
                0x4000b9a8                GetData(IPPKT*)
                0x4000be24                InitializeCStack
                0x4000c994                Ping
                0x4000b798                GetSum
                0x4000be30                GetMultiHomeInterface(unsigned long, int)
                0x4000bee0                IsMyIp
                0x4000bca4                IsBroadCast(unsigned long, int)
                0x4000bc50                KillStack
                0x4000b9d4                PrepareIPOutput(pool_buffer*, unsigned long, unsigned short)
                0x4000b978                GetMultiAddress(unsigned long)
                0x4000c7bc                SendPing
                0x4000b88c                GetSumHdr
                0x4000bc5c                IsLocal(unsigned long, int)
                0x4000c9c8                GetLocalIPInterface(unsigned long)
                0x4000ca20                AddInterface(unsigned long, unsigned long, unsigned long, int)
                0x4000c328                IPTask(void*)
 *fill*         0x4000d242        0x2 00
 .text          0x4000d244      0xec8 C:\nburn/lib/NetBurner.a(buffers.o)
                0x4000d704                fifo_buffer_storage::Full()
                0x4000d7f4                ShowBuffer
                0x4000dad8                fifo_buffer_storage::Reset(unsigned char)
                0x4000d328                InitBuffers
                0x4000d454                buffer_list::InsertBefore(pool_buffer*, pool_buffer*)
                0x4000d62c                GetBuffer
                0x4000d7d4                fifo_buffer_storage::fifo_buffer_storage(unsigned char, unsigned char)
                0x4000d6ec                fifo_buffer_storage::Empty()
                0x4000df50                fifo_buffer_storage::ReadDatawSum(unsigned char*, int, unsigned long&)
                0x4000d6d8                fifo_buffer_storage::SpaceUsed()
                0x4000d244                ShowBuffers()
                0x4000d270                buffer_list::InsertHead(pool_buffer*)
                0x4000d920                GetFreeCount
                0x4000d254                IncUsageCount
                0x4000d7b4                fifo_buffer_storage::fifo_buffer_storage(unsigned char, unsigned char)
                0x4000d3f0                buffer_list::InsertTail(pool_buffer*)
                0x4000db98                fifo_buffer_storage::~fifo_buffer_storage()
                0x4000dc88                fifo_buffer_storage::SetMaxBuffers(unsigned char)
                0x4000d998                fifo_buffer_storage::ReadData(unsigned char*, int)
                0x4000d74c                fifo_buffer_storage::Init(unsigned char, unsigned char)
                0x4000d24c                DumpBuffers()
                0x4000d5c4                buffer_list::RemoveHead()
                0x4000d53c                buffer_list::Remove(pool_buffer*)
                0x4000d678                buffer_list::RemoveTail()
                0x4000dbac                fifo_buffer_storage::LongSpaceAvail()
                0x4000dd18                fifo_buffer_storage::WriteData(unsigned char*, int)
                0x4000d2e0                FreeBuffer
                0x4000d4c8                buffer_list::InsertAfter(pool_buffer*, pool_buffer*)
                0x4000dc64                fifo_buffer_storage::SpaceAvail()
                0x4000db84                fifo_buffer_storage::~fifo_buffer_storage()
 .text          0x4000e10c     0x1922 C:\nburn/lib/NetBurner.a(arp.o)
                0x4000ee40                FindAddArp(unsigned long)
                0x4000e268                sendGratuitousArp(int)
                0x4000e134                MacEqual(MACADR, MACADR)
                0x4000e470                InitializeArp()
                0x4000e518                FindArp(unsigned long)
                0x4000e774                SendArp(ArpRecord*, int)
                0x4000e424                GetInterface(unsigned long)
                0x4000f724                AddCheckArp(MACADR*, unsigned long, int)
                0x4000e194                SetMac(ArpRecord*, MACADR, int)
                0x4000ec7c                DeleteArpFromIp(unsigned long)
                0x4000e61c                GetArpMacFromIp(unsigned long, MACADR&)
                0x4000f24c                RouteOutVia(EFRAME*, unsigned long, pool_buffer*, int)
                0x4000e6d0                GetProperInterface(unsigned long)
                0x4000ed90                FreeOneArp()
                0x4000f7b0                processArp(pool_buffer*, EFRAME*)
                0x4000e22c                NeedsArp(int)
                0x4000e8a4                GetNextArp(ArpRecord*)
                0x4000e338                RawSendArp(ArpRecord*, unsigned long, int)
                0x4000ec9c                AgeArp()
                0x4000f46c                RouteOut(EFRAME*, unsigned long, pool_buffer*)
                0x4000e96c                ShowArp()
                0x4000eaac                DeleteArp(ArpRecord*)
                0x4000e914                GetFirstArp()
                0x4000e7e0                GetSrcIp
                0x4000f0dc                IsMyAddressUsedArpDetect(unsigned short, int)
                0x4000e12c                Cleanup()
                0x4000e10c                IsNull(ArpRecord*)
                0x4000ea00                fShowArp(__sFILE*)
                0x4000e674                AddPending(MACADR*, unsigned long, int)
 *fill*         0x4000fa2e        0x2 00
 .text          0x4000fa30     0x1400 C:\nburn/lib/NetBurner.a(udp.o)
                0x400102f8                UDPPacket::Send(unsigned long, unsigned char)
                0x4000fb78                UDPPacket::SetDestinationPort(unsigned short)
                0x4000fc3c                UDPPacket::GetPacketId()
                0x4000fc88                UDPPacket::GetSourceAddress()
                0x40010a40                UDPPacket::UDPPacket()
                0x40010034                UDPPacket::AddDataByte(unsigned char)
                0x40010410                UDPPacket::SendAndKeep(unsigned long, unsigned char)
                0x4000ff88                UDPPacket::AddData(unsigned char*, unsigned short)
                0x4000fcac                RegisterUDPFifo(unsigned short, os_fifo*)
                0x4001007c                UDPPacket::AddData(char const*)
                0x4000faa4                UDPPacket::UDPPacket(pool_buffer*)
                0x4001013c                UDPPacket::SendViaInterface(unsigned long, int, unsigned char)
                0x4000fc24                UDPPacket::GetIpPacket()
                0x40010264                UDPPacket::SendVia(unsigned long, unsigned long, unsigned char)
                0x40010480                UDPPacket::~UDPPacket()
                0x4000fa30                GetUdpFifoRec(unsigned short)
                0x4000fbb4                UDPPacket::GetDataBuffer()
                0x4000fd74                RegisterUDPFifoWithNotify(unsigned short, os_fifo*, void (*)(os_fifo*, unsigned short))
                0x4000faf0                UDPPacket::UDPPacket(pool_buffer*)
                0x4000fbe8                UDPPacket::GetDataSize() const
                0x400104ec                ProcessIDPacket(UDPPacket&, int)
                0x40010058                UDPPacket::AddDataWord(unsigned short)
                0x40010a84                process_udp(pool_buffer*, IPPKT*, unsigned short)
                0x400100ac                UDPPacket::Validate()
                0x4000fb94                UDPPacket::GetDestinationPort() const
                0x4000fe3c                UnregisterUDPFifo(unsigned short)
                0x40010d70                UDPPacket::UDPPacket(os_fifo*, unsigned long)
                0x4000fbc8                UDPPacket::SetDataSize(unsigned short)
                0x4000ff04                FixIDDataPacket(UDPPacket&, _InterfaceBlock*)
                0x4000fc10                UDPPacket::ResetData()
                0x40010458                UDPPacket::~UDPPacket()
                0x40010dd0                UDPPacket::UDPPacket(os_fifo*, unsigned long)
                0x400102a4                UDPPacket::SendAndKeepVia(unsigned long, unsigned long, unsigned char)
                0x4000fb3c                UDPPacket::SetSourcePort(unsigned short)
                0x4000fb58                UDPPacket::GetSourcePort() const
                0x4000ff60                FixIDDataPacket(UDPPacket&, int)
                0x400104a8                UDPPacket::UDPPacket()
                0x4000fc64                UDPPacket::GetDestinationAddress()
 .text          0x40010e30     0x52fa C:\nburn/lib/NetBurner.a(tcp.o)
                0x400124d8                SendTcpRst(IPPKT*)
                0x4001146c                GetTcpState(int)
                0x400114a0                GetTcpDState
                0x4001271c                InitTCP()
                0x4001311c                _Socket_Private_read
                0x40011420                ShortSocketList::ShortSocketList()
                0x400114d4                SetOutOfOrderbuffers(int, unsigned char)
                0x400110a0                GetSocketRemotePort(int)
                0x40011c48                socket_struct::MyAdvertisedWindow()
                0x40011ae4                SetSocketTxBuffers(int, int)
                0x400111b4                setsockoption(int, int)
                0x40011f8c                TcpSend(socket_struct*, unsigned long, pool_buffer*, unsigned short, unsigned char)
                0x40014f74                TCPTimerTask(void*)
                0x40016020                process_tcp(pool_buffer*, IPPKT*, unsigned short)
                0x4001456c                socket_struct::ProcessRST()
                0x40011518                TcpGetLastRxTime(int)
                0x40013670                abortsocket
                0x400137a4                socket_struct::ProcessDataSegment(TCPPKT*, unsigned short, unsigned char*, pool_buffer*&)
                0x4001509c                connectvia(unsigned long, unsigned short, unsigned short, unsigned long, unsigned long)
                0x40012d08                HashSocketList::RemoveSocket(socket_struct*) const
                0x40013e40                _Socket_Private_write
                0x400111ec                getsockoption(int)
                0x40015568                socket_struct::ProcessAck(TCPPKT*)
                0x40013138                socket_struct::SaveData(unsigned char*, unsigned short, unsigned char)
                0x400129f8                GetTcpRtxCount(int)
                0x40010f94                fixoverlap(unsigned long, unsigned long, unsigned long&, unsigned long&)
                0x40013418                socket_struct::SetTimer(unsigned long)
                0x40015540                connect(unsigned long, unsigned short, unsigned short, unsigned long)
                0x40011278                HashSocketList::HashSocketList()
                0x40014068                GetTcpSocket(TCPPKT*, unsigned long)
                0x40011764                TcpGetRxBufferSpaceUsed(int)
                0x40013a88                socket_struct::DoRawSend()
                0x400117a4                ShowFdTcpSocket(int)
                0x40011a68                socket_struct::ClearPending(int)
                0x40012a6c                ShortSocketList::findsocket(unsigned short, unsigned short, unsigned long) const
                0x400154b8                connect(unsigned long, unsigned short, unsigned short, unsigned long, unsigned long)
                0x40012984                TcpSendKeepAlive(int)
                0x40011010                getsocketerror(int)
                0x40011260                EnableTcpDebug(unsigned short)
                0x40014e80                socket_struct::ProcessTimer()
                0x40013964                socket_struct::SetUpNextRetransmit()
                0x40011270                HashSocketList::HashSocketList()
                0x40012f4c                SockReadWithTimeout
                0x40012918                GetFreeSocketCount()
                0x40015814                socket_struct::ProcessFIN(TCPPKT*, unsigned short)
                0x40011cc0                FixHeaderAndSendTcp(pool_buffer*, IPPKT*, socket_struct*)
                0x4001121c                setsocketackbuffers(int, unsigned char)
                0x40011194                socket_struct::CleanUpDeletedListener()
                0x40010f50                FindListenSocket(unsigned short, unsigned long)
                0x40011dc4                TcpSendwSum(socket_struct*, unsigned long, pool_buffer*, unsigned short, unsigned char, unsigned long)
                0x40013498                socket_struct::DoCleanup()
                0x40013228                socket_struct::TestOutofOrder()
                0x40011588                TcpGetLastRxInterval(int)
                0x40010e30                GetFirstSeq()
                0x400143d0                FREESOCKET(socket_struct*)
                0x40014464                ShortSocketList::AddSocket(socket_struct*)
                0x4001496c                socket_struct::DoRetransmit(unsigned char)
                0x40011430                ShortSocketList::Init()
                0x40012b10                ShortSocketList::processTick()
                0x40014a84                _Socket_Private_close
                0x40014bc4                accept(int, unsigned long*, unsigned short*, unsigned short)
                0x40011428                ShortSocketList::ShortSocketList()
                0x40011b24                SetSocketRxBuffers(int, int)
                0x4001420c                listen(unsigned long, unsigned short, unsigned char)
                0x40011280                HashSocketList::Init() const
                0x40011298                ShortSocketList::GetFreeShort()
                0x40011070                GetSocketRemoteAddr(int)
                0x40012e74                HashSocketList::findsocket(unsigned short, unsigned short, unsigned long) const
                0x400116f8                WaitForSocketFlush(int, unsigned long)
                0x40011268                DumpTcpPacket(IPPKT*)
                0x40014314                RemoveFromUserCloseList(socket_struct*)
                0x40010e74                ValidateTCP(IPPKT*, unsigned short)
                0x40012bc0                ShortSocketList::process(pool_buffer*, TCPPKT*, unsigned long) const
                0x40010e60                socket_struct::SetState(int)
                0x40011b64                socket_struct::processoptions(pool_buffer*, TCPPKT*, IPPKT*)
                0x40014678                socket_struct::DoClose(int)
                0x40014120                GetFreeSocket()
                0x400110d0                GetSocketLocalPort(int)
                0x40012dc0                HashSocketList::AddSocket(socket_struct*) const
                0x400113e0                ShortSocketList::FreeShort(ShortSocket*) const
                0x40011100                socket_struct::CalcRTO(unsigned long)
                0x40012480                socket_struct::OpenWindow()
                0x400125ec                SendTcpSynRst(IPPKT*)
                0x400116a8                TcpAllDataAcked(int)
                0x40013dc0                clrsockoption(int, int)
                0x4001154c                TcpGetSocketState(int)
                0x40011258                DumpTcpDebug()
                0x40011040                GetSocketLocalAddr(int)
                0x40015988                socket_struct::process(pool_buffer*, TCPPKT*)
                0x400114a8                RegisterTCPReadNotify
                0x4001201c                socket_struct::SendState(unsigned short, pool_buffer*)
 *fill*         0x4001612a        0x2 00
 .text          0x4001612c      0x23c C:\nburn/lib/NetBurner.a(extraio.o)
                0x4001615c                ExpandWrite(int, char const*, int)
                0x4001618c                ExpandClose(int)
                0x400161bc                InitExtras()
                0x400161f8                GetExtraFD
                0x4001612c                ExpandRead(int, char*, int)
                0x4001632c                GetFreeExtraFDCount
                0x40016288                FreeExtraFd
                0x400162c0                GetExtraData
                0x400162f4                GetExtraExtraData
 .text          0x40016368      0x69e C:\nburn/lib/NetBurner.a(iosys.o)
                0x400167a4                SetDataAvail
                0x40016644                writeall
                0x400166a4                RawCheckSelects()
                0x40016750                SetHaveError
                0x400167e0                RemoveSelect(PendingSelect*)
                0x40016768                SetWriteAvail
                0x40016534                ZeroWaitSelect
                0x40016860                AddSelect(PendingSelect*)
                0x40016488                FD_ISSET
                0x40016430                ClrDataAvail
                0x400168b8                select
                0x40016418                ClrWriteAvail
                0x4001671c                CheckSelects()
                0x400165e8                writestring
                0x400164f8                countbits(fd_set*)
                0x40016368                FD_OVERLAP(fd_set*, fd_set*)
                0x400165b8                dataavail
                0x400163a4                FD_ZERO
                0x40016448                FD_SET
                0x40016400                ClrHaveError
                0x400164d4                countdwbits(unsigned long)
                0x40016958                ReadWithTimeout
                0x400163bc                FD_CLR
 *fill*         0x40016a06        0x2 00
 .text          0x40016a08      0x71c C:\nburn/lib/NetBurner.a(autoip.o)
                0x40016c44                AutoIPClient::AutoIPClient(int)
                0x40016b24                AutoIPClient::stop()
                0x40016f70                AutoIPClient::arpCheck()
                0x40016a94                AutoIPClient::getNextTick()
                0x40016dcc                AutoIPClient::announce()
                0x40016a48                AutoIPClient::addressCollision()
                0x40016a84                AutoIPClient::getState()
                0x40016ea8                AutoIPClient::startArp()
                0x400170cc                AutoIPClient::staticTimeTick()
                0x40016a08                AutoIPClient::start()
                0x40016cc0                AutoIPClient::AutoIPClient(int)
                0x40016aa4                AutoIPClient::tickDelay(int)
                0x40016acc                AutoIPClient::negotiate()
                0x40016e10                AutoIPClient::setRNG()
                0x40016be0                AutoIPClient::~AutoIPClient()
                0x4001705c                AutoIPClient::timeTick()
                0x40016b5c                AutoIPClient::restart()
                0x40016d3c                AddAutoIPInterface(int)
                0x40016b7c                AutoIPClient::~AutoIPClient()
                0x40016e6c                AutoIPClient::generateNewIPAddr()
 .text          0x40017124        0x0 C:\nburn/lib/NetBurner.a(defappname.o)
 .text          0x40017124      0x4b2 C:\nburn/lib/NetBurner.a(netinterface.o)
                0x40017508                InitializeNetwork(void (*)(pool_buffer*, EFRAME*, unsigned short), void (*)(pool_buffer*, EFRAME*))
                0x400171dc                InterfaceIP(int)
                0x400172d0                GetEframe(pool_buffer*)
                0x400174a8                SaveIfConfig(ConfigRecord*, int)
                0x4001739c                RegisterMultiHomeInterface(_InterfaceBlock*)
                0x40017124                GetFirstInterface()
                0x400174d8                GetIfConfig(int)
                0x4001728c                InterfaceMAC(int)
                0x40017188                GetInterFaceBlock(int)
                0x40017208                InterfaceDNS(int)
                0x40017234                InterfaceMASK(int)
                0x40017144                GetnextInterface(int)
                0x40017574                TransmitBuffer(pool_buffer*, int)
                0x4001733c                DisableMulticast(MACADR, int)
                0x40017404                RegisterInterface(_InterfaceBlock*)
                0x400172e4                EnableMulticast(MACADR, int)
                0x40017474                Removeinterface(int)
                0x40017394                StopNetworks()
                0x400171b4                GetInterfaceNumber(_InterfaceBlock*)
                0x40017260                InterfaceGate(int)
 *fill*         0x400175d6        0x2 00
 .text          0x400175d8      0x5c8 C:\nburn/lib/NetBurner.a(taskmon.o)
                0x40017ae0                ProcessTaskPacket(UDPPacket&, int)
                0x400175d8                EnableTaskMonitor()
                0x400175ec                BufferDumpTCBState(os_tcb*)
 .text          0x40017ba0     0x131e C:\nburn/lib/NetBurner.a(smarttrap.o)
                0x40017bd4                EnableSmartTraps()
                0x40017cb4                WalkStack(os_tcb*, unsigned long, unsigned long)
                0x40018194                smart_trap_asm
                0x40017fb4                Local_OutTCBState(os_tcb*, unsigned long, unsigned long)
                0x40017ba0                SafeRead(unsigned long)
                0x40017bf0                Local_OutHex(unsigned long, int)
                0x4001818c                Smart_Trap_Holder()
                0x40017c84                Local_OutString(char const*)
                0x40017d30                Local_ShowTaskName(os_tcb volatile*)
 *fill*         0x40018ebe        0x2 00
 .text          0x40018ec0      0x538 C:\nburn/lib/NetBurner.a(autoupdate.o)
                0x40019348                ProcessAutoUpdatePacket(UDPPacket&)
                0x4001907c                DoData(UDPPacket&)
                0x40018ec0                EnableAutoUpdate
                0x40018ed4                DoReboot()
                0x40018f04                DoExecute(UDPPacket&, int)
                0x4001916c                DoStart(UDPPacket&)
 .text          0x400193f8       0x52 C:\nburn/lib/NetBurner.a(device.o)
                0x40019418                DeviceInitializeSem
                0x400193f8                DeviceGetQspiSem()
                0x40019408                DeviceGetI2cSem()
 *fill*         0x4001944a        0x2 00
 .text          0x4001944c      0x320 C:\nburn/lib/NetBurner.a(ucosmcfc.o)
                0x40019734                OSTaskCreate
                0x40019760                TopOfStackKillfunction
                0x40019508                OSTaskCreatewName
                0x4001944c                OSTCBInit
                0x40019764                KillFunctionLink
 .text          0x4001976c       0x26 C:\nburn/lib/NetBurner.a(new_ops.o)
                0x4001976c                operator new(unsigned long)
 *fill*         0x40019792        0x2 00
 .text          0x40019794      0x1b2 C:\nburn/lib/MOD5441X.a(flash.o)
                0x4001980c                FlashProgram
                0x40019794                FlashErase
 *fill*         0x40019946        0x2 00
 .text          0x40019948     0x17ae C:\nburn/lib/MOD5441X.a(ethernet.o)
                0x4001a528                AddEthernetInterface()
                0x40019b2c                StopEnet()
                0x40019fe4                ResetEnet()
                0x4001a758                ProcessDuplexStatus()
                0x40019948                read_eth_addr(MACADR*)
                0x4001a61c                WarmEnetReset()
                0x4001af48                real_rxenetisr
                0x40019974                fake_rxenetisr()
                0x40019978                rxenetisr
                0x400199c8                fake_txenetisr()
                0x4001a728                EnablePHY()
                0x40019b80                EthMultifunc(MACADR, unsigned char)
                0x40019a1c                GetMII(unsigned char, unsigned char)
                0x40019b9c                ResetEnetPart2()
                0x400199cc                txenetisr
                0x40019aa0                SetMII(unsigned char, unsigned char, unsigned short)
                0x4001a374                InitializeEthernet()
                0x4001aba4                real_txenetisr
                0x40019b5c                DisablePHY()
                0x4001a6c8                ManualEthernetConfig(unsigned char, unsigned char, unsigned char)
                0x4001aa50                EthTransmitBuffer(pool_buffer*)
                0x4001ad9c                Ether_ProcessTask(void*)
 *fill*         0x4001b0f6        0x2 00
 .text          0x4001b0f8     0x16e8 C:\nburn/lib/MOD5441X.a(etherprint.o)
                0x4001c708                EtherLink()
                0x4001b0f8                EtherSpeed100()
                0x4001c6fc                denet()
                0x4001c39c                ShowFECRegisters()
                0x4001b1d0                ShowMII(unsigned char, unsigned char, char const*, unsigned short)
                0x4001c73c                elink()
                0x4001c6f0                dEnet()
                0x4001b118                SwitchMIIPage(unsigned long)
                0x4001b108                EtherDuplex()
                0x4001b144                showbinary(unsigned short, unsigned short)
                0x4001b238                ShowPhyterMII()
 .text          0x4001c7e0      0x196 C:\nburn/lib/MOD5441X.a(emulticast.o)
                0x4001c8c4                EthDisableMulticast(MACADR)
                0x4001c820                EthEnableMulticast(MACADR)
                0x4001c7e0                GetMultiCastCRC(MACADR)
 *fill*         0x4001c976        0x2 00
 .text          0x4001c978      0x1f2 C:\nburn/lib/NetBurner.a(netrx.o)
                0x4001c978                NetDoRX(pool_buffer*, unsigned short, int)
 *fill*         0x4001cb6a        0x2 00
 .text          0x4001cb6c      0xba0 c:/nburn/gcc-m68k/bin/../lib/gcc/m68k-elf/4.2.1/m5206e\libgcc.a(_double.o)
                0x4001d66a                __cmpdf2
                0x4001cbcc                __adddf3
                0x4001d534                __negdf2
                0x4001d244                __divdf3
                0x4001d592                __cmpdf2_internal
                0x4001d068                __muldf3
                0x4001cbc6                __subdf3
 .text          0x4001d70c       0x74 c:/nburn/gcc-m68k/bin/../lib/gcc/m68k-elf/4.2.1/m5206e\libgcc.a(_floatex.o)
                0x4001d718                $_exception_handler
                0x4001d70c                __clear_sticky_bit
 .text          0x4001d780       0x22 c:/nburn/gcc-m68k/bin/../lib/gcc/m68k-elf/4.2.1/m5206e\libgcc.a(_eqdf2.o)
                0x4001d780                __eqdf2
 *fill*         0x4001d7a2        0x2 00
 .text          0x4001d7a4       0x22 c:/nburn/gcc-m68k/bin/../lib/gcc/m68k-elf/4.2.1/m5206e\libgcc.a(_nedf2.o)
                0x4001d7a4                __nedf2
 *fill*         0x4001d7c6        0x2 00
 .text          0x4001d7c8       0x7a c:/nburn/gcc-m68k/bin/../lib/gcc/m68k-elf/4.2.1/m5206e\libgcc.a(_fixunsdfsi.o)
                0x4001d7c8                __fixunsdfsi
 *fill*         0x4001d842        0x2 00
 .text          0x4001d844      0x49a c:/nburn/gcc-m68k/bin/../lib/gcc/m68k-elf/4.2.1/m5206e\libgcc.a(fpgnulib.o)
                0x4001dcc4                __fixsfsi
                0x4001d9ac                __floatsidf
                0x4001da82                __extendsfdf2
                0x4001d93a                __floatunsidf
                0x4001dc44                __fixdfsi
                0x4001da68                __floatsisf
                0x4001db1c                __truncdfsf2
                0x4001d844                __unordsf2
                0x4001da4e                __floatunsisf
                0x4001d8a6                __unorddf2
 *fill*         0x4001dcde        0x2 00
 .text          0x4001dce0       0x22 c:/nburn/gcc-m68k/bin/../lib/gcc/m68k-elf/4.2.1/m5206e\libgcc.a(_gedf2.o)
                0x4001dce0                __gedf2
 *fill*         0x4001dd02        0x2 00
 .text          0x4001dd04       0x1e c:/nburn/gcc-m68k/bin/../lib/gcc/m68k-elf/4.2.1/../../../../m68k-elf/lib/m5206e\libc.a(lib_a-cxa_atexit.o)
                0x4001dd04                __cxa_atexit
 *fill*         0x4001dd22        0x2 00
 .text          0x4001dd24        0xe c:/nburn/gcc-m68k/bin/../lib/gcc/m68k-elf/4.2.1/../../../../m68k-elf/lib/m5206e\libc.a(lib_a-errno.o)
                0x4001dd24                __errno
 *fill*         0x4001dd32        0x2 00
 .text          0x4001dd34       0x24 c:/nburn/gcc-m68k/bin/../lib/gcc/m68k-elf/4.2.1/../../../../m68k-elf/lib/m5206e\libc.a(lib_a-fiprintf.o)
                0x4001dd34                fiprintf
 .text          0x4001dd58        0x0 c:/nburn/gcc-m68k/bin/../lib/gcc/m68k-elf/4.2.1/../../../../m68k-elf/lib/m5206e\libc.a(lib_a-impure.o)
 .text          0x4001dd58       0x54 c:/nburn/gcc-m68k/bin/../lib/gcc/m68k-elf/4.2.1/../../../../m68k-elf/lib/m5206e\libc.a(lib_a-iprintf.o)
                0x4001dd58                _iprintf_r
                0x4001dd82                iprintf
 .text          0x4001ddac       0x32 c:/nburn/gcc-m68k/bin/../lib/gcc/m68k-elf/4.2.1/../../../../m68k-elf/lib/m5206e\libc.a(lib_a-malloc.o)
                0x4001ddc6                malloc
                0x4001ddac                free
 *fill*         0x4001ddde        0x2 00
 .text          0x4001dde0      0x78c c:/nburn/gcc-m68k/bin/../lib/gcc/m68k-elf/4.2.1/../../../../m68k-elf/lib/m5206e\libc.a(lib_a-mallocr.o)
                0x4001dde0                _malloc_r
 .text          0x4001e56c       0x8a c:/nburn/gcc-m68k/bin/../lib/gcc/m68k-elf/4.2.1/../../../../m68k-elf/lib/m5206e\libc.a(lib_a-puts.o)
                0x4001e56c                _puts_r
                0x4001e5e0                puts
 *fill*         0x4001e5f6        0x2 00
 .text          0x4001e5f8       0x6a c:/nburn/gcc-m68k/bin/../lib/gcc/m68k-elf/4.2.1/../../../../m68k-elf/lib/m5206e\libc.a(lib_a-rand.o)
                0x4001e610                rand
                0x4001e5f8                srand
 *fill*         0x4001e662        0x2 00
 .text          0x4001e664       0x4e c:/nburn/gcc-m68k/bin/../lib/gcc/m68k-elf/4.2.1/../../../../m68k-elf/lib/m5206e\libc.a(lib_a-rget.o)
                0x4001e69e                __srget
                0x4001e664                __srget_r
 *fill*         0x4001e6b2        0x2 00
 .text          0x4001e6b4      0x1ee c:/nburn/gcc-m68k/bin/../lib/gcc/m68k-elf/4.2.1/../../../../m68k-elf/lib/m5206e\libc.a(lib_a-setvbuf.o)
                0x4001e6b4                setvbuf
 *fill*         0x4001e8a2        0x2 00
 .text          0x4001e8a4       0xba c:/nburn/gcc-m68k/bin/../lib/gcc/m68k-elf/4.2.1/../../../../m68k-elf/lib/m5206e\libc.a(lib_a-siprintf.o)
                0x4001e902                _siprintf_r
                0x4001e8a4                siprintf
 *fill*         0x4001e95e        0x2 00
 .text          0x4001e960       0xba c:/nburn/gcc-m68k/bin/../lib/gcc/m68k-elf/4.2.1/../../../../m68k-elf/lib/m5206e\libc.a(lib_a-sprintf.o)
                0x4001e9be                _sprintf_r
                0x4001e960                sprintf
 *fill*         0x4001ea1a        0x2 00
 .text          0x4001ea1c       0x1a c:/nburn/gcc-m68k/bin/../lib/gcc/m68k-elf/4.2.1/../../../../m68k-elf/lib/m5206e\libc.a(lib_a-strlen.o)
                0x4001ea1c                strlen
 *fill*         0x4001ea36        0x2 00
 .text          0x4001ea38     0x1280 c:/nburn/gcc-m68k/bin/../lib/gcc/m68k-elf/4.2.1/../../../../m68k-elf/lib/m5206e\libc.a(lib_a-vfiprintf.o)
                0x4001fc9a                vfiprintf
                0x4001ea7c                _vfiprintf_r
 .text          0x4001fcb8     0x1fac c:/nburn/gcc-m68k/bin/../lib/gcc/m68k-elf/4.2.1/../../../../m68k-elf/lib/m5206e\libc.a(lib_a-vfprintf.o)
                0x4001fcfc                _vfprintf_r
                0x40021c46                vfprintf
 .text          0x40021c64      0x124 c:/nburn/gcc-m68k/bin/../lib/gcc/m68k-elf/4.2.1/../../../../m68k-elf/lib/m5206e\libc.a(lib_a-wbuf.o)
                0x40021c64                __swbuf_r
                0x40021d6e                __swbuf
 .text          0x40021d88       0x7c c:/nburn/gcc-m68k/bin/../lib/gcc/m68k-elf/4.2.1/../../../../m68k-elf/lib/m5206e\libc.a(lib_a-wcrtomb.o)
                0x40021d88                _wcrtomb_r
                0x40021de8                wcrtomb
 .text          0x40021e04      0x130 c:/nburn/gcc-m68k/bin/../lib/gcc/m68k-elf/4.2.1/../../../../m68k-elf/lib/m5206e\libc.a(lib_a-wcsrtombs.o)
                0x40021e04                _wcsrtombs_r
                0x40021f12                wcsrtombs
 .text          0x40021f34      0x452 c:/nburn/gcc-m68k/bin/../lib/gcc/m68k-elf/4.2.1/../../../../m68k-elf/lib/m5206e\libc.a(lib_a-wctomb_r.o)
                0x40021f34                _wctomb_r
 *fill*         0x40022386        0x2 00
 .text          0x40022388      0x130 c:/nburn/gcc-m68k/bin/../lib/gcc/m68k-elf/4.2.1/../../../../m68k-elf/lib/m5206e\libc.a(lib_a-wsetup.o)
                0x40022388                __swsetup
 .text          0x400224b8       0xe8 c:/nburn/gcc-m68k/bin/../lib/gcc/m68k-elf/4.2.1/../../../../m68k-elf/lib/m5206e\libc.a(lib_a-__atexit.o)
                0x400224b8                __register_exitproc
 .text          0x400225a0     0x160a c:/nburn/gcc-m68k/bin/../lib/gcc/m68k-elf/4.2.1/../../../../m68k-elf/lib/m5206e\libc.a(lib_a-dtoa.o)
                0x40022752                _dtoa_r
 *fill*         0x40023baa        0x2 00
 .text          0x40023bac      0x198 c:/nburn/gcc-m68k/bin/../lib/gcc/m68k-elf/4.2.1/../../../../m68k-elf/lib/m5206e\libc.a(lib_a-fflush.o)
                0x40023bac                fflush
 .text          0x40023d44      0x25e c:/nburn/gcc-m68k/bin/../lib/gcc/m68k-elf/4.2.1/../../../../m68k-elf/lib/m5206e\libc.a(lib_a-findfp.o)
                0x40023d9e                __sinit
                0x40023e56                __sfmoreglue
                0x40023e44                _cleanup
                0x40023e2a                _cleanup_r
                0x40023ec4                __sfp
 *fill*         0x40023fa2        0x2 00
 .text          0x40023fa4      0x422 c:/nburn/gcc-m68k/bin/../lib/gcc/m68k-elf/4.2.1/../../../../m68k-elf/lib/m5206e\libc.a(lib_a-freer.o)
                0x40024094                _free_r
                0x40023fa4                _malloc_trim_r
 *fill*         0x400243c6        0x2 00
 .text          0x400243c8      0x37e c:/nburn/gcc-m68k/bin/../lib/gcc/m68k-elf/4.2.1/../../../../m68k-elf/lib/m5206e\libc.a(lib_a-fvwrite.o)
                0x400243c8                __sfvwrite_r
 *fill*         0x40024746        0x2 00
 .text          0x40024748       0xe4 c:/nburn/gcc-m68k/bin/../lib/gcc/m68k-elf/4.2.1/../../../../m68k-elf/lib/m5206e\libc.a(lib_a-fwalk.o)
                0x40024748                _fwalk
                0x400247b8                _fwalk_reent
 .text          0x4002482c       0xa6 c:/nburn/gcc-m68k/bin/../lib/gcc/m68k-elf/4.2.1/../../../../m68k-elf/lib/m5206e\libc.a(lib_a-locale.o)
                0x4002485a                _setlocale_r
                0x4002482c                __locale_charset
                0x4002483a                _localeconv_r
                0x400248ba                setlocale
                0x40024848                localeconv
 *fill*         0x400248d2        0x2 00
 .text          0x400248d4      0x178 c:/nburn/gcc-m68k/bin/../lib/gcc/m68k-elf/4.2.1/../../../../m68k-elf/lib/m5206e\libc.a(lib_a-makebuf.o)
                0x400248d4                __smakebuf
 .text          0x40024a4c       0xd2 c:/nburn/gcc-m68k/bin/../lib/gcc/m68k-elf/4.2.1/../../../../m68k-elf/lib/m5206e\libc.a(lib_a-memchr.o)
                0x40024a4c                memchr
 *fill*         0x40024b1e        0x2 00
 .text          0x40024b20       0xb6 c:/nburn/gcc-m68k/bin/../lib/gcc/m68k-elf/4.2.1/../../../../m68k-elf/lib/m5206e\libc.a(lib_a-memmove.o)
                0x40024b20                memmove
 *fill*         0x40024bd6        0x2 00
 .text          0x40024bd8      0xc78 c:/nburn/gcc-m68k/bin/../lib/gcc/m68k-elf/4.2.1/../../../../m68k-elf/lib/m5206e\libc.a(lib_a-mprec.o)
                0x40024f2c                _mprec_log10
                0x40024fe2                __any_on
                0x40025088                _Balloc
                0x40024e9a                __ratio
                0x400255b0                __i2b
                0x40024daa                __b2d
                0x40025778                __s2b
                0x40024cc8                __mcmp
                0x40024bd8                __hi0bits
                0x40025696                __pow5mult
                0x40025394                __lshift
                0x40025442                __multiply
                0x4002513e                __d2b
                0x40024f9e                __copybits
                0x40024d28                __ulp
                0x40025254                __mdiff
                0x40024c3c                __lo0bits
                0x400255d2                __multadd
                0x4002504e                _Bfree
 .text          0x40025850      0x502 c:/nburn/gcc-m68k/bin/../lib/gcc/m68k-elf/4.2.1/../../../../m68k-elf/lib/m5206e\libc.a(lib_a-reallocr.o)
                0x40025850                _realloc_r
 *fill*         0x40025d52        0x2 00
 .text          0x40025d54      0x21c c:/nburn/gcc-m68k/bin/../lib/gcc/m68k-elf/4.2.1/../../../../m68k-elf/lib/m5206e\libc.a(lib_a-refill.o)
                0x40025d78                __srefill_r
 .text          0x40025f70       0x42 c:/nburn/gcc-m68k/bin/../lib/gcc/m68k-elf/4.2.1/../../../../m68k-elf/lib/m5206e\libc.a(lib_a-s_isinfd.o)
                0x40025f70                __isinfd
 *fill*         0x40025fb2        0x2 00
 .text          0x40025fb4       0x34 c:/nburn/gcc-m68k/bin/../lib/gcc/m68k-elf/4.2.1/../../../../m68k-elf/lib/m5206e\libc.a(lib_a-s_isnand.o)
                0x40025fb4                __isnand
 .text          0x40025fe8      0x162 c:/nburn/gcc-m68k/bin/../lib/gcc/m68k-elf/4.2.1/../../../../m68k-elf/lib/m5206e\libc.a(lib_a-stdio.o)
                0x40026006                __sseek
                0x400260f8                __sread
                0x40025fe8                __sclose
                0x40026068                __swrite
 *fill*         0x4002614a        0x2 00
 .text          0x4002614c       0x70 c:/nburn/gcc-m68k/bin/../lib/gcc/m68k-elf/4.2.1/../../../../m68k-elf/lib/m5206e\libc.a(lib_a-strcmp.o)
                0x4002614c                strcmp
 .text          0x400261bc       0x3e c:/nburn/gcc-m68k/bin/../lib/gcc/m68k-elf/4.2.1/../../../../m68k-elf/lib/m5206e\libc.a(lib_a-writer.o)
                0x400261bc                _write_r
 *fill*         0x400261fa        0x2 00
 .text          0x400261fc       0x92 c:/nburn/gcc-m68k/bin/../lib/gcc/m68k-elf/4.2.1/../../../../m68k-elf/lib/m5206e\libc.a(lib_a-callocr.o)
                0x400261fc                _calloc_r
 *fill*         0x4002628e        0x2 00
 .text          0x40026290       0x32 c:/nburn/gcc-m68k/bin/../lib/gcc/m68k-elf/4.2.1/../../../../m68k-elf/lib/m5206e\libc.a(lib_a-closer.o)
                0x40026290                _close_r
 *fill*         0x400262c2        0x2 00
 .text          0x400262c4       0xfe c:/nburn/gcc-m68k/bin/../lib/gcc/m68k-elf/4.2.1/../../../../m68k-elf/lib/m5206e\libc.a(lib_a-fclose.o)
                0x400262c4                _fclose_r
                0x400263ac                fclose
 *fill*         0x400263c2        0x2 00
 .text          0x400263c4       0x36 c:/nburn/gcc-m68k/bin/../lib/gcc/m68k-elf/4.2.1/../../../../m68k-elf/lib/m5206e\libc.a(lib_a-fstatr.o)
                0x400263c4                _fstat_r
 *fill*         0x400263fa        0x2 00
 .text          0x400263fc       0x3e c:/nburn/gcc-m68k/bin/../lib/gcc/m68k-elf/4.2.1/../../../../m68k-elf/lib/m5206e\libc.a(lib_a-lseekr.o)
                0x400263fc                _lseek_r
 *fill*         0x4002643a        0x2 00
 .text          0x4002643c       0x3e c:/nburn/gcc-m68k/bin/../lib/gcc/m68k-elf/4.2.1/../../../../m68k-elf/lib/m5206e\libc.a(lib_a-readr.o)
                0x4002643c                _read_r
 *fill*         0x4002647a        0x2 00
 .text          0x4002647c       0x22 c:/nburn/gcc-m68k/bin/../lib/gcc/m68k-elf/4.2.1/m5206e\libgcc.a(_gtdf2.o)
                0x4002647c                __gtdf2
 *fill*         0x4002649e        0x2 00
 .text          0x400264a0       0x22 c:/nburn/gcc-m68k/bin/../lib/gcc/m68k-elf/4.2.1/m5206e\libgcc.a(_ltdf2.o)
                0x400264a0                __ltdf2
 *fill*         0x400264c2        0x2 00
 .text          0x400264c4       0x72 c:/nburn/gcc-m68k/bin/../lib/gcc/m68k-elf/4.2.1/m5206e\libgcc.a(_muldi3.o)
                0x400264c4                __muldi3
 *fill*         0x40026536        0x2 00
 .text          0x40026538      0x4f6 c:/nburn/gcc-m68k/bin/../lib/gcc/m68k-elf/4.2.1/m5206e\libgcc.a(_udivdi3.o)
                0x40026538                __udivdi3
 *fill*         0x40026a2e        0x2 00
 .text          0x40026a30      0x4f8 c:/nburn/gcc-m68k/bin/../lib/gcc/m68k-elf/4.2.1/m5206e\libgcc.a(_umoddi3.o)
                0x40026a30                __umoddi3
 .text          0x40026f28        0x0 c:/nburn/gcc-m68k/bin/../lib/gcc/m68k-elf/4.2.1/m5206e\libgcc.a(_clz.o)
 .text          0x40026f28       0x32 c:/nburn/gcc-m68k/bin/../lib/gcc/m68k-elf/4.2.1/m5206e/crtend.o
                0x40026f60                . = ALIGN (0x10)
 *fill*         0x40026f5a        0x6 00
 *(.text.*)
                0x40026f60                . = ALIGN (0x10)
 *(.eh_frame)
 .eh_frame      0x40026f60        0x0 c:/nburn/gcc-m68k/bin/../lib/gcc/m68k-elf/4.2.1/m5206e/crtbegin.o
 .eh_frame      0x40026f60       0x40 c:/nburn/gcc-m68k/bin/../lib/gcc/m68k-elf/4.2.1/m5206e\libgcc.a(_udivdi3.o)
 .eh_frame      0x40026fa0       0x2c c:/nburn/gcc-m68k/bin/../lib/gcc/m68k-elf/4.2.1/m5206e\libgcc.a(_umoddi3.o)
                                 0x40 (size before relaxing)
 .eh_frame      0x40026fcc        0x4 c:/nburn/gcc-m68k/bin/../lib/gcc/m68k-elf/4.2.1/m5206e/crtend.o
                0x40026fd0                . = ALIGN (0x10)
 *fill*         0x40026fd0        0x0 00
 *(.gnu.linkonce.t.*)
                0x40026fd0                . = ALIGN (0x4)
                0x40026fd0                __CTOR_LIST__ = .
 *(.ctors)
 .ctors         0x40026fd0        0x4 c:/nburn/gcc-m68k/bin/../lib/gcc/m68k-elf/4.2.1/m5206e/crtbegin.o
 .ctors         0x40026fd4        0x4 C:\nburn/lib/MOD5441X.a(serial.o)
 .ctors         0x40026fd8        0x4 C:\nburn/lib/MOD5441X.a(HiResTimer.o)
 .ctors         0x40026fdc        0x4 C:\nburn/lib/NetBurner.a(ip.o)
 .ctors         0x40026fe0        0x4 C:\nburn/lib/NetBurner.a(buffers.o)
 .ctors         0x40026fe4        0x4 C:\nburn/lib/NetBurner.a(tcp.o)
 .ctors         0x40026fe8        0x4 c:/nburn/gcc-m68k/bin/../lib/gcc/m68k-elf/4.2.1/m5206e/crtend.o
                0x40026fec                __CTOR_END__ = .
                0x40026fec        0x4 LONG 0x0
                0x40026ff0                __CTOR_END__ = .
                0x40026ff0                __DTOR_LIST__ = .
                0x40026ff0                ___DTOR_LIST__ = .
                0x40026ff0        0x4 LONG 0x2 (((__DTOR_END__ - __DTOR_LIST__) / 0x4) - 0x2)
 *(.dtors)
 .dtors         0x40026ff4        0x4 c:/nburn/gcc-m68k/bin/../lib/gcc/m68k-elf/4.2.1/m5206e/crtbegin.o
 .dtors         0x40026ff8        0x4 c:/nburn/gcc-m68k/bin/../lib/gcc/m68k-elf/4.2.1/m5206e/crtend.o
                0x40026ffc        0x4 LONG 0x0
                0x40027000                __DTOR_END__ = .
 *(.rodata)
 .rodata        0x40027000       0x50 C:\nburn/lib/MOD5441X.a(serial.o)
 .rodata        0x40027050      0x108 C:\nburn/lib/NetBurner.a(ucos.o)
                0x40027058                FAKE_OSUnMapTbl
                0x40027050                FAKE_OSMapTbl
 .rodata        0x40027158       0xb8 C:\nburn/lib/NetBurner.a(utils.o)
 .rodata        0x40027210        0x4 C:\nburn/lib/NetBurner.a(buffers.o)
 .rodata        0x40027214        0x2 C:\nburn/lib/NetBurner.a(udp.o)
 .rodata        0x40027216        0xd C:\nburn/lib/NetBurner.a(tcp.o)
 *fill*         0x40027223        0x1 00
 .rodata        0x40027224      0x400 C:\nburn/lib/MOD5441X.a(emulticast.o)
 .rodata        0x40027624        0x4 c:/nburn/gcc-m68k/bin/../lib/gcc/m68k-elf/4.2.1/../../../../m68k-elf/lib/m5206e\libc.a(lib_a-impure.o)
                0x40027624                _global_impure_ptr
 .rodata        0x40027628       0x20 c:/nburn/gcc-m68k/bin/../lib/gcc/m68k-elf/4.2.1/../../../../m68k-elf/lib/m5206e\libc.a(lib_a-vfiprintf.o)
 .rodata        0x40027648       0x20 c:/nburn/gcc-m68k/bin/../lib/gcc/m68k-elf/4.2.1/../../../../m68k-elf/lib/m5206e\libc.a(lib_a-vfprintf.o)
 .rodata        0x40027668       0x34 c:/nburn/gcc-m68k/bin/../lib/gcc/m68k-elf/4.2.1/../../../../m68k-elf/lib/m5206e\libc.a(lib_a-locale.o)
 .rodata        0x4002769c      0x124 c:/nburn/gcc-m68k/bin/../lib/gcc/m68k-elf/4.2.1/../../../../m68k-elf/lib/m5206e\libc.a(lib_a-mprec.o)
                0x4002778c                __mprec_tinytens
                0x4002769c                __mprec_tens
                0x40027764                __mprec_bigtens
 .rodata        0x400277c0      0x100 c:/nburn/gcc-m68k/bin/../lib/gcc/m68k-elf/4.2.1/m5206e\libgcc.a(_clz.o)
                0x400277c0                __clz_tab
 *(.rodata.*)
 .rodata.str1.1
                0x400278c0        0x9 C:\nburn/lib/MOD5441X.a(bsp.o)
 .rodata.str1.1
                0x400278c9      0x15a C:\nburn/lib/MOD5441X.a(serial.o)
 .rodata.str1.1
                0x40027a23       0xcf C:\nburn/lib/MOD5441X.a(HiResTimer.o)
 .rodata.str1.1
                0x40027af2        0x5 C:\nburn/lib/NetBurner.a(ucos.o)
 .rodata.str1.1
                0x40027af7        0x3 C:\nburn/lib/NetBurner.a(fileio.o)
                                  0x6 (size before relaxing)
 .rodata.str1.1
                0x40027afa       0xc9 C:\nburn/lib/NetBurner.a(system.o)
                                 0xcd (size before relaxing)
 .rodata.str1.1
                0x40027bc3        0x5 C:\nburn/lib/NetBurner.a(main.o)
 .rodata.str1.1
                0x40027bc8      0x179 C:\nburn/lib/NetBurner.a(utils.o)
                                0x17b (size before relaxing)
 .rodata.str1.1
                0x40027d41      0x212 C:\nburn/lib/NetBurner.a(ip.o)
                                0x217 (size before relaxing)
 .rodata.str1.1
                0x40027f53       0x68 C:\nburn/lib/NetBurner.a(buffers.o)
                                 0x70 (size before relaxing)
 .rodata.str1.1
                0x40027fbb       0x50 C:\nburn/lib/NetBurner.a(arp.o)
 .rodata.str1.1
                0x4002800b       0x18 C:\nburn/lib/NetBurner.a(udp.o)
 .rodata.str1.1
                0x40028023      0x38f C:\nburn/lib/NetBurner.a(tcp.o)
                                0x392 (size before relaxing)
 .rodata.str1.1
                0x400283b2        0x8 C:\nburn/lib/NetBurner.a(defappname.o)
 .rodata.str1.1
                0x400283ba       0xa4 C:\nburn/lib/NetBurner.a(taskmon.o)
                                 0xa7 (size before relaxing)
 .rodata.str1.1
                0x4002845e      0x4f9 C:\nburn/lib/NetBurner.a(smarttrap.o)
                                0x540 (size before relaxing)
 .rodata.str1.1
                0x40028957        0xe C:\nburn/lib/MOD5441X.a(ethernet.o)
 .rodata.str1.1
                0x40028965      0x452 C:\nburn/lib/MOD5441X.a(etherprint.o)
                                0x46c (size before relaxing)
 .rodata.str1.1
                0x40028db7        0x2 c:/nburn/gcc-m68k/bin/../lib/gcc/m68k-elf/4.2.1/../../../../m68k-elf/lib/m5206e\libc.a(lib_a-impure.o)
 .rodata.str1.1
                0x00000000        0x2 c:/nburn/gcc-m68k/bin/../lib/gcc/m68k-elf/4.2.1/../../../../m68k-elf/lib/m5206e\libc.a(lib_a-puts.o)
 .rodata.str1.1
                0x40028db9       0x43 c:/nburn/gcc-m68k/bin/../lib/gcc/m68k-elf/4.2.1/../../../../m68k-elf/lib/m5206e\libc.a(lib_a-vfiprintf.o)
 .rodata.str1.1
                0x40028dfc       0x10 c:/nburn/gcc-m68k/bin/../lib/gcc/m68k-elf/4.2.1/../../../../m68k-elf/lib/m5206e\libc.a(lib_a-vfprintf.o)
                                 0x57 (size before relaxing)
 .rodata.str1.1
                0x40028e0c       0x1d c:/nburn/gcc-m68k/bin/../lib/gcc/m68k-elf/4.2.1/../../../../m68k-elf/lib/m5206e\libc.a(lib_a-wctomb_r.o)
 .rodata.str1.1
                0x40028e29        0xd c:/nburn/gcc-m68k/bin/../lib/gcc/m68k-elf/4.2.1/../../../../m68k-elf/lib/m5206e\libc.a(lib_a-dtoa.o)
                                  0xf (size before relaxing)
 .rodata.str1.1
                0x40028e36        0xb c:/nburn/gcc-m68k/bin/../lib/gcc/m68k-elf/4.2.1/../../../../m68k-elf/lib/m5206e\libc.a(lib_a-locale.o)
                                 0x10 (size before relaxing)
 *(.gnu.linkonce.*)
 *(.gcc_except_table)
                0x40028e44                . = ALIGN (0x4)
 *fill*         0x40028e41        0x3 00
                0x40028e44                __INIT_SECTION__ = .
                0x40028e44        0x4 LONG 0x4e560000
 *(.init)
 .init          0x40028e48        0x6 c:/nburn/gcc-m68k/bin/../lib/gcc/m68k-elf/4.2.1/m5206e/crtbegin.o
 .init          0x40028e4e        0x6 c:/nburn/gcc-m68k/bin/../lib/gcc/m68k-elf/4.2.1/m5206e/crtend.o
                0x40028e54        0x2 SHORT 0x4e5e
                0x40028e56        0x2 SHORT 0x4e75
                0x40028e58                . = ALIGN (0x4)
                0x40028e58                __FINI_SECTION__ = .
                0x40028e58        0x4 LONG 0x4e560000
 *(.fini)
 .fini          0x40028e5c        0x6 c:/nburn/gcc-m68k/bin/../lib/gcc/m68k-elf/4.2.1/m5206e/crtbegin.o
                0x40028e62        0x2 SHORT 0x4e5e
                0x40028e64        0x2 SHORT 0x4e75
 *(.lit)
                0x40028e70                . = ALIGN (0x10)
 *fill*         0x40028e66        0xa 00
                0x40028e70                _etext = .
                0x40028e70                etext = .

.data           0x40028e70      0x850
                0x40028e70                copy_start = .
 *(.shdata)
 *(.data)
 .data          0x40028e70        0x4 c:/nburn/gcc-m68k/bin/../lib/gcc/m68k-elf/4.2.1/../../../../m68k-elf/lib/m5206e\nb-crt0.o
 .data          0x40028e74        0x8 c:/nburn/gcc-m68k/bin/../lib/gcc/m68k-elf/4.2.1/m5206e/crtbegin.o
                0x40028e74                __dso_handle
 .data          0x40028e7c        0x0 NB1_v9.o
 .data          0x40028e7c        0x4 C:\nburn/lib/MOD5441X.a(bsp.o)
                0x40028e7c                PlatformName
 .data          0x40028e80        0x0 C:\nburn/lib/MOD5441X.a(serial.o)
 .data          0x40028e80        0x0 C:\nburn/lib/MOD5441X.a(pins.o)
 .data          0x40028e80        0x0 C:\nburn/lib/MOD5441X.a(HiResTimer.o)
 .data          0x40028e80        0x1 C:\nburn/lib/MOD5441X.a(dspi.o)
 *fill*         0x40028e81        0x3 00
 .data          0x40028e84        0x0 C:\nburn/lib/MOD5441X.a(localio.o)
 .data          0x40028e84        0x0 C:\nburn/lib/NetBurner.a(ucosmcfa.o)
 .data          0x40028e84        0x0 C:\nburn/lib/NetBurner.a(software_init.o)
 .data          0x40028e84        0x0 C:\nburn/lib/NetBurner.a(ucos.o)
 .data          0x40028e84        0x0 C:\nburn/lib/NetBurner.a(ucosmain.o)
 .data          0x40028e84        0x0 C:\nburn/lib/NetBurner.a(fileio.o)
 .data          0x40028e84        0x0 C:\nburn/lib/NetBurner.a(system.o)
 .data          0x40028e84        0x0 C:\nburn/lib/NetBurner.a(main.o)
 .data          0x40028e84        0x0 C:\nburn/lib/NetBurner.a(utils.o)
 .data          0x40028e84        0x0 C:\nburn/lib/NetBurner.a(ip.o)
 .data          0x40028e84        0x0 C:\nburn/lib/NetBurner.a(buffers.o)
 .data          0x40028e84        0x0 C:\nburn/lib/NetBurner.a(arp.o)
 .data          0x40028e84        0x0 C:\nburn/lib/NetBurner.a(udp.o)
 .data          0x40028e84        0x0 C:\nburn/lib/NetBurner.a(tcp.o)
 .data          0x40028e84        0x0 C:\nburn/lib/NetBurner.a(extraio.o)
 .data          0x40028e84        0x0 C:\nburn/lib/NetBurner.a(iosys.o)
 .data          0x40028e84        0x0 C:\nburn/lib/NetBurner.a(autoip.o)
 .data          0x40028e84        0x4 C:\nburn/lib/NetBurner.a(defappname.o)
                0x40028e84                AppName
 .data          0x40028e88        0x0 C:\nburn/lib/NetBurner.a(netinterface.o)
 .data          0x40028e88        0x0 C:\nburn/lib/NetBurner.a(taskmon.o)
 .data          0x40028e88        0x0 C:\nburn/lib/NetBurner.a(smarttrap.o)
 .data          0x40028e88        0x0 C:\nburn/lib/NetBurner.a(autoupdate.o)
 .data          0x40028e88        0x0 C:\nburn/lib/NetBurner.a(device.o)
 .data          0x40028e88        0x0 C:\nburn/lib/NetBurner.a(ucosmcfc.o)
 .data          0x40028e88        0x0 C:\nburn/lib/NetBurner.a(new_ops.o)
 .data          0x40028e88        0x0 C:\nburn/lib/MOD5441X.a(flash.o)
 .data          0x40028e88        0x4 C:\nburn/lib/MOD5441X.a(ethernet.o)
                0x40028e88                AutoNeg
                0x40028e8a                wait
 .data          0x40028e8c        0x0 C:\nburn/lib/MOD5441X.a(etherprint.o)
 .data          0x40028e8c        0x0 C:\nburn/lib/MOD5441X.a(emulticast.o)
 .data          0x40028e8c        0x0 C:\nburn/lib/NetBurner.a(netrx.o)
 .data          0x40028e8c        0x0 c:/nburn/gcc-m68k/bin/../lib/gcc/m68k-elf/4.2.1/m5206e\libgcc.a(_double.o)
 .data          0x40028e8c       0x1c c:/nburn/gcc-m68k/bin/../lib/gcc/m68k-elf/4.2.1/m5206e\libgcc.a(_floatex.o)
                0x40028e8c                _fpCCR
 .data          0x40028ea8        0x0 c:/nburn/gcc-m68k/bin/../lib/gcc/m68k-elf/4.2.1/m5206e\libgcc.a(_eqdf2.o)
 .data          0x40028ea8        0x0 c:/nburn/gcc-m68k/bin/../lib/gcc/m68k-elf/4.2.1/m5206e\libgcc.a(_nedf2.o)
 .data          0x40028ea8        0x0 c:/nburn/gcc-m68k/bin/../lib/gcc/m68k-elf/4.2.1/m5206e\libgcc.a(_fixunsdfsi.o)
 .data          0x40028ea8        0x0 c:/nburn/gcc-m68k/bin/../lib/gcc/m68k-elf/4.2.1/m5206e\libgcc.a(fpgnulib.o)
 .data          0x40028ea8        0x0 c:/nburn/gcc-m68k/bin/../lib/gcc/m68k-elf/4.2.1/m5206e\libgcc.a(_gedf2.o)
 .data          0x40028ea8        0x0 c:/nburn/gcc-m68k/bin/../lib/gcc/m68k-elf/4.2.1/../../../../m68k-elf/lib/m5206e\libc.a(lib_a-cxa_atexit.o)
 .data          0x40028ea8        0x0 c:/nburn/gcc-m68k/bin/../lib/gcc/m68k-elf/4.2.1/../../../../m68k-elf/lib/m5206e\libc.a(lib_a-errno.o)
 .data          0x40028ea8        0x0 c:/nburn/gcc-m68k/bin/../lib/gcc/m68k-elf/4.2.1/../../../../m68k-elf/lib/m5206e\libc.a(lib_a-fiprintf.o)
 .data          0x40028ea8      0x3f6 c:/nburn/gcc-m68k/bin/../lib/gcc/m68k-elf/4.2.1/../../../../m68k-elf/lib/m5206e\libc.a(lib_a-impure.o)
                0x40028ea8                _impure_ptr
 *fill*         0x4002929e        0x2 00
 .data          0x400292a0        0x0 c:/nburn/gcc-m68k/bin/../lib/gcc/m68k-elf/4.2.1/../../../../m68k-elf/lib/m5206e\libc.a(lib_a-iprintf.o)
 .data          0x400292a0        0x0 c:/nburn/gcc-m68k/bin/../lib/gcc/m68k-elf/4.2.1/../../../../m68k-elf/lib/m5206e\libc.a(lib_a-malloc.o)
 .data          0x400292a0      0x410 c:/nburn/gcc-m68k/bin/../lib/gcc/m68k-elf/4.2.1/../../../../m68k-elf/lib/m5206e\libc.a(lib_a-mallocr.o)
                0x400296ac                __malloc_sbrk_base
                0x400292a0                __malloc_av_
                0x400296a8                __malloc_trim_threshold
 .data          0x400296b0        0x0 c:/nburn/gcc-m68k/bin/../lib/gcc/m68k-elf/4.2.1/../../../../m68k-elf/lib/m5206e\libc.a(lib_a-puts.o)
 .data          0x400296b0        0x0 c:/nburn/gcc-m68k/bin/../lib/gcc/m68k-elf/4.2.1/../../../../m68k-elf/lib/m5206e\libc.a(lib_a-rand.o)
 .data          0x400296b0        0x0 c:/nburn/gcc-m68k/bin/../lib/gcc/m68k-elf/4.2.1/../../../../m68k-elf/lib/m5206e\libc.a(lib_a-rget.o)
 .data          0x400296b0        0x0 c:/nburn/gcc-m68k/bin/../lib/gcc/m68k-elf/4.2.1/../../../../m68k-elf/lib/m5206e\libc.a(lib_a-setvbuf.o)
 .data          0x400296b0        0x0 c:/nburn/gcc-m68k/bin/../lib/gcc/m68k-elf/4.2.1/../../../../m68k-elf/lib/m5206e\libc.a(lib_a-siprintf.o)
 .data          0x400296b0        0x0 c:/nburn/gcc-m68k/bin/../lib/gcc/m68k-elf/4.2.1/../../../../m68k-elf/lib/m5206e\libc.a(lib_a-sprintf.o)
 .data          0x400296b0        0x0 c:/nburn/gcc-m68k/bin/../lib/gcc/m68k-elf/4.2.1/../../../../m68k-elf/lib/m5206e\libc.a(lib_a-strlen.o)
 .data          0x400296b0        0x0 c:/nburn/gcc-m68k/bin/../lib/gcc/m68k-elf/4.2.1/../../../../m68k-elf/lib/m5206e\libc.a(lib_a-vfiprintf.o)
 .data          0x400296b0        0x0 c:/nburn/gcc-m68k/bin/../lib/gcc/m68k-elf/4.2.1/../../../../m68k-elf/lib/m5206e\libc.a(lib_a-vfprintf.o)
 .data          0x400296b0        0x0 c:/nburn/gcc-m68k/bin/../lib/gcc/m68k-elf/4.2.1/../../../../m68k-elf/lib/m5206e\libc.a(lib_a-wbuf.o)
 .data          0x400296b0        0x0 c:/nburn/gcc-m68k/bin/../lib/gcc/m68k-elf/4.2.1/../../../../m68k-elf/lib/m5206e\libc.a(lib_a-wcrtomb.o)
 .data          0x400296b0        0x0 c:/nburn/gcc-m68k/bin/../lib/gcc/m68k-elf/4.2.1/../../../../m68k-elf/lib/m5206e\libc.a(lib_a-wcsrtombs.o)
 .data          0x400296b0        0x0 c:/nburn/gcc-m68k/bin/../lib/gcc/m68k-elf/4.2.1/../../../../m68k-elf/lib/m5206e\libc.a(lib_a-wctomb_r.o)
 .data          0x400296b0        0x0 c:/nburn/gcc-m68k/bin/../lib/gcc/m68k-elf/4.2.1/../../../../m68k-elf/lib/m5206e\libc.a(lib_a-wsetup.o)
 .data          0x400296b0        0x0 c:/nburn/gcc-m68k/bin/../lib/gcc/m68k-elf/4.2.1/../../../../m68k-elf/lib/m5206e\libc.a(lib_a-__atexit.o)
 .data          0x400296b0        0x0 c:/nburn/gcc-m68k/bin/../lib/gcc/m68k-elf/4.2.1/../../../../m68k-elf/lib/m5206e\libc.a(lib_a-dtoa.o)
 .data          0x400296b0        0x0 c:/nburn/gcc-m68k/bin/../lib/gcc/m68k-elf/4.2.1/../../../../m68k-elf/lib/m5206e\libc.a(lib_a-fflush.o)
 .data          0x400296b0        0x0 c:/nburn/gcc-m68k/bin/../lib/gcc/m68k-elf/4.2.1/../../../../m68k-elf/lib/m5206e\libc.a(lib_a-findfp.o)
 .data          0x400296b0        0x0 c:/nburn/gcc-m68k/bin/../lib/gcc/m68k-elf/4.2.1/../../../../m68k-elf/lib/m5206e\libc.a(lib_a-freer.o)
 .data          0x400296b0        0x0 c:/nburn/gcc-m68k/bin/../lib/gcc/m68k-elf/4.2.1/../../../../m68k-elf/lib/m5206e\libc.a(lib_a-fvwrite.o)
 .data          0x400296b0        0x0 c:/nburn/gcc-m68k/bin/../lib/gcc/m68k-elf/4.2.1/../../../../m68k-elf/lib/m5206e\libc.a(lib_a-fwalk.o)
 .data          0x400296b0       0x10 c:/nburn/gcc-m68k/bin/../lib/gcc/m68k-elf/4.2.1/../../../../m68k-elf/lib/m5206e\libc.a(lib_a-locale.o)
                0x400296b0                __mb_cur_max
                0x400296b4                __lc_ctype
 .data          0x400296c0        0x0 c:/nburn/gcc-m68k/bin/../lib/gcc/m68k-elf/4.2.1/../../../../m68k-elf/lib/m5206e\libc.a(lib_a-makebuf.o)
 .data          0x400296c0        0x0 c:/nburn/gcc-m68k/bin/../lib/gcc/m68k-elf/4.2.1/../../../../m68k-elf/lib/m5206e\libc.a(lib_a-memchr.o)
 .data          0x400296c0        0x0 c:/nburn/gcc-m68k/bin/../lib/gcc/m68k-elf/4.2.1/../../../../m68k-elf/lib/m5206e\libc.a(lib_a-memmove.o)
 .data          0x400296c0        0x0 c:/nburn/gcc-m68k/bin/../lib/gcc/m68k-elf/4.2.1/../../../../m68k-elf/lib/m5206e\libc.a(lib_a-mprec.o)
 .data          0x400296c0        0x0 c:/nburn/gcc-m68k/bin/../lib/gcc/m68k-elf/4.2.1/../../../../m68k-elf/lib/m5206e\libc.a(lib_a-reallocr.o)
 .data          0x400296c0        0x0 c:/nburn/gcc-m68k/bin/../lib/gcc/m68k-elf/4.2.1/../../../../m68k-elf/lib/m5206e\libc.a(lib_a-refill.o)
 .data          0x400296c0        0x0 c:/nburn/gcc-m68k/bin/../lib/gcc/m68k-elf/4.2.1/../../../../m68k-elf/lib/m5206e\libc.a(lib_a-s_isinfd.o)
 .data          0x400296c0        0x0 c:/nburn/gcc-m68k/bin/../lib/gcc/m68k-elf/4.2.1/../../../../m68k-elf/lib/m5206e\libc.a(lib_a-s_isnand.o)
 .data          0x400296c0        0x0 c:/nburn/gcc-m68k/bin/../lib/gcc/m68k-elf/4.2.1/../../../../m68k-elf/lib/m5206e\libc.a(lib_a-stdio.o)
 .data          0x400296c0        0x0 c:/nburn/gcc-m68k/bin/../lib/gcc/m68k-elf/4.2.1/../../../../m68k-elf/lib/m5206e\libc.a(lib_a-strcmp.o)
 .data          0x400296c0        0x0 c:/nburn/gcc-m68k/bin/../lib/gcc/m68k-elf/4.2.1/../../../../m68k-elf/lib/m5206e\libc.a(lib_a-writer.o)
 .data          0x400296c0        0x0 c:/nburn/gcc-m68k/bin/../lib/gcc/m68k-elf/4.2.1/../../../../m68k-elf/lib/m5206e\libc.a(lib_a-callocr.o)
 .data          0x400296c0        0x0 c:/nburn/gcc-m68k/bin/../lib/gcc/m68k-elf/4.2.1/../../../../m68k-elf/lib/m5206e\libc.a(lib_a-closer.o)
 .data          0x400296c0        0x0 c:/nburn/gcc-m68k/bin/../lib/gcc/m68k-elf/4.2.1/../../../../m68k-elf/lib/m5206e\libc.a(lib_a-fclose.o)
 .data          0x400296c0        0x0 c:/nburn/gcc-m68k/bin/../lib/gcc/m68k-elf/4.2.1/../../../../m68k-elf/lib/m5206e\libc.a(lib_a-fstatr.o)
 .data          0x400296c0        0x0 c:/nburn/gcc-m68k/bin/../lib/gcc/m68k-elf/4.2.1/../../../../m68k-elf/lib/m5206e\libc.a(lib_a-lseekr.o)
 .data          0x400296c0        0x0 c:/nburn/gcc-m68k/bin/../lib/gcc/m68k-elf/4.2.1/../../../../m68k-elf/lib/m5206e\libc.a(lib_a-readr.o)
 .data          0x400296c0        0x0 c:/nburn/gcc-m68k/bin/../lib/gcc/m68k-elf/4.2.1/m5206e\libgcc.a(_gtdf2.o)
 .data          0x400296c0        0x0 c:/nburn/gcc-m68k/bin/../lib/gcc/m68k-elf/4.2.1/m5206e\libgcc.a(_ltdf2.o)
 .data          0x400296c0        0x0 c:/nburn/gcc-m68k/bin/../lib/gcc/m68k-elf/4.2.1/m5206e\libgcc.a(_muldi3.o)
 .data          0x400296c0        0x0 c:/nburn/gcc-m68k/bin/../lib/gcc/m68k-elf/4.2.1/m5206e\libgcc.a(_udivdi3.o)
 .data          0x400296c0        0x0 c:/nburn/gcc-m68k/bin/../lib/gcc/m68k-elf/4.2.1/m5206e\libgcc.a(_umoddi3.o)
 .data          0x400296c0        0x0 c:/nburn/gcc-m68k/bin/../lib/gcc/m68k-elf/4.2.1/m5206e\libgcc.a(_clz.o)
 .data          0x400296c0        0x0 c:/nburn/gcc-m68k/bin/../lib/gcc/m68k-elf/4.2.1/m5206e/crtend.o
                0x400296c0                . = ALIGN (0x10)
                0x400296c0                _edata = .
                0x400296c0                copy_end = .

.jcr            0x400296c0        0x4
 .jcr           0x400296c0        0x0 c:/nburn/gcc-m68k/bin/../lib/gcc/m68k-elf/4.2.1/m5206e/crtbegin.o
 .jcr           0x400296c0        0x4 c:/nburn/gcc-m68k/bin/../lib/gcc/m68k-elf/4.2.1/m5206e/crtend.o

.bss            0x400296d0    0x735d4
                0x400296d0                . = ALIGN (0x4)
                0x400296d0                __bss_start = .
 *(.shbss)
 *(.bss)
 .bss           0x400296d0        0x0 c:/nburn/gcc-m68k/bin/../lib/gcc/m68k-elf/4.2.1/../../../../m68k-elf/lib/m5206e\nb-crt0.o
 .bss           0x400296d0       0x1a c:/nburn/gcc-m68k/bin/../lib/gcc/m68k-elf/4.2.1/m5206e/crtbegin.o
 *fill*         0x400296ea        0x2 00
 .bss           0x400296ec        0xa NB1_v9.o
                0x400296ec                pause
                0x400296f2                FiftyHzTaskFlag
                0x400296ee                timer1
 *fill*         0x400296f6        0x2 00
 .bss           0x400296f8        0x0 C:\nburn/lib/MOD5441X.a(bsp.o)
 .bss           0x400296f8      0x469 C:\nburn/lib/MOD5441X.a(serial.o)
                0x40029a04                Serial_Ioexp
                0x40029720                UartData
                0x40029a14                serisrcnt
                0x40029a1c                serisrtcnt
                0x40029a18                serisrrcnt
                0x40029a34                p2
                0x40029a2c                serisrtxcx
                0x40029a24                LastGCChan
                0x40029a30                p1
                0x40029a28                serisrtxc
                0x40029a20                LastIsrChan
                0x400296f8                Uarts
 *fill*         0x40029b61        0x3 00
 .bss           0x40029b64        0x2 C:\nburn/lib/MOD5441X.a(pins.o)
                0x40029b65                J2
                0x40029b64                J1
 *fill*         0x40029b66        0x2 00
 .bss           0x40029b68      0x100 C:\nburn/lib/MOD5441X.a(HiResTimer.o)
 .bss           0x40029c68        0x0 C:\nburn/lib/MOD5441X.a(dspi.o)
 .bss           0x40029c68        0x0 C:\nburn/lib/MOD5441X.a(localio.o)
 .bss           0x40029c68        0x0 C:\nburn/lib/NetBurner.a(ucosmcfa.o)
 .bss           0x40029c68        0x0 C:\nburn/lib/NetBurner.a(software_init.o)
 .bss           0x40029c68        0x0 C:\nburn/lib/NetBurner.a(ucos.o)
 .bss           0x40029c68        0x4 C:\nburn/lib/NetBurner.a(ucosmain.o)
 .bss           0x40029c6c        0x0 C:\nburn/lib/NetBurner.a(fileio.o)
 .bss           0x40029c6c        0x4 C:\nburn/lib/NetBurner.a(system.o)
                0x40029c6c                rnd_cnt
 .bss           0x40029c70        0x0 C:\nburn/lib/NetBurner.a(main.o)
 .bss           0x40029c70       0x56 C:\nburn/lib/NetBurner.a(utils.o)
                0x40029c76                frames_rx_err
                0x40029c86                frames_rx_icmp
                0x40029c94                enet_last_errhw
                0x40029c7c                frames_tx_udp
                0x40029c70                frames_tx
                0x40029c84                frames_tx_icmp
                0x40029c82                frames_rx_tcp
                0x40029c92                enet_last_errlw
                0x40029c7a                frames_tx_arp
                0x40029c72                frames_rx
                0x40029c90                frames_rx_ppp_errors
                0x40029c96                ip_last_err
                0x40029c9a                frames_rx_unknown
                0x40029c7e                frames_rx_udp